../Core/Src/Components/BrushServo.cpp:22:1:BrushServo::BrushServo()	16	static
../Core/Src/Components/BrushServo.cpp:27:1:BrushServo::~BrushServo()	16	static
../Core/Src/Components/BrushServo.cpp:27:1:virtual BrushServo::~BrushServo()	16	static
../Core/Src/Components/BrushServo.cpp:32:20:void __tcf_0()	8	static
../Core/Src/Components/BrushServo.cpp:31:13:static BrushServo* BrushServo::getInstance()	8	static
../Core/Src/Components/BrushServo.cpp:36:9:int32_t BrushServo::init()	16	static
../Core/Src/Components/BrushServo.cpp:47:6:void BrushServo::controlCallback()	56	static
../Core/Src/Components/BrushServo.cpp:78:6:static void BrushServo::UartTxCpltCallbackStatic(UART_HandleTypeDef*)	16	static
../Core/Src/Components/BrushServo.cpp:82:6:static void BrushServo::UartRxCpltCallbackStatic(UART_HandleTypeDef*)	16	static
../Core/Src/Components/BrushServo.cpp:86:6:static void BrushServo::UartRxEventCallbackStatic(UART_HandleTypeDef*, uint16_t)	40	static,ignoring_inline_asm
../Core/Src/Components/BrushServo.cpp:95:6:static void BrushServo::UartErrorCallbackStatic(UART_HandleTypeDef*)	32	static
../Core/Src/Components/BrushServo.cpp:99:6:void BrushServo::UartTxCpltCallback()	16	static
../Core/Src/Components/BrushServo.cpp:103:6:void BrushServo::UartRxCpltCallback()	32	static
../Core/Src/Components/BrushServo.cpp:160:6:void BrushServo::initUart()	16	static
../Core/Src/Components/BrushServo.cpp:170:6:void BrushServo::initControl()	24	static
../Core/Src/Components/BrushServo.cpp:174:6:void BrushServo::initRam()	16	static
../Core/Src/Components/BrushServo.cpp:280:6:void BrushServo::instructionWrite()	32	static
../Core/Src/Components/BrushServo.cpp:286:1:void __static_initialization_and_destruction_0(int, int)	24	static
../Core/Src/Components/BrushServo.cpp:286:1:cpp)	8	static
../Core/Src/Components/BrushServo.cpp:286:1:cpp)	8	static
