../Core/Src/Cpp/Start.cpp:23:6:void HAL_UART_TxCpltCallback(UART_HandleTypeDef*)	16	static
../Core/Src/Cpp/Start.cpp:29:6:void HAL_ADC_ConvCpltCallback(ADC_HandleTypeDef*)	16	static
../Core/Src/Cpp/Start.cpp:34:6:void HAL_TIM_PeriodElapsedCallback(TIM_HandleTypeDef*)	16	static
../Core/Src/Cpp/Start.cpp:40:6:void Start()	8	static
../Core/Src/Cpp/Start.cpp:50:1:void __static_initialization_and_destruction_0(int, int)	32	static
../Core/Src/Cpp/Start.cpp:50:1:cpp)	8	static
../Core/Src/Cpp/Start.cpp:50:1:cpp)	8	static
