../Core/Src/main.c:80:5:main	8	static
../Core/Src/main.c:130:6:SystemClock_Config	88	static
../Core/Src/main.c:177:13:MX_ADC1_Init	24	static
../Core/Src/main.c:272:13:MX_LPUART1_UART_Init	8	static
../Core/Src/main.c:322:13:MX_TIM1_Init	120	static
../Core/Src/main.c:408:13:MX_TIM2_Init	40	static
../Core/Src/main.c:453:13:MX_TIM6_Init	24	static
../Core/Src/main.c:489:13:MX_DMA_Init	16	static
../Core/Src/main.c:510:13:MX_GPIO_Init	48	static
../Core/Src/main.c:547:6:HAL_TIM_PeriodElapsedCallback	16	static
../Core/Src/main.c:564:6:Error_Handler	8	static,ignoring_inline_asm
