Archive member included to satisfy reference by file (symbol)

c:/st/stm32cubeide_1.10.1/stm32cubeide/plugins/com.st.stm32cube.ide.mcu.externaltools.gnu-tools-for-stm32.10.3-2021.10.win32_1.0.0.202111181127/tools/bin/../lib/gcc/arm-none-eabi/10.3.1/../../../../arm-none-eabi/lib/thumb/v7-m/nofp\libstdc++_nano.a(del_ops.o)
                              ./Core/Src/Cpp/StaticFIFO.o (operator delete(void*, unsigned int))
c:/st/stm32cubeide_1.10.1/stm32cubeide/plugins/com.st.stm32cube.ide.mcu.externaltools.gnu-tools-for-stm32.10.3-2021.10.win32_1.0.0.202111181127/tools/bin/../lib/gcc/arm-none-eabi/10.3.1/../../../../arm-none-eabi/lib/thumb/v7-m/nofp\libstdc++_nano.a(new_op.o)
                              ./Core/Src/Cpp/SerialDebug.o (operator new(unsigned int))
c:/st/stm32cubeide_1.10.1/stm32cubeide/plugins/com.st.stm32cube.ide.mcu.externaltools.gnu-tools-for-stm32.10.3-2021.10.win32_1.0.0.202111181127/tools/bin/../lib/gcc/arm-none-eabi/10.3.1/../../../../arm-none-eabi/lib/thumb/v7-m/nofp\libstdc++_nano.a(new_opv.o)
                              ./Core/Src/Cpp/StaticFIFO.o (operator new[](unsigned int))
c:/st/stm32cubeide_1.10.1/stm32cubeide/plugins/com.st.stm32cube.ide.mcu.externaltools.gnu-tools-for-stm32.10.3-2021.10.win32_1.0.0.202111181127/tools/bin/../lib/gcc/arm-none-eabi/10.3.1/../../../../arm-none-eabi/lib/thumb/v7-m/nofp\libstdc++_nano.a(del_op.o)
                              c:/st/stm32cubeide_1.10.1/stm32cubeide/plugins/com.st.stm32cube.ide.mcu.externaltools.gnu-tools-for-stm32.10.3-2021.10.win32_1.0.0.202111181127/tools/bin/../lib/gcc/arm-none-eabi/10.3.1/../../../../arm-none-eabi/lib/thumb/v7-m/nofp\libstdc++_nano.a(del_ops.o) (operator delete(void*))
c:/st/stm32cubeide_1.10.1/stm32cubeide/plugins/com.st.stm32cube.ide.mcu.externaltools.gnu-tools-for-stm32.10.3-2021.10.win32_1.0.0.202111181127/tools/bin/../lib/gcc/arm-none-eabi/10.3.1/../../../../arm-none-eabi/lib/thumb/v7-m/nofp\libstdc++_nano.a(new_handler.o)
                              c:/st/stm32cubeide_1.10.1/stm32cubeide/plugins/com.st.stm32cube.ide.mcu.externaltools.gnu-tools-for-stm32.10.3-2021.10.win32_1.0.0.202111181127/tools/bin/../lib/gcc/arm-none-eabi/10.3.1/../../../../arm-none-eabi/lib/thumb/v7-m/nofp\libstdc++_nano.a(new_op.o) (std::get_new_handler())
c:/st/stm32cubeide_1.10.1/stm32cubeide/plugins/com.st.stm32cube.ide.mcu.externaltools.gnu-tools-for-stm32.10.3-2021.10.win32_1.0.0.202111181127/tools/bin/../lib/gcc/arm-none-eabi/10.3.1/../../../../arm-none-eabi/lib/thumb/v7-m/nofp\libc_nano.a(lib_a-abort.o)
                              c:/st/stm32cubeide_1.10.1/stm32cubeide/plugins/com.st.stm32cube.ide.mcu.externaltools.gnu-tools-for-stm32.10.3-2021.10.win32_1.0.0.202111181127/tools/bin/../lib/gcc/arm-none-eabi/10.3.1/../../../../arm-none-eabi/lib/thumb/v7-m/nofp\libstdc++_nano.a(new_op.o) (abort)
c:/st/stm32cubeide_1.10.1/stm32cubeide/plugins/com.st.stm32cube.ide.mcu.externaltools.gnu-tools-for-stm32.10.3-2021.10.win32_1.0.0.202111181127/tools/bin/../lib/gcc/arm-none-eabi/10.3.1/../../../../arm-none-eabi/lib/thumb/v7-m/nofp\libc_nano.a(lib_a-errno.o)
                              ./Core/Src/syscalls.o (__errno)
c:/st/stm32cubeide_1.10.1/stm32cubeide/plugins/com.st.stm32cube.ide.mcu.externaltools.gnu-tools-for-stm32.10.3-2021.10.win32_1.0.0.202111181127/tools/bin/../lib/gcc/arm-none-eabi/10.3.1/../../../../arm-none-eabi/lib/thumb/v7-m/nofp\libc_nano.a(lib_a-exit.o)
                              c:/st/stm32cubeide_1.10.1/stm32cubeide/plugins/com.st.stm32cube.ide.mcu.externaltools.gnu-tools-for-stm32.10.3-2021.10.win32_1.0.0.202111181127/tools/bin/../lib/gcc/arm-none-eabi/10.3.1/../../../../arm-none-eabi/lib/thumb/v7-m/nofp/crt0.o (exit)
c:/st/stm32cubeide_1.10.1/stm32cubeide/plugins/com.st.stm32cube.ide.mcu.externaltools.gnu-tools-for-stm32.10.3-2021.10.win32_1.0.0.202111181127/tools/bin/../lib/gcc/arm-none-eabi/10.3.1/../../../../arm-none-eabi/lib/thumb/v7-m/nofp\libc_nano.a(lib_a-impure.o)
                              c:/st/stm32cubeide_1.10.1/stm32cubeide/plugins/com.st.stm32cube.ide.mcu.externaltools.gnu-tools-for-stm32.10.3-2021.10.win32_1.0.0.202111181127/tools/bin/../lib/gcc/arm-none-eabi/10.3.1/../../../../arm-none-eabi/lib/thumb/v7-m/nofp\libc_nano.a(lib_a-exit.o) (_global_impure_ptr)
c:/st/stm32cubeide_1.10.1/stm32cubeide/plugins/com.st.stm32cube.ide.mcu.externaltools.gnu-tools-for-stm32.10.3-2021.10.win32_1.0.0.202111181127/tools/bin/../lib/gcc/arm-none-eabi/10.3.1/../../../../arm-none-eabi/lib/thumb/v7-m/nofp\libc_nano.a(lib_a-init.o)
                              c:/st/stm32cubeide_1.10.1/stm32cubeide/plugins/com.st.stm32cube.ide.mcu.externaltools.gnu-tools-for-stm32.10.3-2021.10.win32_1.0.0.202111181127/tools/bin/../lib/gcc/arm-none-eabi/10.3.1/../../../../arm-none-eabi/lib/thumb/v7-m/nofp/crt0.o (__libc_init_array)
[...]
Memory Configuration

Name             Origin             Length             Attributes
RAM              0x0000000020000000 0x0000000000010000 xrw
FLASH            0x0000000008000000 0x0000000000080000 xr
*default*        0x0000000000000000 0xffffffffffffffff

Linker script and memory map

LOAD c:/st/stm32cubeide_1.10.1/stm32cubeide/plugins/com.st.stm32cube.ide.mcu.externaltools.gnu-tools-for-stm32.10.3-2021.10.win32_1.0.0.202111181127/tools/bin/../lib/gcc/arm-none-eabi/10.3.1/thumb/v7-m/nofp/crti.o
LOAD c:/st/stm32cubeide_1.10.1/stm32cubeide/plugins/com.st.stm32cube.ide.mcu.externaltools.gnu-tools-for-stm32.10.3-2021.10.win32_1.0.0.202111181127/tools/bin/../lib/gcc/arm-none-eabi/10.3.1/thumb/v7-m/nofp/crtbegin.o
LOAD c:/st/stm32cubeide_1.10.1/stm32cubeide/plugins/com.st.stm32cube.ide.mcu.externaltools.gnu-tools-for-stm32.10.3-2021.10.win32_1.0.0.202111181127/tools/bin/../lib/gcc/arm-none-eabi/10.3.1/../../../../arm-none-eabi/lib/thumb/v7-m/nofp/crt0.o
LOAD ./Core/Src/Cpp/BTS7960B.o
LOAD ./Core/Src/Cpp/SerialDebug.o
LOAD ./Core/Src/Cpp/Start.o
LOAD ./Core/Src/Cpp/StaticFIFO.o
LOAD ./Core/Src/main.o
LOAD ./Core/Src/stm32f1xx_hal_msp.o
LOAD ./Core/Src/stm32f1xx_it.o
LOAD ./Core/Src/syscalls.o
LOAD ./Core/Src/sysmem.o
LOAD ./Core/Src/system_stm32f1xx.o
LOAD ./Core/Startup/startup_stm32f103retx.o
LOAD ./Drivers/STM32F1xx_HAL_Driver/Src/stm32f1xx_hal.o
LOAD ./Drivers/STM32F1xx_HAL_Driver/Src/stm32f1xx_hal_adc.o
LOAD ./Drivers/STM32F1xx_HAL_Driver/Src/stm32f1xx_hal_adc_ex.o
LOAD ./Drivers/STM32F1xx_HAL_Driver/Src/stm32f1xx_hal_cortex.o
LOAD ./Drivers/STM32F1xx_HAL_Driver/Src/stm32f1xx_hal_dma.o
LOAD ./Drivers/STM32F1xx_HAL_Driver/Src/stm32f1xx_hal_exti.o
LOAD ./Drivers/STM32F1xx_HAL_Driver/Src/stm32f1xx_hal_flash.o
LOAD ./Drivers/STM32F1xx_HAL_Driver/Src/stm32f1xx_hal_flash_ex.o
LOAD ./Drivers/STM32F1xx_HAL_Driver/Src/stm32f1xx_hal_gpio.o
LOAD ./Drivers/STM32F1xx_HAL_Driver/Src/stm32f1xx_hal_gpio_ex.o
LOAD ./Drivers/STM32F1xx_HAL_Driver/Src/stm32f1xx_hal_pwr.o
LOAD ./Drivers/STM32F1xx_HAL_Driver/Src/stm32f1xx_hal_rcc.o
LOAD ./Drivers/STM32F1xx_HAL_Driver/Src/stm32f1xx_hal_rcc_ex.o
LOAD ./Drivers/STM32F1xx_HAL_Driver/Src/stm32f1xx_hal_tim.o
LOAD ./Drivers/STM32F1xx_HAL_Driver/Src/stm32f1xx_hal_tim_ex.o
LOAD ./Drivers/STM32F1xx_HAL_Driver/Src/stm32f1xx_hal_uart.o
START GROUP
LOAD c:/st/stm32cubeide_1.10.1/stm32cubeide/plugins/com.st.stm32cube.ide.mcu.externaltools.gnu-tools-for-stm32.10.3-2021.10.win32_1.0.0.202111181127/tools/bin/../lib/gcc/arm-none-eabi/10.3.1/../../../../arm-none-eabi/lib/thumb/v7-m/nofp\libstdc++_nano.a
LOAD c:/st/stm32cubeide_1.10.1/stm32cubeide/plugins/com.st.stm32cube.ide.mcu.externaltools.gnu-tools-for-stm32.10.3-2021.10.win32_1.0.0.202111181127/tools/bin/../lib/gcc/arm-none-eabi/10.3.1/../../../../arm-none-eabi/lib/thumb/v7-m/nofp\libsupc++_nano.a
END GROUP
LOAD c:/st/stm32cubeide_1.10.1/stm32cubeide/plugins/com.st.stm32cube.ide.mcu.externaltools.gnu-tools-for-stm32.10.3-2021.10.win32_1.0.0.202111181127/tools/bin/../lib/gcc/arm-none-eabi/10.3.1/../../../../arm-none-eabi/lib/thumb/v7-m/nofp\libstdc++_nano.a
LOAD c:/st/stm32cubeide_1.10.1/stm32cubeide/plugins/com.st.stm32cube.ide.mcu.externaltools.gnu-tools-for-stm32.10.3-2021.10.win32_1.0.0.202111181127/tools/bin/../lib/gcc/arm-none-eabi/10.3.1/../../../../arm-none-eabi/lib/thumb/v7-m/nofp\libm.a
LOAD c:/st/stm32cubeide_1.10.1/stm32cubeide/plugins/com.st.stm32cube.ide.mcu.externaltools.gnu-tools-for-stm32.10.3-2021.10.win32_1.0.0.202111181127/tools/bin/../lib/gcc/arm-none-eabi/10.3.1/../../../../arm-none-eabi/lib/thumb/v7-m/nofp\libc_nano.a
START GROUP
LOAD c:/st/stm32cubeide_1.10.1/stm32cubeide/plugins/com.st.stm32cube.ide.mcu.externaltools.gnu-tools-for-stm32.10.3-2021.10.win32_1.0.0.202111181127/tools/bin/../lib/gcc/arm-none-eabi/10.3.1/thumb/v7-m/nofp\libgcc.a
LOAD c:/st/stm32cubeide_1.10.1/stm32cubeide/plugins/com.st.stm32cube.ide.mcu.externaltools.gnu-tools-for-stm32.10.3-2021.10.win32_1.0.0.202111181127/tools/bin/../lib/gcc/arm-none-eabi/10.3.1/../../../../arm-none-eabi/lib/thumb/v7-m/nofp\libc_nano.a
END GROUP
START GROUP
LOAD c:/st/stm32cubeide_1.10.1/stm32cubeide/plugins/com.st.stm32cube.ide.mcu.externaltools.gnu-tools-for-stm32.10.3-2021.10.win32_1.0.0.202111181127/tools/bin/../lib/gcc/arm-none-eabi/10.3.1/thumb/v7-m/nofp\libgcc.a
LOAD c:/st/stm32cubeide_1.10.1/stm32cubeide/plugins/com.st.stm32cube.ide.mcu.externaltools.gnu-tools-for-stm32.10.3-2021.10.win32_1.0.0.202111181127/tools/bin/../lib/gcc/arm-none-eabi/10.3.1/../../../../arm-none-eabi/lib/thumb/v7-m/nofp\libc_nano.a
LOAD c:/st/stm32cubeide_1.10.1/stm32cubeide/plugins/com.st.stm32cube.ide.mcu.externaltools.gnu-tools-for-stm32.10.3-2021.10.win32_1.0.0.202111181127/tools/bin/../lib/gcc/arm-none-eabi/10.3.1/../../../../arm-none-eabi/lib/thumb/v7-m/nofp\libnosys.a
END GROUP
START GROUP
LOAD c:/st/stm32cubeide_1.10.1/stm32cubeide/plugins/com.st.stm32cube.ide.mcu.externaltools.gnu-tools-for-stm32.10.3-2021.10.win32_1.0.0.202111181127/tools/bin/../lib/gcc/arm-none-eabi/10.3.1/thumb/v7-m/nofp\libgcc.a
LOAD c:/st/stm32cubeide_1.10.1/stm32cubeide/plugins/com.st.stm32cube.ide.mcu.externaltools.gnu-tools-for-stm32.10.3-2021.10.win32_1.0.0.202111181127/tools/bin/../lib/gcc/arm-none-eabi/10.3.1/../../../../arm-none-eabi/lib/thumb/v7-m/nofp\libc_nano.a
LOAD c:/st/stm32cubeide_1.10.1/stm32cubeide/plugins/com.st.stm32cube.ide.mcu.externaltools.gnu-tools-for-stm32.10.3-2021.10.win32_1.0.0.202111181127/tools/bin/../lib/gcc/arm-none-eabi/10.3.1/../../../../arm-none-eabi/lib/thumb/v7-m/nofp\libnosys.a
END GROUP
LOAD c:/st/stm32cubeide_1.10.1/stm32cubeide/plugins/com.st.stm32cube.ide.mcu.externaltools.gnu-tools-for-stm32.10.3-2021.10.win32_1.0.0.202111181127/tools/bin/../lib/gcc/arm-none-eabi/10.3.1/thumb/v7-m/nofp/crtend.o
LOAD c:/st/stm32cubeide_1.10.1/stm32cubeide/plugins/com.st.stm32cube.ide.mcu.externaltools.gnu-tools-for-stm32.10.3-2021.10.win32_1.0.0.202111181127/tools/bin/../lib/gcc/arm-none-eabi/10.3.1/thumb/v7-m/nofp/crtn.o
                0x0000000020010000                _estack = (ORIGIN (RAM) + LENGTH (RAM))
                0x0000000000000200                _Min_Heap_Size = 0x200
                0x0000000000000400                _Min_Stack_Size = 0x400

.isr_vector     0x0000000008000000      0x1e4
                0x0000000008000000                . = ALIGN (0x4)
 *(.isr_vector)
 .isr_vector    0x0000000008000000      0x1e4 ./Core/Startup/startup_stm32f103retx.o
                0x0000000008000000                g_pfnVectors
                0x00000000080001e4                . = ALIGN (0x4)

.text           0x00000000080001e4     0x5174
                0x00000000080001e4                . = ALIGN (0x4)
 *(.text)
 .text          0x00000000080001e4       0x40 c:/st/stm32cubeide_1.10.1/stm32cubeide/plugins/com.st.stm32cube.ide.mcu.externaltools.gnu-tools-for-stm32.10.3-2021.10.win32_1.0.0.202111181127/tools/bin/../lib/gcc/arm-none-eabi/10.3.1/thumb/v7-m/nofp/crtbegin.o
 *(.text*)
 .text._ZN8BTS7960BC2EPVmS1_P12GPIO_TypeDeftS3_t
                0x0000000008000224       0x3e ./Core/Src/Cpp/BTS7960B.o
                0x0000000008000224                BTS7960B::BTS7960B(unsigned long volatile*, unsigned long volatile*, GPIO_TypeDef*, unsigned short, GPIO_TypeDef*, unsigned short)
                0x0000000008000224                BTS7960B::BTS7960B(unsigned long volatile*, unsigned long volatile*, GPIO_TypeDef*, unsigned short, GPIO_TypeDef*, unsigned short)
 .text._ZN8BTS7960B8setSpeedEl
                0x0000000008000262       0xa4 ./Core/Src/Cpp/BTS7960B.o
                0x0000000008000262                BTS7960B::setSpeed(long)
 .text._ZN11SerialDebugC2EP20__UART_HandleTypeDef
                0x0000000008000306       0x3c ./Core/Src/Cpp/SerialDebug.o
                0x0000000008000306                SerialDebug::SerialDebug(__UART_HandleTypeDef*)
                0x0000000008000306                SerialDebug::SerialDebug(__UART_HandleTypeDef*)
 .text._ZN11SerialDebugD2Ev
                0x0000000008000342       0x24 ./Core/Src/Cpp/SerialDebug.o
                0x0000000008000342                SerialDebug::~SerialDebug()
                0x0000000008000342                SerialDebug::~SerialDebug()
 .text._ZN11SerialDebug8sendNextEv
                0x0000000008000366       0x4e ./Core/Src/Cpp/SerialDebug.o
                0x0000000008000366                SerialDebug::sendNext()
 .text._ZN11SerialDebug8setLevelEm
                0x00000000080003b4       0x1a ./Core/Src/Cpp/SerialDebug.o
                0x00000000080003b4                SerialDebug::setLevel(unsigned long)
 *fill*         0x00000000080003ce        0x2 
 .text._ZN11SerialDebug5debugEPKc
                0x00000000080003d0       0x68 ./Core/Src/Cpp/SerialDebug.o
                0x00000000080003d0                SerialDebug::debug(char const*)
 .text.HAL_UART_TxCpltCallback
                0x0000000008000438       0x28 ./Core/Src/Cpp/Start.o
                0x0000000008000438                HAL_UART_TxCpltCallback
 .text.HAL_ADC_ConvCpltCallback
                0x0000000008000460       0x38 ./Core/Src/Cpp/Start.o
                0x0000000008000460                HAL_ADC_ConvCpltCallback
 .text.Start    0x0000000008000498       0x68 ./Core/Src/Cpp/Start.o
                0x0000000008000498                Start
 .text._Z41__static_initialization_and_destruction_0ii
                0x0000000008000500       0x70 ./Core/Src/Cpp/Start.o
 .text._GLOBAL__sub_I_debug
                0x0000000008000570       0x10 ./Core/Src/Cpp/Start.o
 .text._GLOBAL__sub_D_debug
                0x0000000008000580       0x10 ./Core/Src/Cpp/Start.o
 .text._ZN10StaticFIFOC2Em
                0x0000000008000590       0x58 ./Core/Src/Cpp/StaticFIFO.o
                0x0000000008000590                StaticFIFO::StaticFIFO(unsigned long)
                0x0000000008000590                StaticFIFO::StaticFIFO(unsigned long)
 .text._ZN10StaticFIFOD2Ev
                0x00000000080005e8       0x2c ./Core/Src/Cpp/StaticFIFO.o
                0x00000000080005e8                StaticFIFO::~StaticFIFO()
                0x00000000080005e8                StaticFIFO::~StaticFIFO()
 .text._ZN10StaticFIFOD0Ev
                0x0000000008000614       0x20 ./Core/Src/Cpp/StaticFIFO.o
                0x0000000008000614                StaticFIFO::~StaticFIFO()
 .text._ZN10StaticFIFO4pushEPhm
                0x0000000008000634       0xc8 ./Core/Src/Cpp/StaticFIFO.o
                0x0000000008000634                StaticFIFO::push(unsigned char*, unsigned long)
 .text._ZN10StaticFIFO3popEPPhS0_m
                0x00000000080006fc       0xb2 ./Core/Src/Cpp/StaticFIFO.o
                0x00000000080006fc                StaticFIFO::pop(unsigned char**, unsigned char*, unsigned long)
 *fill*         0x00000000080007ae        0x2 
 .text.main     0x00000000080007b0       0x48 ./Core/Src/main.o
                0x00000000080007b0                main
 .text.SystemClock_Config
                0x00000000080007f8       0xba ./Core/Src/main.o
                0x00000000080007f8                SystemClock_Config
 *fill*         0x00000000080008b2        0x2 
 .text.MX_ADC1_Init
                0x00000000080008b4       0x7c ./Core/Src/main.o
 .text.MX_TIM3_Init
                0x0000000008000930       0xc8 ./Core/Src/main.o
 .text.MX_TIM6_Init
                0x00000000080009f8       0x6c ./Core/Src/main.o
 .text.MX_USART1_UART_Init
                0x0000000008000a64       0x54 ./Core/Src/main.o
 .text.MX_USART3_UART_Init
                0x0000000008000ab8       0x54 ./Core/Src/main.o
 .text.MX_DMA_Init
                0x0000000008000b0c       0x4c ./Core/Src/main.o
 .text.MX_GPIO_Init
                0x0000000008000b58       0xac ./Core/Src/main.o
 .text.Error_Handler
                0x0000000008000c04        0xa ./Core/Src/main.o
                0x0000000008000c04                Error_Handler
 *fill*         0x0000000008000c0e        0x2 
 .text.HAL_MspInit
                0x0000000008000c10       0x64 ./Core/Src/stm32f1xx_hal_msp.o
                0x0000000008000c10                HAL_MspInit
 .text.HAL_ADC_MspInit
                0x0000000008000c74       0xd0 ./Core/Src/stm32f1xx_hal_msp.o
                0x0000000008000c74                HAL_ADC_MspInit
 .text.HAL_TIM_PWM_MspInit
                0x0000000008000d44       0x4c ./Core/Src/stm32f1xx_hal_msp.o
                0x0000000008000d44                HAL_TIM_PWM_MspInit
 .text.HAL_TIM_Base_MspInit
                0x0000000008000d90       0x3c ./Core/Src/stm32f1xx_hal_msp.o
                0x0000000008000d90                HAL_TIM_Base_MspInit
 .text.HAL_TIM_MspPostInit
                0x0000000008000dcc       0x64 ./Core/Src/stm32f1xx_hal_msp.o
                0x0000000008000dcc                HAL_TIM_MspPostInit
 .text.HAL_UART_MspInit
                0x0000000008000e30      0x174 ./Core/Src/stm32f1xx_hal_msp.o
                0x0000000008000e30                HAL_UART_MspInit
 .text.NMI_Handler
                0x0000000008000fa4        0x6 ./Core/Src/stm32f1xx_it.o
                0x0000000008000fa4                NMI_Handler
 .text.HardFault_Handler
                0x0000000008000faa        0x6 ./Core/Src/stm32f1xx_it.o
                0x0000000008000faa                HardFault_Handler
 .text.MemManage_Handler
                0x0000000008000fb0        0x6 ./Core/Src/stm32f1xx_it.o
                0x0000000008000fb0                MemManage_Handler
 .text.BusFault_Handler
                0x0000000008000fb6        0x6 ./Core/Src/stm32f1xx_it.o
                0x0000000008000fb6                BusFault_Handler
 .text.UsageFault_Handler
                0x0000000008000fbc        0x6 ./Core/Src/stm32f1xx_it.o
                0x0000000008000fbc                UsageFault_Handler
 .text.SVC_Handler
                0x0000000008000fc2        0xc ./Core/Src/stm32f1xx_it.o
                0x0000000008000fc2                SVC_Handler
 .text.DebugMon_Handler
                0x0000000008000fce        0xc ./Core/Src/stm32f1xx_it.o
                0x0000000008000fce                DebugMon_Handler
 .text.PendSV_Handler
                0x0000000008000fda        0xc ./Core/Src/stm32f1xx_it.o
                0x0000000008000fda                PendSV_Handler
 .text.SysTick_Handler
                0x0000000008000fe6        0xc ./Core/Src/stm32f1xx_it.o
                0x0000000008000fe6                SysTick_Handler
 *fill*         0x0000000008000ff2        0x2 
 .text.DMA1_Channel1_IRQHandler
                0x0000000008000ff4       0x14 ./Core/Src/stm32f1xx_it.o
                0x0000000008000ff4                DMA1_Channel1_IRQHandler
 .text.DMA1_Channel4_IRQHandler
                0x0000000008001008       0x14 ./Core/Src/stm32f1xx_it.o
                0x0000000008001008                DMA1_Channel4_IRQHandler
 .text.TIM3_IRQHandler
                0x000000000800101c       0x14 ./Core/Src/stm32f1xx_it.o
                0x000000000800101c                TIM3_IRQHandler
 .text.USART1_IRQHandler
                0x0000000008001030       0x14 ./Core/Src/stm32f1xx_it.o
                0x0000000008001030                USART1_IRQHandler
 .text._getpid  0x0000000008001044        0xe ./Core/Src/syscalls.o
                0x0000000008001044                _getpid
 .text._kill    0x0000000008001052       0x20 ./Core/Src/syscalls.o
                0x0000000008001052                _kill
 .text._exit    0x0000000008001072       0x14 ./Core/Src/syscalls.o
                0x0000000008001072                _exit
 *fill*         0x0000000008001086        0x2 
 .text._sbrk    0x0000000008001088       0x6c ./Core/Src/sysmem.o
                0x0000000008001088                _sbrk
 .text.SystemInit
                0x00000000080010f4        0xc ./Core/Src/system_stm32f1xx.o
                0x00000000080010f4                SystemInit
 .text.Reset_Handler
                0x0000000008001100       0x48 ./Core/Startup/startup_stm32f103retx.o
                0x0000000008001100                Reset_Handler
 .text.Default_Handler
                0x0000000008001148        0x2 ./Core/Startup/startup_stm32f103retx.o
                0x0000000008001148                RTC_Alarm_IRQHandler
                0x0000000008001148                EXTI2_IRQHandler
                0x0000000008001148                TIM8_TRG_COM_IRQHandler
                0x0000000008001148                TIM8_CC_IRQHandler
                0x0000000008001148                TIM1_CC_IRQHandler
                0x0000000008001148                TIM6_IRQHandler
                0x0000000008001148                PVD_IRQHandler
                0x0000000008001148                SDIO_IRQHandler
                0x0000000008001148                EXTI3_IRQHandler
                0x0000000008001148                EXTI0_IRQHandler
                0x0000000008001148                I2C2_EV_IRQHandler
                0x0000000008001148                ADC1_2_IRQHandler
                0x0000000008001148                SPI1_IRQHandler
                0x0000000008001148                TAMPER_IRQHandler
                0x0000000008001148                TIM8_UP_IRQHandler
                0x0000000008001148                DMA2_Channel2_IRQHandler
                0x0000000008001148                USART3_IRQHandler
                0x0000000008001148                RTC_IRQHandler
                0x0000000008001148                DMA1_Channel7_IRQHandler
                0x0000000008001148                CAN1_RX1_IRQHandler
                0x0000000008001148                UART5_IRQHandler
                0x0000000008001148                ADC3_IRQHandler
                0x0000000008001148                TIM4_IRQHandler
                0x0000000008001148                DMA2_Channel1_IRQHandler
                0x0000000008001148                I2C1_EV_IRQHandler
                0x0000000008001148                DMA1_Channel6_IRQHandler
                0x0000000008001148                UART4_IRQHandler
                0x0000000008001148                RCC_IRQHandler
                0x0000000008001148                TIM1_TRG_COM_IRQHandler
                0x0000000008001148                Default_Handler
                0x0000000008001148                EXTI15_10_IRQHandler
                0x0000000008001148                TIM7_IRQHandler
                0x0000000008001148                TIM5_IRQHandler
                0x0000000008001148                EXTI9_5_IRQHandler
                0x0000000008001148                SPI2_IRQHandler
                0x0000000008001148                DMA1_Channel5_IRQHandler
                0x0000000008001148                EXTI4_IRQHandler
                0x0000000008001148                USB_LP_CAN1_RX0_IRQHandler
                0x0000000008001148                USB_HP_CAN1_TX_IRQHandler
                0x0000000008001148                DMA1_Channel3_IRQHandler
                0x0000000008001148                FSMC_IRQHandler
                0x0000000008001148                TIM1_UP_IRQHandler
                0x0000000008001148                WWDG_IRQHandler
                0x0000000008001148                TIM2_IRQHandler
                0x0000000008001148                TIM1_BRK_IRQHandler
                0x0000000008001148                EXTI1_IRQHandler
                0x0000000008001148                DMA2_Channel4_5_IRQHandler
                0x0000000008001148                USART2_IRQHandler
                0x0000000008001148                I2C2_ER_IRQHandler
                0x0000000008001148                DMA1_Channel2_IRQHandler
                0x0000000008001148                TIM8_BRK_IRQHandler
                0x0000000008001148                CAN1_SCE_IRQHandler
                0x0000000008001148                FLASH_IRQHandler
                0x0000000008001148                SPI3_IRQHandler
                0x0000000008001148                I2C1_ER_IRQHandler
                0x0000000008001148                USBWakeUp_IRQHandler
                0x0000000008001148                DMA2_Channel3_IRQHandler
 *fill*         0x000000000800114a        0x2 
 .text.HAL_Init
                0x000000000800114c       0x2c ./Drivers/STM32F1xx_HAL_Driver/Src/stm32f1xx_hal.o
                0x000000000800114c                HAL_Init
 .text.HAL_InitTick
                0x0000000008001178       0x60 ./Drivers/STM32F1xx_HAL_Driver/Src/stm32f1xx_hal.o
                0x0000000008001178                HAL_InitTick
 .text.HAL_IncTick
                0x00000000080011d8       0x24 ./Drivers/STM32F1xx_HAL_Driver/Src/stm32f1xx_hal.o
                0x00000000080011d8                HAL_IncTick
 .text.HAL_GetTick
                0x00000000080011fc       0x14 ./Drivers/STM32F1xx_HAL_Driver/Src/stm32f1xx_hal.o
                0x00000000080011fc                HAL_GetTick
 .text.HAL_Delay
                0x0000000008001210       0x48 ./Drivers/STM32F1xx_HAL_Driver/Src/stm32f1xx_hal.o
                0x0000000008001210                HAL_Delay
 .text.HAL_ADC_Init
                0x0000000008001258      0x1d4 ./Drivers/STM32F1xx_HAL_Driver/Src/stm32f1xx_hal_adc.o
                0x0000000008001258                HAL_ADC_Init
 .text.HAL_ADC_Start_DMA
                0x000000000800142c      0x1bc ./Drivers/STM32F1xx_HAL_Driver/Src/stm32f1xx_hal_adc.o
                0x000000000800142c                HAL_ADC_Start_DMA
 .text.HAL_ADC_ConvHalfCpltCallback
                0x00000000080015e8       0x12 ./Drivers/STM32F1xx_HAL_Driver/Src/stm32f1xx_hal_adc.o
                0x00000000080015e8                HAL_ADC_ConvHalfCpltCallback
 .text.HAL_ADC_ErrorCallback
                0x00000000080015fa       0x12 ./Drivers/STM32F1xx_HAL_Driver/Src/stm32f1xx_hal_adc.o
                0x00000000080015fa                HAL_ADC_ErrorCallback
 .text.HAL_ADC_ConfigChannel
                0x000000000800160c      0x1f0 ./Drivers/STM32F1xx_HAL_Driver/Src/stm32f1xx_hal_adc.o
                0x000000000800160c                HAL_ADC_ConfigChannel
 .text.ADC_Enable
                0x00000000080017fc       0xb4 ./Drivers/STM32F1xx_HAL_Driver/Src/stm32f1xx_hal_adc.o
                0x00000000080017fc                ADC_Enable
 .text.ADC_ConversionStop_Disable
                0x00000000080018b0       0x82 ./Drivers/STM32F1xx_HAL_Driver/Src/stm32f1xx_hal_adc.o
                0x00000000080018b0                ADC_ConversionStop_Disable
 .text.ADC_DMAConvCplt
                0x0000000008001932       0x7c ./Drivers/STM32F1xx_HAL_Driver/Src/stm32f1xx_hal_adc.o
                0x0000000008001932                ADC_DMAConvCplt
 .text.ADC_DMAHalfConvCplt
                0x00000000080019ae       0x1c ./Drivers/STM32F1xx_HAL_Driver/Src/stm32f1xx_hal_adc.o
                0x00000000080019ae                ADC_DMAHalfConvCplt
 .text.ADC_DMAError
                0x00000000080019ca       0x34 ./Drivers/STM32F1xx_HAL_Driver/Src/stm32f1xx_hal_adc.o
                0x00000000080019ca                ADC_DMAError
 *fill*         0x00000000080019fe        0x2 
 .text.__NVIC_SetPriorityGrouping
                0x0000000008001a00       0x48 ./Drivers/STM32F1xx_HAL_Driver/Src/stm32f1xx_hal_cortex.o
 .text.__NVIC_GetPriorityGrouping
                0x0000000008001a48       0x1c ./Drivers/STM32F1xx_HAL_Driver/Src/stm32f1xx_hal_cortex.o
 .text.__NVIC_EnableIRQ
                0x0000000008001a64       0x38 ./Drivers/STM32F1xx_HAL_Driver/Src/stm32f1xx_hal_cortex.o
 .text.__NVIC_SetPriority
                0x0000000008001a9c       0x54 ./Drivers/STM32F1xx_HAL_Driver/Src/stm32f1xx_hal_cortex.o
 .text.NVIC_EncodePriority
                0x0000000008001af0       0x64 ./Drivers/STM32F1xx_HAL_Driver/Src/stm32f1xx_hal_cortex.o
 .text.SysTick_Config
                0x0000000008001b54       0x44 ./Drivers/STM32F1xx_HAL_Driver/Src/stm32f1xx_hal_cortex.o
 .text.HAL_NVIC_SetPriorityGrouping
                0x0000000008001b98       0x16 ./Drivers/STM32F1xx_HAL_Driver/Src/stm32f1xx_hal_cortex.o
                0x0000000008001b98                HAL_NVIC_SetPriorityGrouping
 .text.HAL_NVIC_SetPriority
                0x0000000008001bae       0x38 ./Drivers/STM32F1xx_HAL_Driver/Src/stm32f1xx_hal_cortex.o
                0x0000000008001bae                HAL_NVIC_SetPriority
 .text.HAL_NVIC_EnableIRQ
                0x0000000008001be6       0x1c ./Drivers/STM32F1xx_HAL_Driver/Src/stm32f1xx_hal_cortex.o
                0x0000000008001be6                HAL_NVIC_EnableIRQ
 .text.HAL_SYSTICK_Config
                0x0000000008001c02       0x18 ./Drivers/STM32F1xx_HAL_Driver/Src/stm32f1xx_hal_cortex.o
                0x0000000008001c02                HAL_SYSTICK_Config
 *fill*         0x0000000008001c1a        0x2 
 .text.HAL_DMA_Init
                0x0000000008001c1c       0xec ./Drivers/STM32F1xx_HAL_Driver/Src/stm32f1xx_hal_dma.o
                0x0000000008001c1c                HAL_DMA_Init
 .text.HAL_DMA_Start_IT
                0x0000000008001d08       0xbe ./Drivers/STM32F1xx_HAL_Driver/Src/stm32f1xx_hal_dma.o
                0x0000000008001d08                HAL_DMA_Start_IT
 .text.HAL_DMA_Abort
                0x0000000008001dc6       0x74 ./Drivers/STM32F1xx_HAL_Driver/Src/stm32f1xx_hal_dma.o
                0x0000000008001dc6                HAL_DMA_Abort
 *fill*         0x0000000008001e3a        0x2 
 .text.HAL_DMA_Abort_IT
                0x0000000008001e3c      0x210 ./Drivers/STM32F1xx_HAL_Driver/Src/stm32f1xx_hal_dma.o
                0x0000000008001e3c                HAL_DMA_Abort_IT
 .text.HAL_DMA_IRQHandler
                0x000000000800204c      0x478 ./Drivers/STM32F1xx_HAL_Driver/Src/stm32f1xx_hal_dma.o
                0x000000000800204c                HAL_DMA_IRQHandler
 .text.DMA_SetConfig
                0x00000000080024c4       0x5a ./Drivers/STM32F1xx_HAL_Driver/Src/stm32f1xx_hal_dma.o
 *fill*         0x000000000800251e        0x2 
 .text.HAL_GPIO_Init
                0x0000000008002520      0x328 ./Drivers/STM32F1xx_HAL_Driver/Src/stm32f1xx_hal_gpio.o
                0x0000000008002520                HAL_GPIO_Init
 .text.HAL_GPIO_WritePin
                0x0000000008002848       0x30 ./Drivers/STM32F1xx_HAL_Driver/Src/stm32f1xx_hal_gpio.o
                0x0000000008002848                HAL_GPIO_WritePin
 .text.HAL_RCC_OscConfig
                0x0000000008002878      0x504 ./Drivers/STM32F1xx_HAL_Driver/Src/stm32f1xx_hal_rcc.o
                0x0000000008002878                HAL_RCC_OscConfig
 .text.HAL_RCC_ClockConfig
                0x0000000008002d7c      0x1d4 ./Drivers/STM32F1xx_HAL_Driver/Src/stm32f1xx_hal_rcc.o
                0x0000000008002d7c                HAL_RCC_ClockConfig
 .text.HAL_RCC_GetSysClockFreq
                0x0000000008002f50       0xbc ./Drivers/STM32F1xx_HAL_Driver/Src/stm32f1xx_hal_rcc.o
                0x0000000008002f50                HAL_RCC_GetSysClockFreq
 .text.HAL_RCC_GetHCLKFreq
                0x000000000800300c       0x14 ./Drivers/STM32F1xx_HAL_Driver/Src/stm32f1xx_hal_rcc.o
                0x000000000800300c                HAL_RCC_GetHCLKFreq
 .text.HAL_RCC_GetPCLK1Freq
                0x0000000008003020       0x28 ./Drivers/STM32F1xx_HAL_Driver/Src/stm32f1xx_hal_rcc.o
                0x0000000008003020                HAL_RCC_GetPCLK1Freq
 .text.HAL_RCC_GetPCLK2Freq
                0x0000000008003048       0x28 ./Drivers/STM32F1xx_HAL_Driver/Src/stm32f1xx_hal_rcc.o
                0x0000000008003048                HAL_RCC_GetPCLK2Freq
 .text.RCC_Delay
                0x0000000008003070       0x3c ./Drivers/STM32F1xx_HAL_Driver/Src/stm32f1xx_hal_rcc.o
 .text.HAL_RCCEx_PeriphCLKConfig
                0x00000000080030ac      0x16c ./Drivers/STM32F1xx_HAL_Driver/Src/stm32f1xx_hal_rcc_ex.o
                0x00000000080030ac                HAL_RCCEx_PeriphCLKConfig
 .text.HAL_TIM_Base_Init
                0x0000000008003218       0x9e ./Drivers/STM32F1xx_HAL_Driver/Src/stm32f1xx_hal_tim.o
                0x0000000008003218                HAL_TIM_Base_Init
 *fill*         0x00000000080032b6        0x2 
 .text.HAL_TIM_Base_Start
                0x00000000080032b8       0xb0 ./Drivers/STM32F1xx_HAL_Driver/Src/stm32f1xx_hal_tim.o
                0x00000000080032b8                HAL_TIM_Base_Start
 .text.HAL_TIM_PWM_Init
                0x0000000008003368       0x9e ./Drivers/STM32F1xx_HAL_Driver/Src/stm32f1xx_hal_tim.o
                0x0000000008003368                HAL_TIM_PWM_Init
 *fill*         0x0000000008003406        0x2 
 .text.HAL_TIM_PWM_Start
                0x0000000008003408      0x174 ./Drivers/STM32F1xx_HAL_Driver/Src/stm32f1xx_hal_tim.o
                0x0000000008003408                HAL_TIM_PWM_Start
 .text.HAL_TIM_IRQHandler
                0x000000000800357c      0x210 ./Drivers/STM32F1xx_HAL_Driver/Src/stm32f1xx_hal_tim.o
                0x000000000800357c                HAL_TIM_IRQHandler
 .text.HAL_TIM_PWM_ConfigChannel
                0x000000000800378c      0x17c ./Drivers/STM32F1xx_HAL_Driver/Src/stm32f1xx_hal_tim.o
                0x000000000800378c                HAL_TIM_PWM_ConfigChannel
 .text.HAL_TIM_PeriodElapsedCallback
                0x0000000008003908       0x12 ./Drivers/STM32F1xx_HAL_Driver/Src/stm32f1xx_hal_tim.o
                0x0000000008003908                HAL_TIM_PeriodElapsedCallback
 .text.HAL_TIM_OC_DelayElapsedCallback
                0x000000000800391a       0x12 ./Drivers/STM32F1xx_HAL_Driver/Src/stm32f1xx_hal_tim.o
                0x000000000800391a                HAL_TIM_OC_DelayElapsedCallback
 .text.HAL_TIM_IC_CaptureCallback
                0x000000000800392c       0x12 ./Drivers/STM32F1xx_HAL_Driver/Src/stm32f1xx_hal_tim.o
                0x000000000800392c                HAL_TIM_IC_CaptureCallback
 .text.HAL_TIM_PWM_PulseFinishedCallback
                0x000000000800393e       0x12 ./Drivers/STM32F1xx_HAL_Driver/Src/stm32f1xx_hal_tim.o
                0x000000000800393e                HAL_TIM_PWM_PulseFinishedCallback
 .text.HAL_TIM_TriggerCallback
                0x0000000008003950       0x12 ./Drivers/STM32F1xx_HAL_Driver/Src/stm32f1xx_hal_tim.o
                0x0000000008003950                HAL_TIM_TriggerCallback
 *fill*         0x0000000008003962        0x2 
 .text.TIM_Base_SetConfig
                0x0000000008003964       0xf4 ./Drivers/STM32F1xx_HAL_Driver/Src/stm32f1xx_hal_tim.o
                0x0000000008003964                TIM_Base_SetConfig
 .text.TIM_OC1_SetConfig
                0x0000000008003a58       0xe0 ./Drivers/STM32F1xx_HAL_Driver/Src/stm32f1xx_hal_tim.o
 .text.TIM_OC2_SetConfig
                0x0000000008003b38       0xe8 ./Drivers/STM32F1xx_HAL_Driver/Src/stm32f1xx_hal_tim.o
                0x0000000008003b38                TIM_OC2_SetConfig
 .text.TIM_OC3_SetConfig
                0x0000000008003c20       0xe8 ./Drivers/STM32F1xx_HAL_Driver/Src/stm32f1xx_hal_tim.o
 .text.TIM_OC4_SetConfig
                0x0000000008003d08       0xa8 ./Drivers/STM32F1xx_HAL_Driver/Src/stm32f1xx_hal_tim.o
 .text.TIM_CCxChannelCmd
                0x0000000008003db0       0x48 ./Drivers/STM32F1xx_HAL_Driver/Src/stm32f1xx_hal_tim.o
                0x0000000008003db0                TIM_CCxChannelCmd
 .text.HAL_TIMEx_MasterConfigSynchronization
                0x0000000008003df8       0xd8 ./Drivers/STM32F1xx_HAL_Driver/Src/stm32f1xx_hal_tim_ex.o
                0x0000000008003df8                HAL_TIMEx_MasterConfigSynchronization
 .text.HAL_TIMEx_CommutCallback
                0x0000000008003ed0       0x12 ./Drivers/STM32F1xx_HAL_Driver/Src/stm32f1xx_hal_tim_ex.o
                0x0000000008003ed0                HAL_TIMEx_CommutCallback
 .text.HAL_TIMEx_BreakCallback
                0x0000000008003ee2       0x12 ./Drivers/STM32F1xx_HAL_Driver/Src/stm32f1xx_hal_tim_ex.o
                0x0000000008003ee2                HAL_TIMEx_BreakCallback
 .text.HAL_UART_Init
                0x0000000008003ef4       0x9a ./Drivers/STM32F1xx_HAL_Driver/Src/stm32f1xx_hal_uart.o
                0x0000000008003ef4                HAL_UART_Init
 *fill*         0x0000000008003f8e        0x2 
 .text.HAL_UART_Transmit_DMA
                0x0000000008003f90       0xd8 ./Drivers/STM32F1xx_HAL_Driver/Src/stm32f1xx_hal_uart.o
                0x0000000008003f90                HAL_UART_Transmit_DMA
 .text.HAL_UART_IRQHandler
                0x0000000008004068      0x354 ./Drivers/STM32F1xx_HAL_Driver/Src/stm32f1xx_hal_uart.o
                0x0000000008004068                HAL_UART_IRQHandler
 .text.HAL_UART_TxHalfCpltCallback
                0x00000000080043bc       0x12 ./Drivers/STM32F1xx_HAL_Driver/Src/stm32f1xx_hal_uart.o
                0x00000000080043bc                HAL_UART_TxHalfCpltCallback
 .text.HAL_UART_RxCpltCallback
                0x00000000080043ce       0x12 ./Drivers/STM32F1xx_HAL_Driver/Src/stm32f1xx_hal_uart.o
                0x00000000080043ce                HAL_UART_RxCpltCallback
 .text.HAL_UART_ErrorCallback
                0x00000000080043e0       0x12 ./Drivers/STM32F1xx_HAL_Driver/Src/stm32f1xx_hal_uart.o
                0x00000000080043e0                HAL_UART_ErrorCallback
 .text.HAL_UARTEx_RxEventCallback
                0x00000000080043f2       0x16 ./Drivers/STM32F1xx_HAL_Driver/Src/stm32f1xx_hal_uart.o
                0x00000000080043f2                HAL_UARTEx_RxEventCallback
 .text.UART_DMATransmitCplt
                0x0000000008004408       0x52 ./Drivers/STM32F1xx_HAL_Driver/Src/stm32f1xx_hal_uart.o
 .text.UART_DMATxHalfCplt
                0x000000000800445a       0x1c ./Drivers/STM32F1xx_HAL_Driver/Src/stm32f1xx_hal_uart.o
 .text.UART_DMAError
                0x0000000008004476       0x94 ./Drivers/STM32F1xx_HAL_Driver/Src/stm32f1xx_hal_uart.o
 .text.UART_EndTxTransfer
                0x000000000800450a       0x2a ./Drivers/STM32F1xx_HAL_Driver/Src/stm32f1xx_hal_uart.o
 .text.UART_EndRxTransfer
                0x0000000008004534       0x58 ./Drivers/STM32F1xx_HAL_Driver/Src/stm32f1xx_hal_uart.o
 .text.UART_DMAAbortOnError
                0x000000000800458c       0x28 ./Drivers/STM32F1xx_HAL_Driver/Src/stm32f1xx_hal_uart.o
 .text.UART_Transmit_IT
                0x00000000080045b4       0x9e ./Drivers/STM32F1xx_HAL_Driver/Src/stm32f1xx_hal_uart.o
 .text.UART_EndTransmit_IT
                0x0000000008004652       0x30 ./Drivers/STM32F1xx_HAL_Driver/Src/stm32f1xx_hal_uart.o
 .text.UART_Receive_IT
                0x0000000008004682      0x152 ./Drivers/STM32F1xx_HAL_Driver/Src/stm32f1xx_hal_uart.o
 .text.UART_SetConfig
                0x00000000080047d4      0x11c ./Drivers/STM32F1xx_HAL_Driver/Src/stm32f1xx_hal_uart.o
 .text._ZdlPvj  0x00000000080048f0        0x4 c:/st/stm32cubeide_1.10.1/stm32cubeide/plugins/com.st.stm32cube.ide.mcu.externaltools.gnu-tools-for-stm32.10.3-2021.10.win32_1.0.0.202111181127/tools/bin/../lib/gcc/arm-none-eabi/10.3.1/../../../../arm-none-eabi/lib/thumb/v7-m/nofp\libstdc++_nano.a(del_ops.o)
                0x00000000080048f0                operator delete(void*, unsigned int)
 .text._Znwj    0x00000000080048f4       0x22 c:/st/stm32cubeide_1.10.1/stm32cubeide/plugins/com.st.stm32cube.ide.mcu.externaltools.gnu-tools-for-stm32.10.3-2021.10.win32_1.0.0.202111181127/tools/bin/../lib/gcc/arm-none-eabi/10.3.1/../../../../arm-none-eabi/lib/thumb/v7-m/nofp\libstdc++_nano.a(new_op.o)
                0x00000000080048f4                operator new(unsigned int)
 .text._Znaj    0x0000000008004916        0x4 c:/st/stm32cubeide_1.10.1/stm32cubeide/plugins/com.st.stm32cube.ide.mcu.externaltools.gnu-tools-for-stm32.10.3-2021.10.win32_1.0.0.202111181127/tools/bin/../lib/gcc/arm-none-eabi/10.3.1/../../../../arm-none-eabi/lib/thumb/v7-m/nofp\libstdc++_nano.a(new_opv.o)
                0x0000000008004916                operator new[](unsigned int)
 .text._ZdlPv   0x000000000800491a        0x4 c:/st/stm32cubeide_1.10.1/stm32cubeide/plugins/com.st.stm32cube.ide.mcu.externaltools.gnu-tools-for-stm32.10.3-2021.10.win32_1.0.0.202111181127/tools/bin/../lib/gcc/arm-none-eabi/10.3.1/../../../../arm-none-eabi/lib/thumb/v7-m/nofp\libstdc++_nano.a(del_op.o)
                0x000000000800491a                operator delete(void*)
 *fill*         0x000000000800491e        0x2 
 .text._ZSt15get_new_handlerv
                0x0000000008004920       0x10 c:/st/stm32cubeide_1.10.1/stm32cubeide/plugins/com.st.stm32cube.ide.mcu.externaltools.gnu-tools-for-stm32.10.3-2021.10.win32_1.0.0.202111181127/tools/bin/../lib/gcc/arm-none-eabi/10.3.1/../../../../arm-none-eabi/lib/thumb/v7-m/nofp\libstdc++_nano.a(new_handler.o)
                0x0000000008004920                std::get_new_handler()
 .text.abort    0x0000000008004930        0xe c:/st/stm32cubeide_1.10.1/stm32cubeide/plugins/com.st.stm32cube.ide.mcu.externaltools.gnu-tools-for-stm32.10.3-2021.10.win32_1.0.0.202111181127/tools/bin/../lib/gcc/arm-none-eabi/10.3.1/../../../../arm-none-eabi/lib/thumb/v7-m/nofp\libc_nano.a(lib_a-abort.o)
                0x0000000008004930                abort
 *fill*         0x000000000800493e        0x2 
 .text.__errno  0x0000000008004940        0xc c:/st/stm32cubeide_1.10.1/stm32cubeide/plugins/com.st.stm32cube.ide.mcu.externaltools.gnu-tools-for-stm32.10.3-2021.10.win32_1.0.0.202111181127/tools/bin/../lib/gcc/arm-none-eabi/10.3.1/../../../../arm-none-eabi/lib/thumb/v7-m/nofp\libc_nano.a(lib_a-errno.o)
                0x0000000008004940                __errno
 .text.__libc_init_array
                0x000000000800494c       0x48 c:/st/stm32cubeide_1.10.1/stm32cubeide/plugins/com.st.stm32cube.ide.mcu.externaltools.gnu-tools-for-stm32.10.3-2021.10.win32_1.0.0.202111181127/tools/bin/../lib/gcc/arm-none-eabi/10.3.1/../../../../arm-none-eabi/lib/thumb/v7-m/nofp\libc_nano.a(lib_a-init.o)
                0x000000000800494c                __libc_init_array
 .text.malloc   0x0000000008004994       0x10 c:/st/stm32cubeide_1.10.1/stm32cubeide/plugins/com.st.stm32cube.ide.mcu.externaltools.gnu-tools-for-stm32.10.3-2021.10.win32_1.0.0.202111181127/tools/bin/../lib/gcc/arm-none-eabi/10.3.1/../../../../arm-none-eabi/lib/thumb/v7-m/nofp\libc_nano.a(lib_a-malloc.o)
                0x0000000008004994                malloc
 .text.free     0x00000000080049a4       0x10 c:/st/stm32cubeide_1.10.1/stm32cubeide/plugins/com.st.stm32cube.ide.mcu.externaltools.gnu-tools-for-stm32.10.3-2021.10.win32_1.0.0.202111181127/tools/bin/../lib/gcc/arm-none-eabi/10.3.1/../../../../arm-none-eabi/lib/thumb/v7-m/nofp\libc_nano.a(lib_a-malloc.o)
                0x00000000080049a4                free
 .text.memcpy   0x00000000080049b4       0x1c c:/st/stm32cubeide_1.10.1/stm32cubeide/plugins/com.st.stm32cube.ide.mcu.externaltools.gnu-tools-for-stm32.10.3-2021.10.win32_1.0.0.202111181127/tools/bin/../lib/gcc/arm-none-eabi/10.3.1/../../../../arm-none-eabi/lib/thumb/v7-m/nofp\libc_nano.a(lib_a-memcpy-stub.o)
                0x00000000080049b4                memcpy
 .text.memset   0x00000000080049d0       0x10 c:/st/stm32cubeide_1.10.1/stm32cubeide/plugins/com.st.stm32cube.ide.mcu.externaltools.gnu-tools-for-stm32.10.3-2021.10.win32_1.0.0.202111181127/tools/bin/../lib/gcc/arm-none-eabi/10.3.1/../../../../arm-none-eabi/lib/thumb/v7-m/nofp\libc_nano.a(lib_a-memset.o)
                0x00000000080049d0                memset
 .text._free_r  0x00000000080049e0       0x90 c:/st/stm32cubeide_1.10.1/stm32cubeide/plugins/com.st.stm32cube.ide.mcu.externaltools.gnu-tools-for-stm32.10.3-2021.10.win32_1.0.0.202111181127/tools/bin/../lib/gcc/arm-none-eabi/10.3.1/../../../../arm-none-eabi/lib/thumb/v7-m/nofp\libc_nano.a(lib_a-nano-freer.o)
                0x00000000080049e0                _free_r
 .text.sbrk_aligned
                0x0000000008004a70       0x40 c:/st/stm32cubeide_1.10.1/stm32cubeide/plugins/com.st.stm32cube.ide.mcu.externaltools.gnu-tools-for-stm32.10.3-2021.10.win32_1.0.0.202111181127/tools/bin/../lib/gcc/arm-none-eabi/10.3.1/../../../../arm-none-eabi/lib/thumb/v7-m/nofp\libc_nano.a(lib_a-nano-mallocr.o)
 .text._malloc_r
                0x0000000008004ab0       0xe8 c:/st/stm32cubeide_1.10.1/stm32cubeide/plugins/com.st.stm32cube.ide.mcu.externaltools.gnu-tools-for-stm32.10.3-2021.10.win32_1.0.0.202111181127/tools/bin/../lib/gcc/arm-none-eabi/10.3.1/../../../../arm-none-eabi/lib/thumb/v7-m/nofp\libc_nano.a(lib_a-nano-mallocr.o)
                0x0000000008004ab0                _malloc_r
 .text._sbrk_r  0x0000000008004b98       0x20 c:/st/stm32cubeide_1.10.1/stm32cubeide/plugins/com.st.stm32cube.ide.mcu.externaltools.gnu-tools-for-stm32.10.3-2021.10.win32_1.0.0.202111181127/tools/bin/../lib/gcc/arm-none-eabi/10.3.1/../../../../arm-none-eabi/lib/thumb/v7-m/nofp\libc_nano.a(lib_a-sbrkr.o)
                0x0000000008004b98                _sbrk_r
 .text._raise_r
                0x0000000008004bb8       0x50 c:/st/stm32cubeide_1.10.1/stm32cubeide/plugins/com.st.stm32cube.ide.mcu.externaltools.gnu-tools-for-stm32.10.3-2021.10.win32_1.0.0.202111181127/tools/bin/../lib/gcc/arm-none-eabi/10.3.1/../../../../arm-none-eabi/lib/thumb/v7-m/nofp\libc_nano.a(lib_a-signal.o)
                0x0000000008004bb8                _raise_r
 .text.raise    0x0000000008004c08       0x10 c:/st/stm32cubeide_1.10.1/stm32cubeide/plugins/com.st.stm32cube.ide.mcu.externaltools.gnu-tools-for-stm32.10.3-2021.10.win32_1.0.0.202111181127/tools/bin/../lib/gcc/arm-none-eabi/10.3.1/../../../../arm-none-eabi/lib/thumb/v7-m/nofp\libc_nano.a(lib_a-signal.o)
                0x0000000008004c08                raise
 .text._kill_r  0x0000000008004c18       0x24 c:/st/stm32cubeide_1.10.1/stm32cubeide/plugins/com.st.stm32cube.ide.mcu.externaltools.gnu-tools-for-stm32.10.3-2021.10.win32_1.0.0.202111181127/tools/bin/../lib/gcc/arm-none-eabi/10.3.1/../../../../arm-none-eabi/lib/thumb/v7-m/nofp\libc_nano.a(lib_a-signalr.o)
                0x0000000008004c18                _kill_r
 .text._getpid_r
                0x0000000008004c3c        0x4 c:/st/stm32cubeide_1.10.1/stm32cubeide/plugins/com.st.stm32cube.ide.mcu.externaltools.gnu-tools-for-stm32.10.3-2021.10.win32_1.0.0.202111181127/tools/bin/../lib/gcc/arm-none-eabi/10.3.1/../../../../arm-none-eabi/lib/thumb/v7-m/nofp\libc_nano.a(lib_a-signalr.o)
                0x0000000008004c3c                _getpid_r
 .text.sprintf  0x0000000008004c40       0x40 c:/st/stm32cubeide_1.10.1/stm32cubeide/plugins/com.st.stm32cube.ide.mcu.externaltools.gnu-tools-for-stm32.10.3-2021.10.win32_1.0.0.202111181127/tools/bin/../lib/gcc/arm-none-eabi/10.3.1/../../../../arm-none-eabi/lib/thumb/v7-m/nofp\libc_nano.a(lib_a-sprintf.o)
                0x0000000008004c40                siprintf
                0x0000000008004c40                sprintf
 .text.__malloc_lock
                0x0000000008004c80        0xc c:/st/stm32cubeide_1.10.1/stm32cubeide/plugins/com.st.stm32cube.ide.mcu.externaltools.gnu-tools-for-stm32.10.3-2021.10.win32_1.0.0.202111181127/tools/bin/../lib/gcc/arm-none-eabi/10.3.1/../../../../arm-none-eabi/lib/thumb/v7-m/nofp\libc_nano.a(lib_a-mlock.o)
                0x0000000008004c80                __malloc_lock
 .text.__malloc_unlock
                0x0000000008004c8c        0xc c:/st/stm32cubeide_1.10.1/stm32cubeide/plugins/com.st.stm32cube.ide.mcu.externaltools.gnu-tools-for-stm32.10.3-2021.10.win32_1.0.0.202111181127/tools/bin/../lib/gcc/arm-none-eabi/10.3.1/../../../../arm-none-eabi/lib/thumb/v7-m/nofp\libc_nano.a(lib_a-mlock.o)
                0x0000000008004c8c                __malloc_unlock
 .text.__ssputs_r
                0x0000000008004c98       0xb6 c:/st/stm32cubeide_1.10.1/stm32cubeide/plugins/com.st.stm32cube.ide.mcu.externaltools.gnu-tools-for-stm32.10.3-2021.10.win32_1.0.0.202111181127/tools/bin/../lib/gcc/arm-none-eabi/10.3.1/../../../../arm-none-eabi/lib/thumb/v7-m/nofp\libc_nano.a(lib_a-nano-svfprintf.o)
                0x0000000008004c98                __ssputs_r
 *fill*         0x0000000008004d4e        0x2 
 .text._svfprintf_r
                0x0000000008004d50      0x200 c:/st/stm32cubeide_1.10.1/stm32cubeide/plugins/com.st.stm32cube.ide.mcu.externaltools.gnu-tools-for-stm32.10.3-2021.10.win32_1.0.0.202111181127/tools/bin/../lib/gcc/arm-none-eabi/10.3.1/../../../../arm-none-eabi/lib/thumb/v7-m/nofp\libc_nano.a(lib_a-nano-svfprintf.o)
                0x0000000008004d50                _svfiprintf_r
                0x0000000008004d50                _svfprintf_r
 .text._printf_common
                0x0000000008004f50       0xde c:/st/stm32cubeide_1.10.1/stm32cubeide/plugins/com.st.stm32cube.ide.mcu.externaltools.gnu-tools-for-stm32.10.3-2021.10.win32_1.0.0.202111181127/tools/bin/../lib/gcc/arm-none-eabi/10.3.1/../../../../arm-none-eabi/lib/thumb/v7-m/nofp\libc_nano.a(lib_a-nano-vfprintf_i.o)
                0x0000000008004f50                _printf_common
 *fill*         0x000000000800502e        0x2 
 .text._printf_i
                0x0000000008005030      0x24c c:/st/stm32cubeide_1.10.1/stm32cubeide/plugins/com.st.stm32cube.ide.mcu.externaltools.gnu-tools-for-stm32.10.3-2021.10.win32_1.0.0.202111181127/tools/bin/../lib/gcc/arm-none-eabi/10.3.1/../../../../arm-none-eabi/lib/thumb/v7-m/nofp\libc_nano.a(lib_a-nano-vfprintf_i.o)
                0x0000000008005030                _printf_i
 .text.__retarget_lock_acquire_recursive
                0x000000000800527c        0x2 c:/st/stm32cubeide_1.10.1/stm32cubeide/plugins/com.st.stm32cube.ide.mcu.externaltools.gnu-tools-for-stm32.10.3-2021.10.win32_1.0.0.202111181127/tools/bin/../lib/gcc/arm-none-eabi/10.3.1/../../../../arm-none-eabi/lib/thumb/v7-m/nofp\libc_nano.a(lib_a-lock.o)
                0x000000000800527c                __retarget_lock_acquire_recursive
 .text.__retarget_lock_release_recursive
                0x000000000800527e        0x2 c:/st/stm32cubeide_1.10.1/stm32cubeide/plugins/com.st.stm32cube.ide.mcu.externaltools.gnu-tools-for-stm32.10.3-2021.10.win32_1.0.0.202111181127/tools/bin/../lib/gcc/arm-none-eabi/10.3.1/../../../../arm-none-eabi/lib/thumb/v7-m/nofp\libc_nano.a(lib_a-lock.o)
                0x000000000800527e                __retarget_lock_release_recursive
 .text.memchr   0x0000000008005280       0x1c c:/st/stm32cubeide_1.10.1/stm32cubeide/plugins/com.st.stm32cube.ide.mcu.externaltools.gnu-tools-for-stm32.10.3-2021.10.win32_1.0.0.202111181127/tools/bin/../lib/gcc/arm-none-eabi/10.3.1/../../../../arm-none-eabi/lib/thumb/v7-m/nofp\libc_nano.a(lib_a-memchr-stub.o)
                0x0000000008005280                memchr
 .text.memmove  0x000000000800529c       0x34 c:/st/stm32cubeide_1.10.1/stm32cubeide/plugins/com.st.stm32cube.ide.mcu.externaltools.gnu-tools-for-stm32.10.3-2021.10.win32_1.0.0.202111181127/tools/bin/../lib/gcc/arm-none-eabi/10.3.1/../../../../arm-none-eabi/lib/thumb/v7-m/nofp\libc_nano.a(lib_a-memmove.o)
                0x000000000800529c                memmove
 .text._realloc_r
                0x00000000080052d0       0x5e c:/st/stm32cubeide_1.10.1/stm32cubeide/plugins/com.st.stm32cube.ide.mcu.externaltools.gnu-tools-for-stm32.10.3-2021.10.win32_1.0.0.202111181127/tools/bin/../lib/gcc/arm-none-eabi/10.3.1/../../../../arm-none-eabi/lib/thumb/v7-m/nofp\libc_nano.a(lib_a-nano-reallocr.o)
                0x00000000080052d0                _realloc_r
 .text._malloc_usable_size_r
                0x000000000800532e       0x10 c:/st/stm32cubeide_1.10.1/stm32cubeide/plugins/com.st.stm32cube.ide.mcu.externaltools.gnu-tools-for-stm32.10.3-2021.10.win32_1.0.0.202111181127/tools/bin/../lib/gcc/arm-none-eabi/10.3.1/../../../../arm-none-eabi/lib/thumb/v7-m/nofp\libc_nano.a(lib_a-nano-msizer.o)
                0x000000000800532e                _malloc_usable_size_r
 *(.glue_7)
 .glue_7        0x000000000800533e        0x0 linker stubs
 *(.glue_7t)
 .glue_7t       0x000000000800533e        0x0 linker stubs
 *(.eh_frame)
 *fill*         0x000000000800533e        0x2 
 .eh_frame      0x0000000008005340        0x0 c:/st/stm32cubeide_1.10.1/stm32cubeide/plugins/com.st.stm32cube.ide.mcu.externaltools.gnu-tools-for-stm32.10.3-2021.10.win32_1.0.0.202111181127/tools/bin/../lib/gcc/arm-none-eabi/10.3.1/thumb/v7-m/nofp/crtbegin.o
 *(.init)
 .init          0x0000000008005340        0x4 c:/st/stm32cubeide_1.10.1/stm32cubeide/plugins/com.st.stm32cube.ide.mcu.externaltools.gnu-tools-for-stm32.10.3-2021.10.win32_1.0.0.202111181127/tools/bin/../lib/gcc/arm-none-eabi/10.3.1/thumb/v7-m/nofp/crti.o
                0x0000000008005340                _init
 .init          0x0000000008005344        0x8 c:/st/stm32cubeide_1.10.1/stm32cubeide/plugins/com.st.stm32cube.ide.mcu.externaltools.gnu-tools-for-stm32.10.3-2021.10.win32_1.0.0.202111181127/tools/bin/../lib/gcc/arm-none-eabi/10.3.1/thumb/v7-m/nofp/crtn.o
 *(.fini)
 .fini          0x000000000800534c        0x4 c:/st/stm32cubeide_1.10.1/stm32cubeide/plugins/com.st.stm32cube.ide.mcu.externaltools.gnu-tools-for-stm32.10.3-2021.10.win32_1.0.0.202111181127/tools/bin/../lib/gcc/arm-none-eabi/10.3.1/thumb/v7-m/nofp/crti.o
                0x000000000800534c                _fini
 .fini          0x0000000008005350        0x8 c:/st/stm32cubeide_1.10.1/stm32cubeide/plugins/com.st.stm32cube.ide.mcu.externaltools.gnu-tools-for-stm32.10.3-2021.10.win32_1.0.0.202111181127/tools/bin/../lib/gcc/arm-none-eabi/10.3.1/thumb/v7-m/nofp/crtn.o
                0x0000000008005358                . = ALIGN (0x4)
                0x0000000008005358                _etext = .

.vfp11_veneer   0x0000000008005358        0x0
 .vfp11_veneer  0x0000000008005358        0x0 linker stubs

.v4_bx          0x0000000008005358        0x0
 .v4_bx         0x0000000008005358        0x0 linker stubs

.iplt           0x0000000008005358        0x0
 .iplt          0x0000000008005358        0x0 c:/st/stm32cubeide_1.10.1/stm32cubeide/plugins/com.st.stm32cube.ide.mcu.externaltools.gnu-tools-for-stm32.10.3-2021.10.win32_1.0.0.202111181127/tools/bin/../lib/gcc/arm-none-eabi/10.3.1/thumb/v7-m/nofp/crtbegin.o

.rodata         0x0000000008005358       0xe4
                0x0000000008005358                . = ALIGN (0x4)
 *(.rodata)
 .rodata        0x0000000008005358       0x5d ./Core/Src/Cpp/SerialDebug.o
 *fill*         0x00000000080053b5        0x3 
 .rodata        0x00000000080053b8       0x15 ./Core/Src/Cpp/Start.o
 *fill*         0x00000000080053cd        0x3 
 .rodata        0x00000000080053d0       0x10 ./Drivers/STM32F1xx_HAL_Driver/Src/stm32f1xx_hal_rcc.o
 *(.rodata*)
 .rodata._ZTV10StaticFIFO
                0x00000000080053e0       0x10 ./Core/Src/Cpp/StaticFIFO.o
                0x00000000080053e0                vtable for StaticFIFO
 .rodata.AHBPrescTable
                0x00000000080053f0       0x10 ./Core/Src/system_stm32f1xx.o
                0x00000000080053f0                AHBPrescTable
 .rodata.APBPrescTable
                0x0000000008005400        0x8 ./Core/Src/system_stm32f1xx.o
                0x0000000008005400                APBPrescTable
 .rodata._svfprintf_r.str1.1
                0x0000000008005408       0x11 c:/st/stm32cubeide_1.10.1/stm32cubeide/plugins/com.st.stm32cube.ide.mcu.externaltools.gnu-tools-for-stm32.10.3-2021.10.win32_1.0.0.202111181127/tools/bin/../lib/gcc/arm-none-eabi/10.3.1/../../../../arm-none-eabi/lib/thumb/v7-m/nofp\libc_nano.a(lib_a-nano-svfprintf.o)
 .rodata._printf_i.str1.1
                0x0000000008005419       0x22 c:/st/stm32cubeide_1.10.1/stm32cubeide/plugins/com.st.stm32cube.ide.mcu.externaltools.gnu-tools-for-stm32.10.3-2021.10.win32_1.0.0.202111181127/tools/bin/../lib/gcc/arm-none-eabi/10.3.1/../../../../arm-none-eabi/lib/thumb/v7-m/nofp\libc_nano.a(lib_a-nano-vfprintf_i.o)
                0x000000000800543c                . = ALIGN (0x4)
 *fill*         0x000000000800543b        0x1 

.rel.dyn        0x000000000800543c        0x0
 .rel.iplt      0x000000000800543c        0x0 c:/st/stm32cubeide_1.10.1/stm32cubeide/plugins/com.st.stm32cube.ide.mcu.externaltools.gnu-tools-for-stm32.10.3-2021.10.win32_1.0.0.202111181127/tools/bin/../lib/gcc/arm-none-eabi/10.3.1/thumb/v7-m/nofp/crtbegin.o

.ARM.extab      0x000000000800543c        0x0
                0x000000000800543c                . = ALIGN (0x4)
 *(.ARM.extab* .gnu.linkonce.armextab.*)
                0x000000000800543c                . = ALIGN (0x4)

.ARM            0x000000000800543c        0x0
                0x000000000800543c                . = ALIGN (0x4)
                0x000000000800543c                __exidx_start = .
 *(.ARM.exidx*)
                0x000000000800543c                __exidx_end = .
                0x000000000800543c                . = ALIGN (0x4)

.preinit_array  0x000000000800543c        0x0
                0x000000000800543c                . = ALIGN (0x4)
                0x000000000800543c                PROVIDE (__preinit_array_start = .)
 *(.preinit_array*)
                0x000000000800543c                PROVIDE (__preinit_array_end = .)
                0x000000000800543c                . = ALIGN (0x4)

.init_array     0x000000000800543c        0x8
                0x000000000800543c                . = ALIGN (0x4)
                0x000000000800543c                PROVIDE (__init_array_start = .)
 *(SORT_BY_NAME(.init_array.*))
 *(.init_array*)
 .init_array    0x000000000800543c        0x4 c:/st/stm32cubeide_1.10.1/stm32cubeide/plugins/com.st.stm32cube.ide.mcu.externaltools.gnu-tools-for-stm32.10.3-2021.10.win32_1.0.0.202111181127/tools/bin/../lib/gcc/arm-none-eabi/10.3.1/thumb/v7-m/nofp/crtbegin.o
 .init_array    0x0000000008005440        0x4 ./Core/Src/Cpp/Start.o
                0x0000000008005444                PROVIDE (__init_array_end = .)
                0x0000000008005444                . = ALIGN (0x4)

.fini_array     0x0000000008005444        0x8
                0x0000000008005444                . = ALIGN (0x4)
                [!provide]                        PROVIDE (__fini_array_start = .)
 *(SORT_BY_NAME(.fini_array.*))
 *(.fini_array*)
 .fini_array    0x0000000008005444        0x4 c:/st/stm32cubeide_1.10.1/stm32cubeide/plugins/com.st.stm32cube.ide.mcu.externaltools.gnu-tools-for-stm32.10.3-2021.10.win32_1.0.0.202111181127/tools/bin/../lib/gcc/arm-none-eabi/10.3.1/thumb/v7-m/nofp/crtbegin.o
 .fini_array    0x0000000008005448        0x4 ./Core/Src/Cpp/Start.o
                [!provide]                        PROVIDE (__fini_array_end = .)
                0x000000000800544c                . = ALIGN (0x4)
                0x000000000800544c                _sidata = LOADADDR (.data)

.data           0x0000000020000000       0x70 load address 0x000000000800544c
                0x0000000020000000                . = ALIGN (0x4)
                0x0000000020000000                _sdata = .
 *(.data)
 *(.data*)
 .data.SystemCoreClock
                0x0000000020000000        0x4 ./Core/Src/system_stm32f1xx.o
                0x0000000020000000                SystemCoreClock
 .data.uwTickPrio
                0x0000000020000004        0x4 ./Drivers/STM32F1xx_HAL_Driver/Src/stm32f1xx_hal.o
                0x0000000020000004                uwTickPrio
 .data.uwTickFreq
                0x0000000020000008        0x1 ./Drivers/STM32F1xx_HAL_Driver/Src/stm32f1xx_hal.o
                0x0000000020000008                uwTickFreq
 *fill*         0x0000000020000009        0x3 
 .data._impure_ptr
                0x000000002000000c        0x4 c:/st/stm32cubeide_1.10.1/stm32cubeide/plugins/com.st.stm32cube.ide.mcu.externaltools.gnu-tools-for-stm32.10.3-2021.10.win32_1.0.0.202111181127/tools/bin/../lib/gcc/arm-none-eabi/10.3.1/../../../../arm-none-eabi/lib/thumb/v7-m/nofp\libc_nano.a(lib_a-impure.o)
                0x000000002000000c                _impure_ptr
 .data.impure_data
                0x0000000020000010       0x60 c:/st/stm32cubeide_1.10.1/stm32cubeide/plugins/com.st.stm32cube.ide.mcu.externaltools.gnu-tools-for-stm32.10.3-2021.10.win32_1.0.0.202111181127/tools/bin/../lib/gcc/arm-none-eabi/10.3.1/../../../../arm-none-eabi/lib/thumb/v7-m/nofp\libc_nano.a(lib_a-impure.o)
 *(.RamFunc)
 *(.RamFunc*)
                0x0000000020000070                . = ALIGN (0x4)
                0x0000000020000070                _edata = .

.igot.plt       0x0000000020000070        0x0 load address 0x00000000080054bc
 .igot.plt      0x0000000020000070        0x0 c:/st/stm32cubeide_1.10.1/stm32cubeide/plugins/com.st.stm32cube.ide.mcu.externaltools.gnu-tools-for-stm32.10.3-2021.10.win32_1.0.0.202111181127/tools/bin/../lib/gcc/arm-none-eabi/10.3.1/thumb/v7-m/nofp/crtbegin.o
                0x0000000020000070                . = ALIGN (0x4)

.bss            0x0000000020000070      0x2b8 load address 0x00000000080054bc
                0x0000000020000070                _sbss = .
                0x0000000020000070                __bss_start__ = _sbss
 *(.bss)
 .bss           0x0000000020000070       0x1c c:/st/stm32cubeide_1.10.1/stm32cubeide/plugins/com.st.stm32cube.ide.mcu.externaltools.gnu-tools-for-stm32.10.3-2021.10.win32_1.0.0.202111181127/tools/bin/../lib/gcc/arm-none-eabi/10.3.1/thumb/v7-m/nofp/crtbegin.o
 *(.bss*)
 .bss.debug     0x000000002000008c       0x54 ./Core/Src/Cpp/Start.o
                0x000000002000008c                debug
 .bss.motor0    0x00000000200000e0       0x18 ./Core/Src/Cpp/Start.o
                0x00000000200000e0                motor0
 .bss.adcprintbuf
                0x00000000200000f8       0x40 ./Core/Src/Cpp/Start.o
                0x00000000200000f8                adcprintbuf
 .bss.adcresult
                0x0000000020000138        0x4 ./Core/Src/Cpp/Start.o
                0x0000000020000138                adcresult
 .bss.hadc1     0x000000002000013c       0x30 ./Core/Src/main.o
                0x000000002000013c                hadc1
 .bss.hdma_adc1
                0x000000002000016c       0x44 ./Core/Src/main.o
                0x000000002000016c                hdma_adc1
 .bss.htim3     0x00000000200001b0       0x48 ./Core/Src/main.o
                0x00000000200001b0                htim3
 .bss.htim6     0x00000000200001f8       0x48 ./Core/Src/main.o
                0x00000000200001f8                htim6
 .bss.huart1    0x0000000020000240       0x44 ./Core/Src/main.o
                0x0000000020000240                huart1
 .bss.huart3    0x0000000020000284       0x44 ./Core/Src/main.o
                0x0000000020000284                huart3
 .bss.hdma_usart1_tx
                0x00000000200002c8       0x44 ./Core/Src/main.o
                0x00000000200002c8                hdma_usart1_tx
 .bss.__sbrk_heap_end
                0x000000002000030c        0x4 ./Core/Src/sysmem.o
 .bss.uwTick    0x0000000020000310        0x4 ./Drivers/STM32F1xx_HAL_Driver/Src/stm32f1xx_hal.o
                0x0000000020000310                uwTick
 .bss._ZN12_GLOBAL__N_113__new_handlerE
                0x0000000020000314        0x4 c:/st/stm32cubeide_1.10.1/stm32cubeide/plugins/com.st.stm32cube.ide.mcu.externaltools.gnu-tools-for-stm32.10.3-2021.10.win32_1.0.0.202111181127/tools/bin/../lib/gcc/arm-none-eabi/10.3.1/../../../../arm-none-eabi/lib/thumb/v7-m/nofp\libstdc++_nano.a(new_handler.o)
 .bss.__malloc_free_list
                0x0000000020000318        0x4 c:/st/stm32cubeide_1.10.1/stm32cubeide/plugins/com.st.stm32cube.ide.mcu.externaltools.gnu-tools-for-stm32.10.3-2021.10.win32_1.0.0.202111181127/tools/bin/../lib/gcc/arm-none-eabi/10.3.1/../../../../arm-none-eabi/lib/thumb/v7-m/nofp\libc_nano.a(lib_a-nano-mallocr.o)
                0x0000000020000318                __malloc_free_list
 .bss.__malloc_sbrk_start
                0x000000002000031c        0x4 c:/st/stm32cubeide_1.10.1/stm32cubeide/plugins/com.st.stm32cube.ide.mcu.externaltools.gnu-tools-for-stm32.10.3-2021.10.win32_1.0.0.202111181127/tools/bin/../lib/gcc/arm-none-eabi/10.3.1/../../../../arm-none-eabi/lib/thumb/v7-m/nofp\libc_nano.a(lib_a-nano-mallocr.o)
                0x000000002000031c                __malloc_sbrk_start
 .bss.errno     0x0000000020000320        0x4 c:/st/stm32cubeide_1.10.1/stm32cubeide/plugins/com.st.stm32cube.ide.mcu.externaltools.gnu-tools-for-stm32.10.3-2021.10.win32_1.0.0.202111181127/tools/bin/../lib/gcc/arm-none-eabi/10.3.1/../../../../arm-none-eabi/lib/thumb/v7-m/nofp\libc_nano.a(lib_a-reent.o)
                0x0000000020000320                errno
 .bss.__lock___malloc_recursive_mutex
                0x0000000020000324        0x1 c:/st/stm32cubeide_1.10.1/stm32cubeide/plugins/com.st.stm32cube.ide.mcu.externaltools.gnu-tools-for-stm32.10.3-2021.10.win32_1.0.0.202111181127/tools/bin/../lib/gcc/arm-none-eabi/10.3.1/../../../../arm-none-eabi/lib/thumb/v7-m/nofp\libc_nano.a(lib_a-lock.o)
                0x0000000020000324                __lock___malloc_recursive_mutex
 *(COMMON)
                0x0000000020000328                . = ALIGN (0x4)
 *fill*         0x0000000020000325        0x3 
                0x0000000020000328                _ebss = .
                0x0000000020000328                __bss_end__ = _ebss

._user_heap_stack
                0x0000000020000328      0x600 load address 0x00000000080054bc
                0x0000000020000328                . = ALIGN (0x8)
                [!provide]                        PROVIDE (end = .)
                0x0000000020000328                PROVIDE (_end = .)
                0x0000000020000528                . = (. + _Min_Heap_Size)
 *fill*         0x0000000020000328      0x200 
                0x0000000020000928                . = (. + _Min_Stack_Size)
 *fill*         0x0000000020000528      0x400 
                0x0000000020000928                . = ALIGN (0x8)

/DISCARD/
 libc.a(*)
 libm.a(*)
 libgcc.a(*)

.ARM.attributes
                0x0000000000000000       0x29
 *(.ARM.attributes)
 .ARM.attributes
                0x0000000000000000       0x1d c:/st/stm32cubeide_1.10.1/stm32cubeide/plugins/com.st.stm32cube.ide.mcu.externaltools.gnu-tools-for-stm32.10.3-2021.10.win32_1.0.0.202111181127/tools/bin/../lib/gcc/arm-none-eabi/10.3.1/thumb/v7-m/nofp/crti.o
 .ARM.attributes
                0x000000000000001d       0x2d c:/st/stm32cubeide_1.10.1/stm32cubeide/plugins/com.st.stm32cube.ide.mcu.externaltools.gnu-tools-for-stm32.10.3-2021.10.win32_1.0.0.202111181127/tools/bin/../lib/gcc/arm-none-eabi/10.3.1/thumb/v7-m/nofp/crtbegin.o
 .ARM.attributes
                0x000000000000004a       0x2d ./Core/Src/Cpp/BTS7960B.o
 .ARM.attributes
                0x0000000000000077       0x2d ./Core/Src/Cpp/SerialDebug.o
 .ARM.attributes
                0x00000000000000a4       0x2d ./Core/Src/Cpp/Start.o
 .ARM.attributes
                0x00000000000000d1       0x2d ./Core/Src/Cpp/StaticFIFO.o
 .ARM.attributes
                0x00000000000000fe       0x2d ./Core/Src/main.o
 .ARM.attributes
                0x000000000000012b       0x2d ./Core/Src/stm32f1xx_hal_msp.o
 .ARM.attributes
                0x0000000000000158       0x2d ./Core/Src/stm32f1xx_it.o
 .ARM.attributes
                0x0000000000000185       0x2d ./Core/Src/syscalls.o
 .ARM.attributes
                0x00000000000001b2       0x2d ./Core/Src/sysmem.o
 .ARM.attributes
                0x00000000000001df       0x2d ./Core/Src/system_stm32f1xx.o
 .ARM.attributes
                0x000000000000020c       0x21 ./Core/Startup/startup_stm32f103retx.o
 .ARM.attributes
                0x000000000000022d       0x2d ./Drivers/STM32F1xx_HAL_Driver/Src/stm32f1xx_hal.o
 .ARM.attributes
                0x000000000000025a       0x2d ./Drivers/STM32F1xx_HAL_Driver/Src/stm32f1xx_hal_adc.o
 .ARM.attributes
                0x0000000000000287       0x2d ./Drivers/STM32F1xx_HAL_Driver/Src/stm32f1xx_hal_cortex.o
 .ARM.attributes
                0x00000000000002b4       0x2d ./Drivers/STM32F1xx_HAL_Driver/Src/stm32f1xx_hal_dma.o
 .ARM.attributes
                0x00000000000002e1       0x2d ./Drivers/STM32F1xx_HAL_Driver/Src/stm32f1xx_hal_gpio.o
 .ARM.attributes
                0x000000000000030e       0x2d ./Drivers/STM32F1xx_HAL_Driver/Src/stm32f1xx_hal_rcc.o
 .ARM.attributes
                0x000000000000033b       0x2d ./Drivers/STM32F1xx_HAL_Driver/Src/stm32f1xx_hal_rcc_ex.o
 .ARM.attributes
                0x0000000000000368       0x2d ./Drivers/STM32F1xx_HAL_Driver/Src/stm32f1xx_hal_tim.o
 .ARM.attributes
                0x0000000000000395       0x2d ./Drivers/STM32F1xx_HAL_Driver/Src/stm32f1xx_hal_tim_ex.o
 .ARM.attributes
                0x00000000000003c2       0x2d ./Drivers/STM32F1xx_HAL_Driver/Src/stm32f1xx_hal_uart.o
 .ARM.attributes
                0x00000000000003ef       0x2d c:/st/stm32cubeide_1.10.1/stm32cubeide/plugins/com.st.stm32cube.ide.mcu.externaltools.gnu-tools-for-stm32.10.3-2021.10.win32_1.0.0.202111181127/tools/bin/../lib/gcc/arm-none-eabi/10.3.1/../../../../arm-none-eabi/lib/thumb/v7-m/nofp\libstdc++_nano.a(del_ops.o)
 .ARM.attributes
                0x000000000000041c       0x2d c:/st/stm32cubeide_1.10.1/stm32cubeide/plugins/com.st.stm32cube.ide.mcu.externaltools.gnu-tools-for-stm32.10.3-2021.10.win32_1.0.0.202111181127/tools/bin/../lib/gcc/arm-none-eabi/10.3.1/../../../../arm-none-eabi/lib/thumb/v7-m/nofp\libstdc++_nano.a(new_op.o)
 .ARM.attributes
                0x0000000000000449       0x2d c:/st/stm32cubeide_1.10.1/stm32cubeide/plugins/com.st.stm32cube.ide.mcu.externaltools.gnu-tools-for-stm32.10.3-2021.10.win32_1.0.0.202111181127/tools/bin/../lib/gcc/arm-none-eabi/10.3.1/../../../../arm-none-eabi/lib/thumb/v7-m/nofp\libstdc++_nano.a(new_opv.o)
 .ARM.attributes
                0x0000000000000476       0x2d c:/st/stm32cubeide_1.10.1/stm32cubeide/plugins/com.st.stm32cube.ide.mcu.externaltools.gnu-tools-for-stm32.10.3-2021.10.win32_1.0.0.202111181127/tools/bin/../lib/gcc/arm-none-eabi/10.3.1/../../../../arm-none-eabi/lib/thumb/v7-m/nofp\libstdc++_nano.a(del_op.o)
 .ARM.attributes
                0x00000000000004a3       0x2d c:/st/stm32cubeide_1.10.1/stm32cubeide/plugins/com.st.stm32cube.ide.mcu.externaltools.gnu-tools-for-stm32.10.3-2021.10.win32_1.0.0.202111181127/tools/bin/../lib/gcc/arm-none-eabi/10.3.1/../../../../arm-none-eabi/lib/thumb/v7-m/nofp\libstdc++_nano.a(new_handler.o)
 .ARM.attributes
                0x00000000000004d0       0x2d c:/st/stm32cubeide_1.10.1/stm32cubeide/plugins/com.st.stm32cube.ide.mcu.externaltools.gnu-tools-for-stm32.10.3-2021.10.win32_1.0.0.202111181127/tools/bin/../lib/gcc/arm-none-eabi/10.3.1/../../../../arm-none-eabi/lib/thumb/v7-m/nofp\libc_nano.a(lib_a-abort.o)
 .ARM.attributes
                0x00000000000004fd       0x2d c:/st/stm32cubeide_1.10.1/stm32cubeide/plugins/com.st.stm32cube.ide.mcu.externaltools.gnu-tools-for-stm32.10.3-2021.10.win32_1.0.0.202111181127/tools/bin/../lib/gcc/arm-none-eabi/10.3.1/../../../../arm-none-eabi/lib/thumb/v7-m/nofp\libc_nano.a(lib_a-errno.o)
 .ARM.attributes
                0x000000000000052a       0x2d c:/st/stm32cubeide_1.10.1/stm32cubeide/plugins/com.st.stm32cube.ide.mcu.externaltools.gnu-tools-for-stm32.10.3-2021.10.win32_1.0.0.202111181127/tools/bin/../lib/gcc/arm-none-eabi/10.3.1/../../../../arm-none-eabi/lib/thumb/v7-m/nofp\libc_nano.a(lib_a-impure.o)
 .ARM.attributes
                0x0000000000000557       0x2d c:/st/stm32cubeide_1.10.1/stm32cubeide/plugins/com.st.stm32cube.ide.mcu.externaltools.gnu-tools-for-stm32.10.3-2021.10.win32_1.0.0.202111181127/tools/bin/../lib/gcc/arm-none-eabi/10.3.1/../../../../arm-none-eabi/lib/thumb/v7-m/nofp\libc_nano.a(lib_a-init.o)
 .ARM.attributes
                0x0000000000000584       0x2d c:/st/stm32cubeide_1.10.1/stm32cubeide/plugins/com.st.stm32cube.ide.mcu.externaltools.gnu-tools-for-stm32.10.3-2021.10.win32_1.0.0.202111181127/tools/bin/../lib/gcc/arm-none-eabi/10.3.1/../../../../arm-none-eabi/lib/thumb/v7-m/nofp\libc_nano.a(lib_a-malloc.o)
 .ARM.attributes
                0x00000000000005b1       0x2d c:/st/stm32cubeide_1.10.1/stm32cubeide/plugins/com.st.stm32cube.ide.mcu.externaltools.gnu-tools-for-stm32.10.3-2021.10.win32_1.0.0.202111181127/tools/bin/../lib/gcc/arm-none-eabi/10.3.1/../../../../arm-none-eabi/lib/thumb/v7-m/nofp\libc_nano.a(lib_a-memcpy-stub.o)
 .ARM.attributes
                0x00000000000005de       0x2d c:/st/stm32cubeide_1.10.1/stm32cubeide/plugins/com.st.stm32cube.ide.mcu.externaltools.gnu-tools-for-stm32.10.3-2021.10.win32_1.0.0.202111181127/tools/bin/../lib/gcc/arm-none-eabi/10.3.1/../../../../arm-none-eabi/lib/thumb/v7-m/nofp\libc_nano.a(lib_a-memset.o)
 .ARM.attributes
                0x000000000000060b       0x2d c:/st/stm32cubeide_1.10.1/stm32cubeide/plugins/com.st.stm32cube.ide.mcu.externaltools.gnu-tools-for-stm32.10.3-2021.10.win32_1.0.0.202111181127/tools/bin/../lib/gcc/arm-none-eabi/10.3.1/../../../../arm-none-eabi/lib/thumb/v7-m/nofp\libc_nano.a(lib_a-nano-freer.o)
 .ARM.attributes
                0x0000000000000638       0x2d c:/st/stm32cubeide_1.10.1/stm32cubeide/plugins/com.st.stm32cube.ide.mcu.externaltools.gnu-tools-for-stm32.10.3-2021.10.win32_1.0.0.202111181127/tools/bin/../lib/gcc/arm-none-eabi/10.3.1/../../../../arm-none-eabi/lib/thumb/v7-m/nofp\libc_nano.a(lib_a-nano-mallocr.o)
 .ARM.attributes
                0x0000000000000665       0x2d c:/st/stm32cubeide_1.10.1/stm32cubeide/plugins/com.st.stm32cube.ide.mcu.externaltools.gnu-tools-for-stm32.10.3-2021.10.win32_1.0.0.202111181127/tools/bin/../lib/gcc/arm-none-eabi/10.3.1/../../../../arm-none-eabi/lib/thumb/v7-m/nofp\libc_nano.a(lib_a-sbrkr.o)
 .ARM.attributes
                0x0000000000000692       0x2d c:/st/stm32cubeide_1.10.1/stm32cubeide/plugins/com.st.stm32cube.ide.mcu.externaltools.gnu-tools-for-stm32.10.3-2021.10.win32_1.0.0.202111181127/tools/bin/../lib/gcc/arm-none-eabi/10.3.1/../../../../arm-none-eabi/lib/thumb/v7-m/nofp\libc_nano.a(lib_a-signal.o)
 .ARM.attributes
                0x00000000000006bf       0x2d c:/st/stm32cubeide_1.10.1/stm32cubeide/plugins/com.st.stm32cube.ide.mcu.externaltools.gnu-tools-for-stm32.10.3-2021.10.win32_1.0.0.202111181127/tools/bin/../lib/gcc/arm-none-eabi/10.3.1/../../../../arm-none-eabi/lib/thumb/v7-m/nofp\libc_nano.a(lib_a-signalr.o)
 .ARM.attributes
                0x00000000000006ec       0x2d c:/st/stm32cubeide_1.10.1/stm32cubeide/plugins/com.st.stm32cube.ide.mcu.externaltools.gnu-tools-for-stm32.10.3-2021.10.win32_1.0.0.202111181127/tools/bin/../lib/gcc/arm-none-eabi/10.3.1/../../../../arm-none-eabi/lib/thumb/v7-m/nofp\libc_nano.a(lib_a-sprintf.o)
 .ARM.attributes
                0x0000000000000719       0x2d c:/st/stm32cubeide_1.10.1/stm32cubeide/plugins/com.st.stm32cube.ide.mcu.externaltools.gnu-tools-for-stm32.10.3-2021.10.win32_1.0.0.202111181127/tools/bin/../lib/gcc/arm-none-eabi/10.3.1/../../../../arm-none-eabi/lib/thumb/v7-m/nofp\libc_nano.a(lib_a-mlock.o)
 .ARM.attributes
                0x0000000000000746       0x2d c:/st/stm32cubeide_1.10.1/stm32cubeide/plugins/com.st.stm32cube.ide.mcu.externaltools.gnu-tools-for-stm32.10.3-2021.10.win32_1.0.0.202111181127/tools/bin/../lib/gcc/arm-none-eabi/10.3.1/../../../../arm-none-eabi/lib/thumb/v7-m/nofp\libc_nano.a(lib_a-nano-svfprintf.o)
 .ARM.attributes
                0x0000000000000773       0x2d c:/st/stm32cubeide_1.10.1/stm32cubeide/plugins/com.st.stm32cube.ide.mcu.externaltools.gnu-tools-for-stm32.10.3-2021.10.win32_1.0.0.202111181127/tools/bin/../lib/gcc/arm-none-eabi/10.3.1/../../../../arm-none-eabi/lib/thumb/v7-m/nofp\libc_nano.a(lib_a-nano-vfprintf_i.o)
 .ARM.attributes
                0x00000000000007a0       0x2d c:/st/stm32cubeide_1.10.1/stm32cubeide/plugins/com.st.stm32cube.ide.mcu.externaltools.gnu-tools-for-stm32.10.3-2021.10.win32_1.0.0.202111181127/tools/bin/../lib/gcc/arm-none-eabi/10.3.1/../../../../arm-none-eabi/lib/thumb/v7-m/nofp\libc_nano.a(lib_a-reent.o)
 .ARM.attributes
                0x00000000000007cd       0x2d c:/st/stm32cubeide_1.10.1/stm32cubeide/plugins/com.st.stm32cube.ide.mcu.externaltools.gnu-tools-for-stm32.10.3-2021.10.win32_1.0.0.202111181127/tools/bin/../lib/gcc/arm-none-eabi/10.3.1/../../../../arm-none-eabi/lib/thumb/v7-m/nofp\libc_nano.a(lib_a-lock.o)
 .ARM.attributes
                0x00000000000007fa       0x2d c:/st/stm32cubeide_1.10.1/stm32cubeide/plugins/com.st.stm32cube.ide.mcu.externaltools.gnu-tools-for-stm32.10.3-2021.10.win32_1.0.0.202111181127/tools/bin/../lib/gcc/arm-none-eabi/10.3.1/../../../../arm-none-eabi/lib/thumb/v7-m/nofp\libc_nano.a(lib_a-memchr-stub.o)
 .ARM.attributes
                0x0000000000000827       0x2d c:/st/stm32cubeide_1.10.1/stm32cubeide/plugins/com.st.stm32cube.ide.mcu.externaltools.gnu-tools-for-stm32.10.3-2021.10.win32_1.0.0.202111181127/tools/bin/../lib/gcc/arm-none-eabi/10.3.1/../../../../arm-none-eabi/lib/thumb/v7-m/nofp\libc_nano.a(lib_a-memmove.o)
 .ARM.attributes
                0x0000000000000854       0x2d c:/st/stm32cubeide_1.10.1/stm32cubeide/plugins/com.st.stm32cube.ide.mcu.externaltools.gnu-tools-for-stm32.10.3-2021.10.win32_1.0.0.202111181127/tools/bin/../lib/gcc/arm-none-eabi/10.3.1/../../../../arm-none-eabi/lib/thumb/v7-m/nofp\libc_nano.a(lib_a-nano-reallocr.o)
 .ARM.attributes
                0x0000000000000881       0x2d c:/st/stm32cubeide_1.10.1/stm32cubeide/plugins/com.st.stm32cube.ide.mcu.externaltools.gnu-tools-for-stm32.10.3-2021.10.win32_1.0.0.202111181127/tools/bin/../lib/gcc/arm-none-eabi/10.3.1/../../../../arm-none-eabi/lib/thumb/v7-m/nofp\libc_nano.a(lib_a-nano-msizer.o)
 .ARM.attributes
                0x00000000000008ae       0x1d c:/st/stm32cubeide_1.10.1/stm32cubeide/plugins/com.st.stm32cube.ide.mcu.externaltools.gnu-tools-for-stm32.10.3-2021.10.win32_1.0.0.202111181127/tools/bin/../lib/gcc/arm-none-eabi/10.3.1/thumb/v7-m/nofp/crtn.o
OUTPUT(F103RE_BrushServo.elf elf32-littlearm)
LOAD linker stubs
LOAD c:/st/stm32cubeide_1.10.1/stm32cubeide/plugins/com.st.stm32cube.ide.mcu.externaltools.gnu-tools-for-stm32.10.3-2021.10.win32_1.0.0.202111181127/tools/bin/../lib/gcc/arm-none-eabi/10.3.1/../../../../arm-none-eabi/lib/thumb/v7-m/nofp\libc.a
LOAD c:/st/stm32cubeide_1.10.1/stm32cubeide/plugins/com.st.stm32cube.ide.mcu.externaltools.gnu-tools-for-stm32.10.3-2021.10.win32_1.0.0.202111181127/tools/bin/../lib/gcc/arm-none-eabi/10.3.1/../../../../arm-none-eabi/lib/thumb/v7-m/nofp\libm.a
LOAD c:/st/stm32cubeide_1.10.1/stm32cubeide/plugins/com.st.stm32cube.ide.mcu.externaltools.gnu-tools-for-stm32.10.3-2021.10.win32_1.0.0.202111181127/tools/bin/../lib/gcc/arm-none-eabi/10.3.1/thumb/v7-m/nofp\libgcc.a

.debug_info     0x0000000000000000    0x101b9
 .debug_info    0x0000000000000000      0x347 ./Core/Src/Cpp/BTS7960B.o
 .debug_info    0x0000000000000347     0x156a ./Core/Src/Cpp/SerialDebug.o
 .debug_info    0x00000000000018b1     0x1900 ./Core/Src/Cpp/Start.o
 .debug_info    0x00000000000031b1      0x5ff ./Core/Src/Cpp/StaticFIFO.o
 .debug_info    0x00000000000037b0     0x14ec ./Core/Src/main.o
 .debug_info    0x0000000000004c9c     0x1216 ./Core/Src/stm32f1xx_hal_msp.o
 .debug_info    0x0000000000005eb2      0x9d8 ./Core/Src/stm32f1xx_it.o
 .debug_info    0x000000000000688a      0x6e0 ./Core/Src/syscalls.o
 .debug_info    0x0000000000006f6a      0x171 ./Core/Src/sysmem.o
 .debug_info    0x00000000000070db      0x23d ./Core/Src/system_stm32f1xx.o
 .debug_info    0x0000000000007318       0x22 ./Core/Startup/startup_stm32f103retx.o
 .debug_info    0x000000000000733a      0x79a ./Drivers/STM32F1xx_HAL_Driver/Src/stm32f1xx_hal.o
 .debug_info    0x0000000000007ad4      0xcd9 ./Drivers/STM32F1xx_HAL_Driver/Src/stm32f1xx_hal_adc.o
 .debug_info    0x00000000000087ad      0xb86 ./Drivers/STM32F1xx_HAL_Driver/Src/stm32f1xx_hal_cortex.o
 .debug_info    0x0000000000009333      0x73f ./Drivers/STM32F1xx_HAL_Driver/Src/stm32f1xx_hal_dma.o
 .debug_info    0x0000000000009a72      0x615 ./Drivers/STM32F1xx_HAL_Driver/Src/stm32f1xx_hal_gpio.o
 .debug_info    0x000000000000a087      0x860 ./Drivers/STM32F1xx_HAL_Driver/Src/stm32f1xx_hal_rcc.o
 .debug_info    0x000000000000a8e7      0x409 ./Drivers/STM32F1xx_HAL_Driver/Src/stm32f1xx_hal_rcc_ex.o
 .debug_info    0x000000000000acf0     0x29de ./Drivers/STM32F1xx_HAL_Driver/Src/stm32f1xx_hal_tim.o
 .debug_info    0x000000000000d6ce     0x1513 ./Drivers/STM32F1xx_HAL_Driver/Src/stm32f1xx_hal_tim_ex.o
 .debug_info    0x000000000000ebe1     0x15d8 ./Drivers/STM32F1xx_HAL_Driver/Src/stm32f1xx_hal_uart.o

.debug_abbrev   0x0000000000000000     0x2c0e
 .debug_abbrev  0x0000000000000000      0x1c6 ./Core/Src/Cpp/BTS7960B.o
 .debug_abbrev  0x00000000000001c6      0x3c0 ./Core/Src/Cpp/SerialDebug.o
 .debug_abbrev  0x0000000000000586      0x352 ./Core/Src/Cpp/Start.o
 .debug_abbrev  0x00000000000008d8      0x2ab ./Core/Src/Cpp/StaticFIFO.o
 .debug_abbrev  0x0000000000000b83      0x2bf ./Core/Src/main.o
 .debug_abbrev  0x0000000000000e42      0x278 ./Core/Src/stm32f1xx_hal_msp.o
 .debug_abbrev  0x00000000000010ba      0x184 ./Core/Src/stm32f1xx_it.o
 .debug_abbrev  0x000000000000123e      0x1b3 ./Core/Src/syscalls.o
 .debug_abbrev  0x00000000000013f1       0xbb ./Core/Src/sysmem.o
 .debug_abbrev  0x00000000000014ac      0x13b ./Core/Src/system_stm32f1xx.o
 .debug_abbrev  0x00000000000015e7       0x12 ./Core/Startup/startup_stm32f103retx.o
 .debug_abbrev  0x00000000000015f9      0x1fb ./Drivers/STM32F1xx_HAL_Driver/Src/stm32f1xx_hal.o
 .debug_abbrev  0x00000000000017f4      0x210 ./Drivers/STM32F1xx_HAL_Driver/Src/stm32f1xx_hal_adc.o
 .debug_abbrev  0x0000000000001a04      0x2ed ./Drivers/STM32F1xx_HAL_Driver/Src/stm32f1xx_hal_cortex.o
 .debug_abbrev  0x0000000000001cf1      0x1fe ./Drivers/STM32F1xx_HAL_Driver/Src/stm32f1xx_hal_dma.o
 .debug_abbrev  0x0000000000001eef      0x1bb ./Drivers/STM32F1xx_HAL_Driver/Src/stm32f1xx_hal_gpio.o
 .debug_abbrev  0x00000000000020aa      0x2a8 ./Drivers/STM32F1xx_HAL_Driver/Src/stm32f1xx_hal_rcc.o
 .debug_abbrev  0x0000000000002352      0x182 ./Drivers/STM32F1xx_HAL_Driver/Src/stm32f1xx_hal_rcc_ex.o
 .debug_abbrev  0x00000000000024d4      0x25d ./Drivers/STM32F1xx_HAL_Driver/Src/stm32f1xx_hal_tim.o
 .debug_abbrev  0x0000000000002731      0x265 ./Drivers/STM32F1xx_HAL_Driver/Src/stm32f1xx_hal_tim_ex.o
 .debug_abbrev  0x0000000000002996      0x278 ./Drivers/STM32F1xx_HAL_Driver/Src/stm32f1xx_hal_uart.o

.debug_aranges  0x0000000000000000      0xf20
 .debug_aranges
                0x0000000000000000       0x28 ./Core/Src/Cpp/BTS7960B.o
 .debug_aranges
                0x0000000000000028       0x58 ./Core/Src/Cpp/SerialDebug.o
 .debug_aranges
                0x0000000000000080       0x48 ./Core/Src/Cpp/Start.o
 .debug_aranges
                0x00000000000000c8       0x50 ./Core/Src/Cpp/StaticFIFO.o
 .debug_aranges
                0x0000000000000118       0x68 ./Core/Src/main.o
 .debug_aranges
                0x0000000000000180       0x68 ./Core/Src/stm32f1xx_hal_msp.o
 .debug_aranges
                0x00000000000001e8       0x80 ./Core/Src/stm32f1xx_it.o
 .debug_aranges
                0x0000000000000268       0xa8 ./Core/Src/syscalls.o
 .debug_aranges
                0x0000000000000310       0x20 ./Core/Src/sysmem.o
 .debug_aranges
                0x0000000000000330       0x28 ./Core/Src/system_stm32f1xx.o
 .debug_aranges
                0x0000000000000358       0x28 ./Core/Startup/startup_stm32f103retx.o
 .debug_aranges
                0x0000000000000380       0xe0 ./Drivers/STM32F1xx_HAL_Driver/Src/stm32f1xx_hal.o
 .debug_aranges
                0x0000000000000460       0xf0 ./Drivers/STM32F1xx_HAL_Driver/Src/stm32f1xx_hal_adc.o
 .debug_aranges
                0x0000000000000550      0x100 ./Drivers/STM32F1xx_HAL_Driver/Src/stm32f1xx_hal_cortex.o
 .debug_aranges
                0x0000000000000650       0x80 ./Drivers/STM32F1xx_HAL_Driver/Src/stm32f1xx_hal_dma.o
 .debug_aranges
                0x00000000000006d0       0x58 ./Drivers/STM32F1xx_HAL_Driver/Src/stm32f1xx_hal_gpio.o
 .debug_aranges
                0x0000000000000728       0x90 ./Drivers/STM32F1xx_HAL_Driver/Src/stm32f1xx_hal_rcc.o
 .debug_aranges
                0x00000000000007b8       0x30 ./Drivers/STM32F1xx_HAL_Driver/Src/stm32f1xx_hal_rcc_ex.o
 .debug_aranges
                0x00000000000007e8      0x3d0 ./Drivers/STM32F1xx_HAL_Driver/Src/stm32f1xx_hal_tim.o
 .debug_aranges
                0x0000000000000bb8      0x168 ./Drivers/STM32F1xx_HAL_Driver/Src/stm32f1xx_hal_tim_ex.o
 .debug_aranges
                0x0000000000000d20      0x200 ./Drivers/STM32F1xx_HAL_Driver/Src/stm32f1xx_hal_uart.o

.debug_ranges   0x0000000000000000      0xe08
 .debug_ranges  0x0000000000000000       0x18 ./Core/Src/Cpp/BTS7960B.o
 .debug_ranges  0x0000000000000018       0x48 ./Core/Src/Cpp/SerialDebug.o
 .debug_ranges  0x0000000000000060       0x38 ./Core/Src/Cpp/Start.o
 .debug_ranges  0x0000000000000098       0x40 ./Core/Src/Cpp/StaticFIFO.o
 .debug_ranges  0x00000000000000d8       0x58 ./Core/Src/main.o
 .debug_ranges  0x0000000000000130       0x58 ./Core/Src/stm32f1xx_hal_msp.o
 .debug_ranges  0x0000000000000188       0x70 ./Core/Src/stm32f1xx_it.o
 .debug_ranges  0x00000000000001f8       0x98 ./Core/Src/syscalls.o
 .debug_ranges  0x0000000000000290       0x10 ./Core/Src/sysmem.o
 .debug_ranges  0x00000000000002a0       0x18 ./Core/Src/system_stm32f1xx.o
 .debug_ranges  0x00000000000002b8       0x20 ./Core/Startup/startup_stm32f103retx.o
 .debug_ranges  0x00000000000002d8       0xd0 ./Drivers/STM32F1xx_HAL_Driver/Src/stm32f1xx_hal.o
 .debug_ranges  0x00000000000003a8       0xe0 ./Drivers/STM32F1xx_HAL_Driver/Src/stm32f1xx_hal_adc.o
 .debug_ranges  0x0000000000000488       0xf0 ./Drivers/STM32F1xx_HAL_Driver/Src/stm32f1xx_hal_cortex.o
 .debug_ranges  0x0000000000000578       0x70 ./Drivers/STM32F1xx_HAL_Driver/Src/stm32f1xx_hal_dma.o
 .debug_ranges  0x00000000000005e8       0x48 ./Drivers/STM32F1xx_HAL_Driver/Src/stm32f1xx_hal_gpio.o
 .debug_ranges  0x0000000000000630       0x80 ./Drivers/STM32F1xx_HAL_Driver/Src/stm32f1xx_hal_rcc.o
 .debug_ranges  0x00000000000006b0       0x20 ./Drivers/STM32F1xx_HAL_Driver/Src/stm32f1xx_hal_rcc_ex.o
 .debug_ranges  0x00000000000006d0      0x3c0 ./Drivers/STM32F1xx_HAL_Driver/Src/stm32f1xx_hal_tim.o
 .debug_ranges  0x0000000000000a90      0x158 ./Drivers/STM32F1xx_HAL_Driver/Src/stm32f1xx_hal_tim_ex.o
 .debug_ranges  0x0000000000000be8      0x220 ./Drivers/STM32F1xx_HAL_Driver/Src/stm32f1xx_hal_uart.o

.debug_macro    0x0000000000000000    0x1df91
 .debug_macro   0x0000000000000000      0x1d0 ./Core/Src/Cpp/BTS7960B.o
 .debug_macro   0x00000000000001d0      0xb44 ./Core/Src/Cpp/BTS7960B.o
 .debug_macro   0x0000000000000d14      0x227 ./Core/Src/Cpp/BTS7960B.o
 .debug_macro   0x0000000000000f3b       0x2e ./Core/Src/Cpp/BTS7960B.o
 .debug_macro   0x0000000000000f69       0x22 ./Core/Src/Cpp/BTS7960B.o
 .debug_macro   0x0000000000000f8b       0x1c ./Core/Src/Cpp/BTS7960B.o
 .debug_macro   0x0000000000000fa7       0x22 ./Core/Src/Cpp/BTS7960B.o
 .debug_macro   0x0000000000000fc9       0x8e ./Core/Src/Cpp/BTS7960B.o
 .debug_macro   0x0000000000001057       0x51 ./Core/Src/Cpp/BTS7960B.o
 .debug_macro   0x00000000000010a8      0x103 ./Core/Src/Cpp/BTS7960B.o
 .debug_macro   0x00000000000011ab       0x6a ./Core/Src/Cpp/BTS7960B.o
 .debug_macro   0x0000000000001215      0x1df ./Core/Src/Cpp/BTS7960B.o
 .debug_macro   0x00000000000013f4       0x1c ./Core/Src/Cpp/BTS7960B.o
 .debug_macro   0x0000000000001410       0x22 ./Core/Src/Cpp/BTS7960B.o
 .debug_macro   0x0000000000001432       0xbd ./Core/Src/Cpp/BTS7960B.o
 .debug_macro   0x00000000000014ef      0xd23 ./Core/Src/Cpp/BTS7960B.o
 .debug_macro   0x0000000000002212     0xfd8c ./Core/Src/Cpp/BTS7960B.o
 .debug_macro   0x0000000000011f9e       0x6d ./Core/Src/Cpp/BTS7960B.o
 .debug_macro   0x000000000001200b     0x3468 ./Core/Src/Cpp/BTS7960B.o
 .debug_macro   0x0000000000015473      0x17b ./Core/Src/Cpp/BTS7960B.o
 .debug_macro   0x00000000000155ee       0x5c ./Core/Src/Cpp/BTS7960B.o
 .debug_macro   0x000000000001564a      0x5be ./Core/Src/Cpp/BTS7960B.o
 .debug_macro   0x0000000000015c08      0x4d5 ./Core/Src/Cpp/BTS7960B.o
 .debug_macro   0x00000000000160dd      0x1cb ./Core/Src/Cpp/BTS7960B.o
 .debug_macro   0x00000000000162a8      0x114 ./Core/Src/Cpp/BTS7960B.o
 .debug_macro   0x00000000000163bc      0x1ea ./Core/Src/Cpp/BTS7960B.o
 .debug_macro   0x00000000000165a6       0x27 ./Core/Src/Cpp/BTS7960B.o
 .debug_macro   0x00000000000165cd      0x144 ./Core/Src/Cpp/BTS7960B.o
 .debug_macro   0x0000000000016711      0x1bc ./Core/Src/Cpp/BTS7960B.o
 .debug_macro   0x00000000000168cd       0x30 ./Core/Src/Cpp/BTS7960B.o
 .debug_macro   0x00000000000168fd       0x3c ./Core/Src/Cpp/BTS7960B.o
 .debug_macro   0x0000000000016939       0x57 ./Core/Src/Cpp/BTS7960B.o
 .debug_macro   0x0000000000016990      0x46a ./Core/Src/Cpp/BTS7960B.o
 .debug_macro   0x0000000000016dfa      0x25d ./Core/Src/Cpp/BTS7960B.o
 .debug_macro   0x0000000000017057       0x88 ./Core/Src/Cpp/BTS7960B.o
 .debug_macro   0x00000000000170df      0x24f ./Core/Src/Cpp/BTS7960B.o
 .debug_macro   0x000000000001732e      0x141 ./Core/Src/Cpp/BTS7960B.o
 .debug_macro   0x000000000001746f      0x8d1 ./Core/Src/Cpp/BTS7960B.o
 .debug_macro   0x0000000000017d40      0x279 ./Core/Src/Cpp/BTS7960B.o
 .debug_macro   0x0000000000017fb9       0xb5 ./Core/Src/Cpp/BTS7960B.o
 .debug_macro   0x000000000001806e      0x365 ./Core/Src/Cpp/SerialDebug.o
 .debug_macro   0x00000000000183d3      0x18a ./Core/Src/Cpp/SerialDebug.o
 .debug_macro   0x000000000001855d       0x10 ./Core/Src/Cpp/SerialDebug.o
 .debug_macro   0x000000000001856d      0x3d1 ./Core/Src/Cpp/SerialDebug.o
 .debug_macro   0x000000000001893e       0x52 ./Core/Src/Cpp/SerialDebug.o
 .debug_macro   0x0000000000018990       0x18 ./Core/Src/Cpp/SerialDebug.o
 .debug_macro   0x00000000000189a8       0x3c ./Core/Src/Cpp/SerialDebug.o
 .debug_macro   0x00000000000189e4       0x34 ./Core/Src/Cpp/SerialDebug.o
 .debug_macro   0x0000000000018a18       0x16 ./Core/Src/Cpp/SerialDebug.o
 .debug_macro   0x0000000000018a2e       0x35 ./Core/Src/Cpp/SerialDebug.o
 .debug_macro   0x0000000000018a63      0x364 ./Core/Src/Cpp/SerialDebug.o
 .debug_macro   0x0000000000018dc7       0x10 ./Core/Src/Cpp/SerialDebug.o
 .debug_macro   0x0000000000018dd7       0x16 ./Core/Src/Cpp/SerialDebug.o
 .debug_macro   0x0000000000018ded       0x43 ./Core/Src/Cpp/SerialDebug.o
 .debug_macro   0x0000000000018e30       0x34 ./Core/Src/Cpp/SerialDebug.o
 .debug_macro   0x0000000000018e64       0x10 ./Core/Src/Cpp/SerialDebug.o
 .debug_macro   0x0000000000018e74       0x58 ./Core/Src/Cpp/SerialDebug.o
 .debug_macro   0x0000000000018ecc       0x71 ./Core/Src/Cpp/SerialDebug.o
 .debug_macro   0x0000000000018f3d       0x16 ./Core/Src/Cpp/SerialDebug.o
 .debug_macro   0x0000000000018f53      0x12a ./Core/Src/Cpp/SerialDebug.o
 .debug_macro   0x000000000001907d       0x10 ./Core/Src/Cpp/SerialDebug.o
 .debug_macro   0x000000000001908d       0x1c ./Core/Src/Cpp/SerialDebug.o
 .debug_macro   0x00000000000190a9       0x52 ./Core/Src/Cpp/SerialDebug.o
 .debug_macro   0x00000000000190fb       0x22 ./Core/Src/Cpp/SerialDebug.o
 .debug_macro   0x000000000001911d       0x10 ./Core/Src/Cpp/SerialDebug.o
 .debug_macro   0x000000000001912d       0x52 ./Core/Src/Cpp/SerialDebug.o
 .debug_macro   0x000000000001917f       0xd5 ./Core/Src/Cpp/SerialDebug.o
 .debug_macro   0x0000000000019254       0x1c ./Core/Src/Cpp/SerialDebug.o
 .debug_macro   0x0000000000019270       0x3d ./Core/Src/Cpp/SerialDebug.o
 .debug_macro   0x00000000000192ad       0x16 ./Core/Src/Cpp/SerialDebug.o
 .debug_macro   0x00000000000192c3      0x137 ./Core/Src/Cpp/SerialDebug.o
 .debug_macro   0x00000000000193fa      0x11d ./Core/Src/Cpp/SerialDebug.o
 .debug_macro   0x0000000000019517      0x379 ./Core/Src/Cpp/Start.o
 .debug_macro   0x0000000000019890      0x171 ./Core/Src/Cpp/StaticFIFO.o
 .debug_macro   0x0000000000019a01       0x10 ./Core/Src/Cpp/StaticFIFO.o
 .debug_macro   0x0000000000019a11       0x20 ./Core/Src/Cpp/StaticFIFO.o
 .debug_macro   0x0000000000019a31       0x8e ./Core/Src/Cpp/StaticFIFO.o
 .debug_macro   0x0000000000019abf      0x1cb ./Core/Src/main.o
 .debug_macro   0x0000000000019c8a      0xa6c ./Core/Src/main.o
 .debug_macro   0x000000000001a6f6      0xd23 ./Core/Src/main.o
 .debug_macro   0x000000000001b419      0x174 ./Core/Src/main.o
 .debug_macro   0x000000000001b58d      0x1c1 ./Core/Src/stm32f1xx_hal_msp.o
 .debug_macro   0x000000000001b74e      0x1cb ./Core/Src/stm32f1xx_it.o
 .debug_macro   0x000000000001b919      0x24c ./Core/Src/syscalls.o
 .debug_macro   0x000000000001bb65       0x4c ./Core/Src/syscalls.o
 .debug_macro   0x000000000001bbb1       0x94 ./Core/Src/syscalls.o
 .debug_macro   0x000000000001bc45       0x34 ./Core/Src/syscalls.o
 .debug_macro   0x000000000001bc79       0x57 ./Core/Src/syscalls.o
 .debug_macro   0x000000000001bcd0      0x341 ./Core/Src/syscalls.o
 .debug_macro   0x000000000001c011       0x43 ./Core/Src/syscalls.o
 .debug_macro   0x000000000001c054       0x1c ./Core/Src/syscalls.o
 .debug_macro   0x000000000001c070       0x10 ./Core/Src/syscalls.o
 .debug_macro   0x000000000001c080       0x35 ./Core/Src/syscalls.o
 .debug_macro   0x000000000001c0b5       0x10 ./Core/Src/syscalls.o
 .debug_macro   0x000000000001c0c5       0x10 ./Core/Src/syscalls.o
 .debug_macro   0x000000000001c0d5       0x35 ./Core/Src/syscalls.o
 .debug_macro   0x000000000001c10a      0x12c ./Core/Src/syscalls.o
 .debug_macro   0x000000000001c236       0x16 ./Core/Src/syscalls.o
 .debug_macro   0x000000000001c24c       0x16 ./Core/Src/syscalls.o
 .debug_macro   0x000000000001c262       0x29 ./Core/Src/syscalls.o
 .debug_macro   0x000000000001c28b       0x10 ./Core/Src/syscalls.o
 .debug_macro   0x000000000001c29b      0x241 ./Core/Src/syscalls.o
 .debug_macro   0x000000000001c4dc       0x1c ./Core/Src/syscalls.o
 .debug_macro   0x000000000001c4f8       0x10 ./Core/Src/syscalls.o
 .debug_macro   0x000000000001c508      0x145 ./Core/Src/syscalls.o
 .debug_macro   0x000000000001c64d      0x189 ./Core/Src/syscalls.o
 .debug_macro   0x000000000001c7d6       0x16 ./Core/Src/syscalls.o
 .debug_macro   0x000000000001c7ec       0xce ./Core/Src/syscalls.o
 .debug_macro   0x000000000001c8ba       0xff ./Core/Src/sysmem.o
 .debug_macro   0x000000000001c9b9      0x23b ./Core/Src/sysmem.o
 .debug_macro   0x000000000001cbf4      0x1b7 ./Core/Src/system_stm32f1xx.o
 .debug_macro   0x000000000001cdab      0x1db ./Drivers/STM32F1xx_HAL_Driver/Src/stm32f1xx_hal.o
 .debug_macro   0x000000000001cf86      0x1d4 ./Drivers/STM32F1xx_HAL_Driver/Src/stm32f1xx_hal_adc.o
 .debug_macro   0x000000000001d15a      0x1b7 ./Drivers/STM32F1xx_HAL_Driver/Src/stm32f1xx_hal_cortex.o
 .debug_macro   0x000000000001d311      0x1b7 ./Drivers/STM32F1xx_HAL_Driver/Src/stm32f1xx_hal_dma.o
 .debug_macro   0x000000000001d4c8      0x222 ./Drivers/STM32F1xx_HAL_Driver/Src/stm32f1xx_hal_gpio.o
 .debug_macro   0x000000000001d6ea      0x1c9 ./Drivers/STM32F1xx_HAL_Driver/Src/stm32f1xx_hal_rcc.o
 .debug_macro   0x000000000001d8b3      0x1b7 ./Drivers/STM32F1xx_HAL_Driver/Src/stm32f1xx_hal_rcc_ex.o
 .debug_macro   0x000000000001da6a      0x1b8 ./Drivers/STM32F1xx_HAL_Driver/Src/stm32f1xx_hal_tim.o
 .debug_macro   0x000000000001dc22      0x1b7 ./Drivers/STM32F1xx_HAL_Driver/Src/stm32f1xx_hal_tim_ex.o
 .debug_macro   0x000000000001ddd9      0x1b8 ./Drivers/STM32F1xx_HAL_Driver/Src/stm32f1xx_hal_uart.o

.debug_line     0x0000000000000000    0x114c7
 .debug_line    0x0000000000000000      0x6fe ./Core/Src/Cpp/BTS7960B.o
 .debug_line    0x00000000000006fe      0xbff ./Core/Src/Cpp/SerialDebug.o
 .debug_line    0x00000000000012fd      0xb86 ./Core/Src/Cpp/Start.o
 .debug_line    0x0000000000001e83      0x99e ./Core/Src/Cpp/StaticFIFO.o
 .debug_line    0x0000000000002821      0x8ed ./Core/Src/main.o
 .debug_line    0x000000000000310e      0x85c ./Core/Src/stm32f1xx_hal_msp.o
 .debug_line    0x000000000000396a      0x7c5 ./Core/Src/stm32f1xx_it.o
 .debug_line    0x000000000000412f      0x7f4 ./Core/Src/syscalls.o
 .debug_line    0x0000000000004923      0x4ea ./Core/Src/sysmem.o
 .debug_line    0x0000000000004e0d      0x721 ./Core/Src/system_stm32f1xx.o
 .debug_line    0x000000000000552e       0x87 ./Core/Startup/startup_stm32f103retx.o
 .debug_line    0x00000000000055b5      0x94e ./Drivers/STM32F1xx_HAL_Driver/Src/stm32f1xx_hal.o
 .debug_line    0x0000000000005f03      0xfdb ./Drivers/STM32F1xx_HAL_Driver/Src/stm32f1xx_hal_adc.o
 .debug_line    0x0000000000006ede      0xb36 ./Drivers/STM32F1xx_HAL_Driver/Src/stm32f1xx_hal_cortex.o
 .debug_line    0x0000000000007a14     0x1278 ./Drivers/STM32F1xx_HAL_Driver/Src/stm32f1xx_hal_dma.o
 .debug_line    0x0000000000008c8c      0xa0d ./Drivers/STM32F1xx_HAL_Driver/Src/stm32f1xx_hal_gpio.o
 .debug_line    0x0000000000009699      0xd5c ./Drivers/STM32F1xx_HAL_Driver/Src/stm32f1xx_hal_rcc.o
 .debug_line    0x000000000000a3f5      0x8ad ./Drivers/STM32F1xx_HAL_Driver/Src/stm32f1xx_hal_rcc_ex.o
 .debug_line    0x000000000000aca2     0x3522 ./Drivers/STM32F1xx_HAL_Driver/Src/stm32f1xx_hal_tim.o
 .debug_line    0x000000000000e1c4     0x18da ./Drivers/STM32F1xx_HAL_Driver/Src/stm32f1xx_hal_tim_ex.o
 .debug_line    0x000000000000fa9e     0x1a29 ./Drivers/STM32F1xx_HAL_Driver/Src/stm32f1xx_hal_uart.o

.debug_str      0x0000000000000000    0xa1f90
 .debug_str     0x0000000000000000    0x96ae2 ./Core/Src/Cpp/BTS7960B.o
                                      0x96efd (size before relaxing)
 .debug_str     0x0000000000096ae2     0x5eb5 ./Core/Src/Cpp/SerialDebug.o
                                      0x9ce1e (size before relaxing)
 .debug_str     0x000000000009c997      0x292 ./Core/Src/Cpp/Start.o
                                      0x9d15b (size before relaxing)
 .debug_str     0x000000000009cc29      0x28b ./Core/Src/Cpp/StaticFIFO.o
                                       0x8c0e (size before relaxing)
 .debug_str     0x000000000009ceb4      0xc54 ./Core/Src/main.o
                                      0x97a13 (size before relaxing)
 .debug_str     0x000000000009db08      0x14e ./Core/Src/stm32f1xx_hal_msp.o
                                      0x976cb (size before relaxing)
 .debug_str     0x000000000009dc56      0x157 ./Core/Src/stm32f1xx_it.o
                                      0x970cd (size before relaxing)
 .debug_str     0x000000000009ddad     0x1864 ./Core/Src/syscalls.o
                                       0x8a53 (size before relaxing)
 .debug_str     0x000000000009f611       0x6b ./Core/Src/sysmem.o
                                       0x5d8f (size before relaxing)