Archive member included to satisfy reference by file (symbol)

c:/st/stm32cubeide_1.10.1/stm32cubeide/plugins/com.st.stm32cube.ide.mcu.externaltools.gnu-tools-for-stm32.10.3-2021.10.win32_1.0.0.202111181127/tools/bin/../lib/gcc/arm-none-eabi/10.3.1/../../../../arm-none-eabi/lib/thumb/v7-m/nofp\libstdc++_nano.a(del_ops.o)
                              ./Core/Src/Cpp/StaticFIFO.o (operator delete(void*, unsigned int))
c:/st/stm32cubeide_1.10.1/stm32cubeide/plugins/com.st.stm32cube.ide.mcu.externaltools.gnu-tools-for-stm32.10.3-2021.10.win32_1.0.0.202111181127/tools/bin/../lib/gcc/arm-none-eabi/10.3.1/../../../../arm-none-eabi/lib/thumb/v7-m/nofp\libstdc++_nano.a(new_opv.o)
                              ./Core/Src/Cpp/StaticFIFO.o (operator new[](unsigned int))
c:/st/stm32cubeide_1.10.1/stm32cubeide/plugins/com.st.stm32cube.ide.mcu.externaltools.gnu-tools-for-stm32.10.3-2021.10.win32_1.0.0.202111181127/tools/bin/../lib/gcc/arm-none-eabi/10.3.1/../../../../arm-none-eabi/lib/thumb/v7-m/nofp\libstdc++_nano.a(del_op.o)
                              c:/st/stm32cubeide_1.10.1/stm32cubeide/plugins/com.st.stm32cube.ide.mcu.externaltools.gnu-tools-for-stm32.10.3-2021.10.win32_1.0.0.202111181127/tools/bin/../lib/gcc/arm-none-eabi/10.3.1/../../../../arm-none-eabi/lib/thumb/v7-m/nofp\libstdc++_nano.a(del_ops.o) (operator delete(void*))
c:/st/stm32cubeide_1.10.1/stm32cubeide/plugins/com.st.stm32cube.ide.mcu.externaltools.gnu-tools-for-stm32.10.3-2021.10.win32_1.0.0.202111181127/tools/bin/../lib/gcc/arm-none-eabi/10.3.1/../../../../arm-none-eabi/lib/thumb/v7-m/nofp\libstdc++_nano.a(new_op.o)
                              c:/st/stm32cubeide_1.10.1/stm32cubeide/plugins/com.st.stm32cube.ide.mcu.externaltools.gnu-tools-for-stm32.10.3-2021.10.win32_1.0.0.202111181127/tools/bin/../lib/gcc/arm-none-eabi/10.3.1/../../../../arm-none-eabi/lib/thumb/v7-m/nofp\libstdc++_nano.a(new_opv.o) (operator new(unsigned int))
c:/st/stm32cubeide_1.10.1/stm32cubeide/plugins/com.st.stm32cube.ide.mcu.externaltools.gnu-tools-for-stm32.10.3-2021.10.win32_1.0.0.202111181127/tools/bin/../lib/gcc/arm-none-eabi/10.3.1/../../../../arm-none-eabi/lib/thumb/v7-m/nofp\libstdc++_nano.a(new_handler.o)
                              c:/st/stm32cubeide_1.10.1/stm32cubeide/plugins/com.st.stm32cube.ide.mcu.externaltools.gnu-tools-for-stm32.10.3-2021.10.win32_1.0.0.202111181127/tools/bin/../lib/gcc/arm-none-eabi/10.3.1/../../../../arm-none-eabi/lib/thumb/v7-m/nofp\libstdc++_nano.a(new_op.o) (std::get_new_handler())
c:/st/stm32cubeide_1.10.1/stm32cubeide/plugins/com.st.stm32cube.ide.mcu.externaltools.gnu-tools-for-stm32.10.3-2021.10.win32_1.0.0.202111181127/tools/bin/../lib/gcc/arm-none-eabi/10.3.1/../../../../arm-none-eabi/lib/thumb/v7-m/nofp\libc_nano.a(lib_a-abort.o)
                              c:/st/stm32cubeide_1.10.1/stm32cubeide/plugins/com.st.stm32cube.ide.mcu.externaltools.gnu-tools-for-stm32.10.3-2021.10.win32_1.0.0.202111181127/tools/bin/../lib/gcc/arm-none-eabi/10.3.1/../../../../arm-none-eabi/lib/thumb/v7-m/nofp\libstdc++_nano.a(new_op.o) (abort)
c:/st/stm32cubeide_1.10.1/stm32cubeide/plugins/com.st.stm32cube.ide.mcu.externaltools.gnu-tools-for-stm32.10.3-2021.10.win32_1.0.0.202111181127/tools/bin/../lib/gcc/arm-none-eabi/10.3.1/../../../../arm-none-eabi/lib/thumb/v7-m/nofp\libc_nano.a(lib_a-errno.o)
                              ./Core/Src/syscalls.o (__errno)
c:/st/stm32cubeide_1.10.1/stm32cubeide/plugins/com.st.stm32cube.ide.mcu.externaltools.gnu-tools-for-stm32.10.3-2021.10.win32_1.0.0.202111181127/tools/bin/../lib/gcc/arm-none-eabi/10.3.1/../../../../arm-none-eabi/lib/thumb/v7-m/nofp\libc_nano.a(lib_a-exit.o)
                              c:/st/stm32cubeide_1.10.1/stm32cubeide/plugins/com.st.stm32cube.ide.mcu.externaltools.gnu-tools-for-stm32.10.3-2021.10.win32_1.0.0.202111181127/tools/bin/../lib/gcc/arm-none-eabi/10.3.1/../../../../arm-none-eabi/lib/thumb/v7-m/nofp/crt0.o (exit)
c:/st/stm32cubeide_1.10.1/stm32cubeide/plugins/com.st.stm32cube.ide.mcu.externaltools.gnu-tools-for-stm32.10.3-2021.10.win32_1.0.0.202111181127/tools/bin/../lib/gcc/arm-none-eabi/10.3.1/../../../../arm-none-eabi/lib/thumb/v7-m/nofp\libc_nano.a(lib_a-impure.o)
                              c:/st/stm32cubeide_1.10.1/stm32cubeide/plugins/com.st.stm32cube.ide.mcu.externaltools.gnu-tools-for-stm32.10.3-2021.10.win32_1.0.0.202111181127/tools/bin/../lib/gcc/arm-none-eabi/10.3.1/../../../../arm-none-eabi/lib/thumb/v7-m/nofp\libc_nano.a(lib_a-exit.o) (_global_impure_ptr)
c:/st/stm32cubeide_1.10.1/stm32cubeide/plugins/com.st.stm32cube.ide.mcu.externaltools.gnu-tools-for-stm32.10.3-2021.10.win32_1.0.0.202111181127/tools/bin/../lib/gcc/arm-none-eabi/10.3.1/../../../../arm-none-eabi/lib/thumb/v7-m/nofp\libc_nano.a(lib_a-init.o)
[...]
Memory Configuration

Name             Origin             Length             Attributes
RAM              0x0000000020000000 0x0000000000010000 xrw
FLASH            0x0000000008000000 0x0000000000080000 xr
*default*        0x0000000000000000 0xffffffffffffffff

Linker script and memory map

LOAD c:/st/stm32cubeide_1.10.1/stm32cubeide/plugins/com.st.stm32cube.ide.mcu.externaltools.gnu-tools-for-stm32.10.3-2021.10.win32_1.0.0.202111181127/tools/bin/../lib/gcc/arm-none-eabi/10.3.1/thumb/v7-m/nofp/crti.o
LOAD c:/st/stm32cubeide_1.10.1/stm32cubeide/plugins/com.st.stm32cube.ide.mcu.externaltools.gnu-tools-for-stm32.10.3-2021.10.win32_1.0.0.202111181127/tools/bin/../lib/gcc/arm-none-eabi/10.3.1/thumb/v7-m/nofp/crtbegin.o
LOAD c:/st/stm32cubeide_1.10.1/stm32cubeide/plugins/com.st.stm32cube.ide.mcu.externaltools.gnu-tools-for-stm32.10.3-2021.10.win32_1.0.0.202111181127/tools/bin/../lib/gcc/arm-none-eabi/10.3.1/../../../../arm-none-eabi/lib/thumb/v7-m/nofp/crt0.o
LOAD ./Core/Src/Cpp/BTS7960B.o
LOAD ./Core/Src/Cpp/SerialDebug.o
LOAD ./Core/Src/Cpp/Start.o
LOAD ./Core/Src/Cpp/StaticFIFO.o
LOAD ./Core/Src/main.o
LOAD ./Core/Src/stm32f1xx_hal_msp.o
LOAD ./Core/Src/stm32f1xx_it.o
LOAD ./Core/Src/syscalls.o
LOAD ./Core/Src/sysmem.o
LOAD ./Core/Src/system_stm32f1xx.o
LOAD ./Core/Startup/startup_stm32f103retx.o
LOAD ./Drivers/STM32F1xx_HAL_Driver/Src/stm32f1xx_hal.o
LOAD ./Drivers/STM32F1xx_HAL_Driver/Src/stm32f1xx_hal_adc.o
LOAD ./Drivers/STM32F1xx_HAL_Driver/Src/stm32f1xx_hal_adc_ex.o
LOAD ./Drivers/STM32F1xx_HAL_Driver/Src/stm32f1xx_hal_cortex.o
LOAD ./Drivers/STM32F1xx_HAL_Driver/Src/stm32f1xx_hal_dma.o
LOAD ./Drivers/STM32F1xx_HAL_Driver/Src/stm32f1xx_hal_exti.o
LOAD ./Drivers/STM32F1xx_HAL_Driver/Src/stm32f1xx_hal_flash.o
LOAD ./Drivers/STM32F1xx_HAL_Driver/Src/stm32f1xx_hal_flash_ex.o
LOAD ./Drivers/STM32F1xx_HAL_Driver/Src/stm32f1xx_hal_gpio.o
LOAD ./Drivers/STM32F1xx_HAL_Driver/Src/stm32f1xx_hal_gpio_ex.o
LOAD ./Drivers/STM32F1xx_HAL_Driver/Src/stm32f1xx_hal_pwr.o
LOAD ./Drivers/STM32F1xx_HAL_Driver/Src/stm32f1xx_hal_rcc.o
LOAD ./Drivers/STM32F1xx_HAL_Driver/Src/stm32f1xx_hal_rcc_ex.o
LOAD ./Drivers/STM32F1xx_HAL_Driver/Src/stm32f1xx_hal_tim.o
LOAD ./Drivers/STM32F1xx_HAL_Driver/Src/stm32f1xx_hal_tim_ex.o
LOAD ./Drivers/STM32F1xx_HAL_Driver/Src/stm32f1xx_hal_uart.o
START GROUP
LOAD c:/st/stm32cubeide_1.10.1/stm32cubeide/plugins/com.st.stm32cube.ide.mcu.externaltools.gnu-tools-for-stm32.10.3-2021.10.win32_1.0.0.202111181127/tools/bin/../lib/gcc/arm-none-eabi/10.3.1/../../../../arm-none-eabi/lib/thumb/v7-m/nofp\libstdc++_nano.a
LOAD c:/st/stm32cubeide_1.10.1/stm32cubeide/plugins/com.st.stm32cube.ide.mcu.externaltools.gnu-tools-for-stm32.10.3-2021.10.win32_1.0.0.202111181127/tools/bin/../lib/gcc/arm-none-eabi/10.3.1/../../../../arm-none-eabi/lib/thumb/v7-m/nofp\libsupc++_nano.a
END GROUP
LOAD c:/st/stm32cubeide_1.10.1/stm32cubeide/plugins/com.st.stm32cube.ide.mcu.externaltools.gnu-tools-for-stm32.10.3-2021.10.win32_1.0.0.202111181127/tools/bin/../lib/gcc/arm-none-eabi/10.3.1/../../../../arm-none-eabi/lib/thumb/v7-m/nofp\libstdc++_nano.a
LOAD c:/st/stm32cubeide_1.10.1/stm32cubeide/plugins/com.st.stm32cube.ide.mcu.externaltools.gnu-tools-for-stm32.10.3-2021.10.win32_1.0.0.202111181127/tools/bin/../lib/gcc/arm-none-eabi/10.3.1/../../../../arm-none-eabi/lib/thumb/v7-m/nofp\libm.a
LOAD c:/st/stm32cubeide_1.10.1/stm32cubeide/plugins/com.st.stm32cube.ide.mcu.externaltools.gnu-tools-for-stm32.10.3-2021.10.win32_1.0.0.202111181127/tools/bin/../lib/gcc/arm-none-eabi/10.3.1/../../../../arm-none-eabi/lib/thumb/v7-m/nofp\libc_nano.a
START GROUP
LOAD c:/st/stm32cubeide_1.10.1/stm32cubeide/plugins/com.st.stm32cube.ide.mcu.externaltools.gnu-tools-for-stm32.10.3-2021.10.win32_1.0.0.202111181127/tools/bin/../lib/gcc/arm-none-eabi/10.3.1/thumb/v7-m/nofp\libgcc.a
LOAD c:/st/stm32cubeide_1.10.1/stm32cubeide/plugins/com.st.stm32cube.ide.mcu.externaltools.gnu-tools-for-stm32.10.3-2021.10.win32_1.0.0.202111181127/tools/bin/../lib/gcc/arm-none-eabi/10.3.1/../../../../arm-none-eabi/lib/thumb/v7-m/nofp\libc_nano.a
END GROUP
START GROUP
LOAD c:/st/stm32cubeide_1.10.1/stm32cubeide/plugins/com.st.stm32cube.ide.mcu.externaltools.gnu-tools-for-stm32.10.3-2021.10.win32_1.0.0.202111181127/tools/bin/../lib/gcc/arm-none-eabi/10.3.1/thumb/v7-m/nofp\libgcc.a
LOAD c:/st/stm32cubeide_1.10.1/stm32cubeide/plugins/com.st.stm32cube.ide.mcu.externaltools.gnu-tools-for-stm32.10.3-2021.10.win32_1.0.0.202111181127/tools/bin/../lib/gcc/arm-none-eabi/10.3.1/../../../../arm-none-eabi/lib/thumb/v7-m/nofp\libc_nano.a
LOAD c:/st/stm32cubeide_1.10.1/stm32cubeide/plugins/com.st.stm32cube.ide.mcu.externaltools.gnu-tools-for-stm32.10.3-2021.10.win32_1.0.0.202111181127/tools/bin/../lib/gcc/arm-none-eabi/10.3.1/../../../../arm-none-eabi/lib/thumb/v7-m/nofp\libnosys.a
END GROUP
START GROUP
LOAD c:/st/stm32cubeide_1.10.1/stm32cubeide/plugins/com.st.stm32cube.ide.mcu.externaltools.gnu-tools-for-stm32.10.3-2021.10.win32_1.0.0.202111181127/tools/bin/../lib/gcc/arm-none-eabi/10.3.1/thumb/v7-m/nofp\libgcc.a
LOAD c:/st/stm32cubeide_1.10.1/stm32cubeide/plugins/com.st.stm32cube.ide.mcu.externaltools.gnu-tools-for-stm32.10.3-2021.10.win32_1.0.0.202111181127/tools/bin/../lib/gcc/arm-none-eabi/10.3.1/../../../../arm-none-eabi/lib/thumb/v7-m/nofp\libc_nano.a
LOAD c:/st/stm32cubeide_1.10.1/stm32cubeide/plugins/com.st.stm32cube.ide.mcu.externaltools.gnu-tools-for-stm32.10.3-2021.10.win32_1.0.0.202111181127/tools/bin/../lib/gcc/arm-none-eabi/10.3.1/../../../../arm-none-eabi/lib/thumb/v7-m/nofp\libnosys.a
END GROUP
LOAD c:/st/stm32cubeide_1.10.1/stm32cubeide/plugins/com.st.stm32cube.ide.mcu.externaltools.gnu-tools-for-stm32.10.3-2021.10.win32_1.0.0.202111181127/tools/bin/../lib/gcc/arm-none-eabi/10.3.1/thumb/v7-m/nofp/crtend.o
LOAD c:/st/stm32cubeide_1.10.1/stm32cubeide/plugins/com.st.stm32cube.ide.mcu.externaltools.gnu-tools-for-stm32.10.3-2021.10.win32_1.0.0.202111181127/tools/bin/../lib/gcc/arm-none-eabi/10.3.1/thumb/v7-m/nofp/crtn.o
                0x0000000020010000                _estack = (ORIGIN (RAM) + LENGTH (RAM))
                0x0000000000000200                _Min_Heap_Size = 0x200
                0x0000000000000400                _Min_Stack_Size = 0x400

.isr_vector     0x0000000008000000      0x1e4
                0x0000000008000000                . = ALIGN (0x4)
 *(.isr_vector)
 .isr_vector    0x0000000008000000      0x1e4 ./Core/Startup/startup_stm32f103retx.o
                0x0000000008000000                g_pfnVectors
                0x00000000080001e4                . = ALIGN (0x4)

.text           0x00000000080001e4     0x4910
                0x00000000080001e4                . = ALIGN (0x4)
 *(.text)
 .text          0x00000000080001e4       0x40 c:/st/stm32cubeide_1.10.1/stm32cubeide/plugins/com.st.stm32cube.ide.mcu.externaltools.gnu-tools-for-stm32.10.3-2021.10.win32_1.0.0.202111181127/tools/bin/../lib/gcc/arm-none-eabi/10.3.1/thumb/v7-m/nofp/crtbegin.o
 *(.text*)
 .text._ZN8BTS7960BC2EPVmS1_P12GPIO_TypeDeftS3_t
                0x0000000008000224       0x3e ./Core/Src/Cpp/BTS7960B.o
                0x0000000008000224                BTS7960B::BTS7960B(unsigned long volatile*, unsigned long volatile*, GPIO_TypeDef*, unsigned short, GPIO_TypeDef*, unsigned short)
                0x0000000008000224                BTS7960B::BTS7960B(unsigned long volatile*, unsigned long volatile*, GPIO_TypeDef*, unsigned short, GPIO_TypeDef*, unsigned short)
 .text._ZN8BTS7960B8setSpeedEl
                0x0000000008000262       0xa4 ./Core/Src/Cpp/BTS7960B.o
                0x0000000008000262                BTS7960B::setSpeed(long)
 .text._ZN11SerialDebugC2EP20__UART_HandleTypeDef
                0x0000000008000306       0x22 ./Core/Src/Cpp/SerialDebug.o
                0x0000000008000306                SerialDebug::SerialDebug(__UART_HandleTypeDef*)
                0x0000000008000306                SerialDebug::SerialDebug(__UART_HandleTypeDef*)
 .text._ZN11SerialDebug8setLevelEm
                0x0000000008000328       0x1a ./Core/Src/Cpp/SerialDebug.o
                0x0000000008000328                SerialDebug::setLevel(unsigned long)
 *fill*         0x0000000008000342        0x2 
 .text._ZN11SerialDebug5debugEPKc
                0x0000000008000344       0x4c ./Core/Src/Cpp/SerialDebug.o
                0x0000000008000344                SerialDebug::debug(char const*)
 .text.Start    0x0000000008000390       0x54 ./Core/Src/Cpp/Start.o
                0x0000000008000390                Start
 .text._Z41__static_initialization_and_destruction_0ii
                0x00000000080003e4       0x5c ./Core/Src/Cpp/Start.o
 .text._GLOBAL__sub_I_debug
                0x0000000008000440       0x10 ./Core/Src/Cpp/Start.o
 .text.main     0x0000000008000450       0x48 ./Core/Src/main.o
                0x0000000008000450                main
 .text.SystemClock_Config
                0x0000000008000498       0xba ./Core/Src/main.o
                0x0000000008000498                SystemClock_Config
 *fill*         0x0000000008000552        0x2 
 .text.MX_ADC1_Init
                0x0000000008000554       0x7c ./Core/Src/main.o
 .text.MX_TIM3_Init
                0x00000000080005d0       0xc8 ./Core/Src/main.o
 .text.MX_TIM6_Init
                0x0000000008000698       0x6c ./Core/Src/main.o
 .text.MX_USART1_UART_Init
                0x0000000008000704       0x54 ./Core/Src/main.o
 .text.MX_USART3_UART_Init
                0x0000000008000758       0x54 ./Core/Src/main.o
 .text.MX_DMA_Init
                0x00000000080007ac       0x3c ./Core/Src/main.o
 .text.MX_GPIO_Init
                0x00000000080007e8       0xac ./Core/Src/main.o
 .text.Error_Handler
                0x0000000008000894        0xa ./Core/Src/main.o
                0x0000000008000894                Error_Handler
 *fill*         0x000000000800089e        0x2 
 .text.HAL_MspInit
                0x00000000080008a0       0x64 ./Core/Src/stm32f1xx_hal_msp.o
                0x00000000080008a0                HAL_MspInit
 .text.HAL_ADC_MspInit
                0x0000000008000904       0x78 ./Core/Src/stm32f1xx_hal_msp.o
                0x0000000008000904                HAL_ADC_MspInit
 .text.HAL_TIM_PWM_MspInit
                0x000000000800097c       0x4c ./Core/Src/stm32f1xx_hal_msp.o
                0x000000000800097c                HAL_TIM_PWM_MspInit
 .text.HAL_TIM_Base_MspInit
                0x00000000080009c8       0x3c ./Core/Src/stm32f1xx_hal_msp.o
                0x00000000080009c8                HAL_TIM_Base_MspInit
 .text.HAL_TIM_MspPostInit
                0x0000000008000a04       0x64 ./Core/Src/stm32f1xx_hal_msp.o
                0x0000000008000a04                HAL_TIM_MspPostInit
 .text.HAL_UART_MspInit
                0x0000000008000a68      0x174 ./Core/Src/stm32f1xx_hal_msp.o
                0x0000000008000a68                HAL_UART_MspInit
 .text.NMI_Handler
                0x0000000008000bdc        0x6 ./Core/Src/stm32f1xx_it.o
                0x0000000008000bdc                NMI_Handler
 .text.HardFault_Handler
                0x0000000008000be2        0x6 ./Core/Src/stm32f1xx_it.o
                0x0000000008000be2                HardFault_Handler
 .text.MemManage_Handler
                0x0000000008000be8        0x6 ./Core/Src/stm32f1xx_it.o
                0x0000000008000be8                MemManage_Handler
 .text.BusFault_Handler
                0x0000000008000bee        0x6 ./Core/Src/stm32f1xx_it.o
                0x0000000008000bee                BusFault_Handler
 .text.UsageFault_Handler
                0x0000000008000bf4        0x6 ./Core/Src/stm32f1xx_it.o
                0x0000000008000bf4                UsageFault_Handler
 .text.SVC_Handler
                0x0000000008000bfa        0xc ./Core/Src/stm32f1xx_it.o
                0x0000000008000bfa                SVC_Handler
 .text.DebugMon_Handler
                0x0000000008000c06        0xc ./Core/Src/stm32f1xx_it.o
                0x0000000008000c06                DebugMon_Handler
 .text.PendSV_Handler
                0x0000000008000c12        0xc ./Core/Src/stm32f1xx_it.o
                0x0000000008000c12                PendSV_Handler
 .text.SysTick_Handler
                0x0000000008000c1e        0xc ./Core/Src/stm32f1xx_it.o
                0x0000000008000c1e                SysTick_Handler
 *fill*         0x0000000008000c2a        0x2 
 .text.DMA1_Channel4_IRQHandler
                0x0000000008000c2c       0x14 ./Core/Src/stm32f1xx_it.o
                0x0000000008000c2c                DMA1_Channel4_IRQHandler
 .text.TIM3_IRQHandler
                0x0000000008000c40       0x14 ./Core/Src/stm32f1xx_it.o
                0x0000000008000c40                TIM3_IRQHandler
 .text.USART1_IRQHandler
                0x0000000008000c54       0x14 ./Core/Src/stm32f1xx_it.o
                0x0000000008000c54                USART1_IRQHandler
 .text._sbrk    0x0000000008000c68       0x6c ./Core/Src/sysmem.o
                0x0000000008000c68                _sbrk
 .text.SystemInit
                0x0000000008000cd4        0xc ./Core/Src/system_stm32f1xx.o
                0x0000000008000cd4                SystemInit
 .text.Reset_Handler
                0x0000000008000ce0       0x48 ./Core/Startup/startup_stm32f103retx.o
                0x0000000008000ce0                Reset_Handler
 .text.Default_Handler
                0x0000000008000d28        0x2 ./Core/Startup/startup_stm32f103retx.o
                0x0000000008000d28                RTC_Alarm_IRQHandler
                0x0000000008000d28                EXTI2_IRQHandler
                0x0000000008000d28                TIM8_TRG_COM_IRQHandler
                0x0000000008000d28                TIM8_CC_IRQHandler
                0x0000000008000d28                TIM1_CC_IRQHandler
                0x0000000008000d28                TIM6_IRQHandler
                0x0000000008000d28                PVD_IRQHandler
                0x0000000008000d28                SDIO_IRQHandler
                0x0000000008000d28                EXTI3_IRQHandler
                0x0000000008000d28                EXTI0_IRQHandler
                0x0000000008000d28                I2C2_EV_IRQHandler
                0x0000000008000d28                ADC1_2_IRQHandler
                0x0000000008000d28                SPI1_IRQHandler
                0x0000000008000d28                TAMPER_IRQHandler
                0x0000000008000d28                TIM8_UP_IRQHandler
                0x0000000008000d28                DMA2_Channel2_IRQHandler
                0x0000000008000d28                USART3_IRQHandler
                0x0000000008000d28                RTC_IRQHandler
                0x0000000008000d28                DMA1_Channel7_IRQHandler
                0x0000000008000d28                CAN1_RX1_IRQHandler
                0x0000000008000d28                UART5_IRQHandler
                0x0000000008000d28                ADC3_IRQHandler
                0x0000000008000d28                TIM4_IRQHandler
                0x0000000008000d28                DMA2_Channel1_IRQHandler
                0x0000000008000d28                I2C1_EV_IRQHandler
                0x0000000008000d28                DMA1_Channel6_IRQHandler
                0x0000000008000d28                UART4_IRQHandler
                0x0000000008000d28                RCC_IRQHandler
                0x0000000008000d28                TIM1_TRG_COM_IRQHandler
                0x0000000008000d28                DMA1_Channel1_IRQHandler
                0x0000000008000d28                Default_Handler
                0x0000000008000d28                EXTI15_10_IRQHandler
                0x0000000008000d28                TIM7_IRQHandler
                0x0000000008000d28                TIM5_IRQHandler
                0x0000000008000d28                EXTI9_5_IRQHandler
                0x0000000008000d28                SPI2_IRQHandler
                0x0000000008000d28                DMA1_Channel5_IRQHandler
                0x0000000008000d28                EXTI4_IRQHandler
                0x0000000008000d28                USB_LP_CAN1_RX0_IRQHandler
                0x0000000008000d28                USB_HP_CAN1_TX_IRQHandler
                0x0000000008000d28                DMA1_Channel3_IRQHandler
                0x0000000008000d28                FSMC_IRQHandler
                0x0000000008000d28                TIM1_UP_IRQHandler
                0x0000000008000d28                WWDG_IRQHandler
                0x0000000008000d28                TIM2_IRQHandler
                0x0000000008000d28                TIM1_BRK_IRQHandler
                0x0000000008000d28                EXTI1_IRQHandler
                0x0000000008000d28                DMA2_Channel4_5_IRQHandler
                0x0000000008000d28                USART2_IRQHandler
                0x0000000008000d28                I2C2_ER_IRQHandler
                0x0000000008000d28                DMA1_Channel2_IRQHandler
                0x0000000008000d28                TIM8_BRK_IRQHandler
                0x0000000008000d28                CAN1_SCE_IRQHandler
                0x0000000008000d28                FLASH_IRQHandler
                0x0000000008000d28                SPI3_IRQHandler
                0x0000000008000d28                I2C1_ER_IRQHandler
                0x0000000008000d28                USBWakeUp_IRQHandler
                0x0000000008000d28                DMA2_Channel3_IRQHandler
 *fill*         0x0000000008000d2a        0x2 
 .text.HAL_Init
                0x0000000008000d2c       0x2c ./Drivers/STM32F1xx_HAL_Driver/Src/stm32f1xx_hal.o
                0x0000000008000d2c                HAL_Init
 .text.HAL_InitTick
                0x0000000008000d58       0x60 ./Drivers/STM32F1xx_HAL_Driver/Src/stm32f1xx_hal.o
                0x0000000008000d58                HAL_InitTick
 .text.HAL_IncTick
                0x0000000008000db8       0x24 ./Drivers/STM32F1xx_HAL_Driver/Src/stm32f1xx_hal.o
                0x0000000008000db8                HAL_IncTick
 .text.HAL_GetTick
                0x0000000008000ddc       0x14 ./Drivers/STM32F1xx_HAL_Driver/Src/stm32f1xx_hal.o
                0x0000000008000ddc                HAL_GetTick
 .text.HAL_Delay
                0x0000000008000df0       0x48 ./Drivers/STM32F1xx_HAL_Driver/Src/stm32f1xx_hal.o
                0x0000000008000df0                HAL_Delay
 .text.HAL_ADC_Init
                0x0000000008000e38      0x1d4 ./Drivers/STM32F1xx_HAL_Driver/Src/stm32f1xx_hal_adc.o
                0x0000000008000e38                HAL_ADC_Init
 .text.HAL_ADC_ConfigChannel
                0x000000000800100c      0x1f0 ./Drivers/STM32F1xx_HAL_Driver/Src/stm32f1xx_hal_adc.o
                0x000000000800100c                HAL_ADC_ConfigChannel
 .text.ADC_ConversionStop_Disable
                0x00000000080011fc       0x82 ./Drivers/STM32F1xx_HAL_Driver/Src/stm32f1xx_hal_adc.o
                0x00000000080011fc                ADC_ConversionStop_Disable
 *fill*         0x000000000800127e        0x2 
 .text.__NVIC_SetPriorityGrouping
                0x0000000008001280       0x48 ./Drivers/STM32F1xx_HAL_Driver/Src/stm32f1xx_hal_cortex.o
 .text.__NVIC_GetPriorityGrouping
                0x00000000080012c8       0x1c ./Drivers/STM32F1xx_HAL_Driver/Src/stm32f1xx_hal_cortex.o
 .text.__NVIC_EnableIRQ
                0x00000000080012e4       0x38 ./Drivers/STM32F1xx_HAL_Driver/Src/stm32f1xx_hal_cortex.o
 .text.__NVIC_SetPriority
                0x000000000800131c       0x54 ./Drivers/STM32F1xx_HAL_Driver/Src/stm32f1xx_hal_cortex.o
 .text.NVIC_EncodePriority
                0x0000000008001370       0x64 ./Drivers/STM32F1xx_HAL_Driver/Src/stm32f1xx_hal_cortex.o
 .text.SysTick_Config
                0x00000000080013d4       0x44 ./Drivers/STM32F1xx_HAL_Driver/Src/stm32f1xx_hal_cortex.o
 .text.HAL_NVIC_SetPriorityGrouping
                0x0000000008001418       0x16 ./Drivers/STM32F1xx_HAL_Driver/Src/stm32f1xx_hal_cortex.o
                0x0000000008001418                HAL_NVIC_SetPriorityGrouping
 .text.HAL_NVIC_SetPriority
                0x000000000800142e       0x38 ./Drivers/STM32F1xx_HAL_Driver/Src/stm32f1xx_hal_cortex.o
                0x000000000800142e                HAL_NVIC_SetPriority
 .text.HAL_NVIC_EnableIRQ
                0x0000000008001466       0x1c ./Drivers/STM32F1xx_HAL_Driver/Src/stm32f1xx_hal_cortex.o
                0x0000000008001466                HAL_NVIC_EnableIRQ
 .text.HAL_SYSTICK_Config
                0x0000000008001482       0x18 ./Drivers/STM32F1xx_HAL_Driver/Src/stm32f1xx_hal_cortex.o
                0x0000000008001482                HAL_SYSTICK_Config
 *fill*         0x000000000800149a        0x2 
 .text.HAL_DMA_Init
                0x000000000800149c       0xec ./Drivers/STM32F1xx_HAL_Driver/Src/stm32f1xx_hal_dma.o
                0x000000000800149c                HAL_DMA_Init
 .text.HAL_DMA_Start_IT
                0x0000000008001588       0xbe ./Drivers/STM32F1xx_HAL_Driver/Src/stm32f1xx_hal_dma.o
                0x0000000008001588                HAL_DMA_Start_IT
 .text.HAL_DMA_Abort
                0x0000000008001646       0x74 ./Drivers/STM32F1xx_HAL_Driver/Src/stm32f1xx_hal_dma.o
                0x0000000008001646                HAL_DMA_Abort
 *fill*         0x00000000080016ba        0x2 
 .text.HAL_DMA_Abort_IT
                0x00000000080016bc      0x210 ./Drivers/STM32F1xx_HAL_Driver/Src/stm32f1xx_hal_dma.o
                0x00000000080016bc                HAL_DMA_Abort_IT
 .text.HAL_DMA_IRQHandler
                0x00000000080018cc      0x478 ./Drivers/STM32F1xx_HAL_Driver/Src/stm32f1xx_hal_dma.o
                0x00000000080018cc                HAL_DMA_IRQHandler
 .text.DMA_SetConfig
                0x0000000008001d44       0x5a ./Drivers/STM32F1xx_HAL_Driver/Src/stm32f1xx_hal_dma.o
 *fill*         0x0000000008001d9e        0x2 
 .text.HAL_GPIO_Init
                0x0000000008001da0      0x328 ./Drivers/STM32F1xx_HAL_Driver/Src/stm32f1xx_hal_gpio.o
                0x0000000008001da0                HAL_GPIO_Init
 .text.HAL_GPIO_WritePin
                0x00000000080020c8       0x30 ./Drivers/STM32F1xx_HAL_Driver/Src/stm32f1xx_hal_gpio.o
                0x00000000080020c8                HAL_GPIO_WritePin
 .text.HAL_RCC_OscConfig
                0x00000000080020f8      0x504 ./Drivers/STM32F1xx_HAL_Driver/Src/stm32f1xx_hal_rcc.o
                0x00000000080020f8                HAL_RCC_OscConfig
 .text.HAL_RCC_ClockConfig
                0x00000000080025fc      0x1d4 ./Drivers/STM32F1xx_HAL_Driver/Src/stm32f1xx_hal_rcc.o
                0x00000000080025fc                HAL_RCC_ClockConfig
 .text.HAL_RCC_GetSysClockFreq
                0x00000000080027d0       0xbc ./Drivers/STM32F1xx_HAL_Driver/Src/stm32f1xx_hal_rcc.o
                0x00000000080027d0                HAL_RCC_GetSysClockFreq
 .text.HAL_RCC_GetHCLKFreq
                0x000000000800288c       0x14 ./Drivers/STM32F1xx_HAL_Driver/Src/stm32f1xx_hal_rcc.o
                0x000000000800288c                HAL_RCC_GetHCLKFreq
 .text.HAL_RCC_GetPCLK1Freq
                0x00000000080028a0       0x28 ./Drivers/STM32F1xx_HAL_Driver/Src/stm32f1xx_hal_rcc.o
                0x00000000080028a0                HAL_RCC_GetPCLK1Freq
 .text.HAL_RCC_GetPCLK2Freq
                0x00000000080028c8       0x28 ./Drivers/STM32F1xx_HAL_Driver/Src/stm32f1xx_hal_rcc.o
                0x00000000080028c8                HAL_RCC_GetPCLK2Freq
 .text.RCC_Delay
                0x00000000080028f0       0x3c ./Drivers/STM32F1xx_HAL_Driver/Src/stm32f1xx_hal_rcc.o
 .text.HAL_RCCEx_PeriphCLKConfig
                0x000000000800292c      0x16c ./Drivers/STM32F1xx_HAL_Driver/Src/stm32f1xx_hal_rcc_ex.o
                0x000000000800292c                HAL_RCCEx_PeriphCLKConfig
 .text.HAL_TIM_Base_Init
                0x0000000008002a98       0x9e ./Drivers/STM32F1xx_HAL_Driver/Src/stm32f1xx_hal_tim.o
                0x0000000008002a98                HAL_TIM_Base_Init
 *fill*         0x0000000008002b36        0x2 
 .text.HAL_TIM_Base_Start
                0x0000000008002b38       0xb0 ./Drivers/STM32F1xx_HAL_Driver/Src/stm32f1xx_hal_tim.o
                0x0000000008002b38                HAL_TIM_Base_Start
 .text.HAL_TIM_PWM_Init
                0x0000000008002be8       0x9e ./Drivers/STM32F1xx_HAL_Driver/Src/stm32f1xx_hal_tim.o
                0x0000000008002be8                HAL_TIM_PWM_Init
 *fill*         0x0000000008002c86        0x2 
 .text.HAL_TIM_PWM_Start
                0x0000000008002c88      0x174 ./Drivers/STM32F1xx_HAL_Driver/Src/stm32f1xx_hal_tim.o
                0x0000000008002c88                HAL_TIM_PWM_Start
 .text.HAL_TIM_IRQHandler
                0x0000000008002dfc      0x210 ./Drivers/STM32F1xx_HAL_Driver/Src/stm32f1xx_hal_tim.o
                0x0000000008002dfc                HAL_TIM_IRQHandler
 .text.HAL_TIM_PWM_ConfigChannel
                0x000000000800300c      0x17c ./Drivers/STM32F1xx_HAL_Driver/Src/stm32f1xx_hal_tim.o
                0x000000000800300c                HAL_TIM_PWM_ConfigChannel
 .text.HAL_TIM_PeriodElapsedCallback
                0x0000000008003188       0x12 ./Drivers/STM32F1xx_HAL_Driver/Src/stm32f1xx_hal_tim.o
                0x0000000008003188                HAL_TIM_PeriodElapsedCallback
 .text.HAL_TIM_OC_DelayElapsedCallback
                0x000000000800319a       0x12 ./Drivers/STM32F1xx_HAL_Driver/Src/stm32f1xx_hal_tim.o
                0x000000000800319a                HAL_TIM_OC_DelayElapsedCallback
 .text.HAL_TIM_IC_CaptureCallback
                0x00000000080031ac       0x12 ./Drivers/STM32F1xx_HAL_Driver/Src/stm32f1xx_hal_tim.o
                0x00000000080031ac                HAL_TIM_IC_CaptureCallback
 .text.HAL_TIM_PWM_PulseFinishedCallback
                0x00000000080031be       0x12 ./Drivers/STM32F1xx_HAL_Driver/Src/stm32f1xx_hal_tim.o
                0x00000000080031be                HAL_TIM_PWM_PulseFinishedCallback
 .text.HAL_TIM_TriggerCallback
                0x00000000080031d0       0x12 ./Drivers/STM32F1xx_HAL_Driver/Src/stm32f1xx_hal_tim.o
                0x00000000080031d0                HAL_TIM_TriggerCallback
 *fill*         0x00000000080031e2        0x2 
 .text.TIM_Base_SetConfig
                0x00000000080031e4       0xf4 ./Drivers/STM32F1xx_HAL_Driver/Src/stm32f1xx_hal_tim.o
                0x00000000080031e4                TIM_Base_SetConfig
 .text.TIM_OC1_SetConfig
                0x00000000080032d8       0xe0 ./Drivers/STM32F1xx_HAL_Driver/Src/stm32f1xx_hal_tim.o
 .text.TIM_OC2_SetConfig
                0x00000000080033b8       0xe8 ./Drivers/STM32F1xx_HAL_Driver/Src/stm32f1xx_hal_tim.o
                0x00000000080033b8                TIM_OC2_SetConfig
 .text.TIM_OC3_SetConfig
                0x00000000080034a0       0xe8 ./Drivers/STM32F1xx_HAL_Driver/Src/stm32f1xx_hal_tim.o
 .text.TIM_OC4_SetConfig
                0x0000000008003588       0xa8 ./Drivers/STM32F1xx_HAL_Driver/Src/stm32f1xx_hal_tim.o
 .text.TIM_CCxChannelCmd
                0x0000000008003630       0x48 ./Drivers/STM32F1xx_HAL_Driver/Src/stm32f1xx_hal_tim.o
                0x0000000008003630                TIM_CCxChannelCmd
 .text.HAL_TIMEx_MasterConfigSynchronization
                0x0000000008003678       0xd8 ./Drivers/STM32F1xx_HAL_Driver/Src/stm32f1xx_hal_tim_ex.o
                0x0000000008003678                HAL_TIMEx_MasterConfigSynchronization
 .text.HAL_TIMEx_CommutCallback
                0x0000000008003750       0x12 ./Drivers/STM32F1xx_HAL_Driver/Src/stm32f1xx_hal_tim_ex.o
                0x0000000008003750                HAL_TIMEx_CommutCallback
 .text.HAL_TIMEx_BreakCallback
                0x0000000008003762       0x12 ./Drivers/STM32F1xx_HAL_Driver/Src/stm32f1xx_hal_tim_ex.o
                0x0000000008003762                HAL_TIMEx_BreakCallback
 .text.HAL_UART_Init
                0x0000000008003774       0x9a ./Drivers/STM32F1xx_HAL_Driver/Src/stm32f1xx_hal_uart.o
                0x0000000008003774                HAL_UART_Init
 *fill*         0x000000000800380e        0x2 
 .text.HAL_UART_Transmit_DMA
                0x0000000008003810       0xd8 ./Drivers/STM32F1xx_HAL_Driver/Src/stm32f1xx_hal_uart.o
                0x0000000008003810                HAL_UART_Transmit_DMA
 .text.HAL_UART_IRQHandler
                0x00000000080038e8      0x354 ./Drivers/STM32F1xx_HAL_Driver/Src/stm32f1xx_hal_uart.o
                0x00000000080038e8                HAL_UART_IRQHandler
 .text.HAL_UART_TxCpltCallback
                0x0000000008003c3c       0x12 ./Drivers/STM32F1xx_HAL_Driver/Src/stm32f1xx_hal_uart.o
                0x0000000008003c3c                HAL_UART_TxCpltCallback
 .text.HAL_UART_TxHalfCpltCallback
                0x0000000008003c4e       0x12 ./Drivers/STM32F1xx_HAL_Driver/Src/stm32f1xx_hal_uart.o
                0x0000000008003c4e                HAL_UART_TxHalfCpltCallback
 .text.HAL_UART_RxCpltCallback
                0x0000000008003c60       0x12 ./Drivers/STM32F1xx_HAL_Driver/Src/stm32f1xx_hal_uart.o
                0x0000000008003c60                HAL_UART_RxCpltCallback
 .text.HAL_UART_ErrorCallback
                0x0000000008003c72       0x12 ./Drivers/STM32F1xx_HAL_Driver/Src/stm32f1xx_hal_uart.o
                0x0000000008003c72                HAL_UART_ErrorCallback
 .text.HAL_UARTEx_RxEventCallback
                0x0000000008003c84       0x16 ./Drivers/STM32F1xx_HAL_Driver/Src/stm32f1xx_hal_uart.o
                0x0000000008003c84                HAL_UARTEx_RxEventCallback
 .text.UART_DMATransmitCplt
                0x0000000008003c9a       0x52 ./Drivers/STM32F1xx_HAL_Driver/Src/stm32f1xx_hal_uart.o
 .text.UART_DMATxHalfCplt
                0x0000000008003cec       0x1c ./Drivers/STM32F1xx_HAL_Driver/Src/stm32f1xx_hal_uart.o
 .text.UART_DMAError
                0x0000000008003d08       0x94 ./Drivers/STM32F1xx_HAL_Driver/Src/stm32f1xx_hal_uart.o
 .text.UART_EndTxTransfer
                0x0000000008003d9c       0x2a ./Drivers/STM32F1xx_HAL_Driver/Src/stm32f1xx_hal_uart.o
 .text.UART_EndRxTransfer
                0x0000000008003dc6       0x58 ./Drivers/STM32F1xx_HAL_Driver/Src/stm32f1xx_hal_uart.o
 .text.UART_DMAAbortOnError
                0x0000000008003e1e       0x28 ./Drivers/STM32F1xx_HAL_Driver/Src/stm32f1xx_hal_uart.o
 .text.UART_Transmit_IT
                0x0000000008003e46       0x9e ./Drivers/STM32F1xx_HAL_Driver/Src/stm32f1xx_hal_uart.o
 .text.UART_EndTransmit_IT
                0x0000000008003ee4       0x30 ./Drivers/STM32F1xx_HAL_Driver/Src/stm32f1xx_hal_uart.o
 .text.UART_Receive_IT
                0x0000000008003f14      0x152 ./Drivers/STM32F1xx_HAL_Driver/Src/stm32f1xx_hal_uart.o
 *fill*         0x0000000008004066        0x2 
 .text.UART_SetConfig
                0x0000000008004068      0x11c ./Drivers/STM32F1xx_HAL_Driver/Src/stm32f1xx_hal_uart.o
 .text.__errno  0x0000000008004184        0xc c:/st/stm32cubeide_1.10.1/stm32cubeide/plugins/com.st.stm32cube.ide.mcu.externaltools.gnu-tools-for-stm32.10.3-2021.10.win32_1.0.0.202111181127/tools/bin/../lib/gcc/arm-none-eabi/10.3.1/../../../../arm-none-eabi/lib/thumb/v7-m/nofp\libc_nano.a(lib_a-errno.o)
                0x0000000008004184                __errno
 .text.__libc_init_array
                0x0000000008004190       0x48 c:/st/stm32cubeide_1.10.1/stm32cubeide/plugins/com.st.stm32cube.ide.mcu.externaltools.gnu-tools-for-stm32.10.3-2021.10.win32_1.0.0.202111181127/tools/bin/../lib/gcc/arm-none-eabi/10.3.1/../../../../arm-none-eabi/lib/thumb/v7-m/nofp\libc_nano.a(lib_a-init.o)
                0x0000000008004190                __libc_init_array
 .text.memcpy   0x00000000080041d8       0x1c c:/st/stm32cubeide_1.10.1/stm32cubeide/plugins/com.st.stm32cube.ide.mcu.externaltools.gnu-tools-for-stm32.10.3-2021.10.win32_1.0.0.202111181127/tools/bin/../lib/gcc/arm-none-eabi/10.3.1/../../../../arm-none-eabi/lib/thumb/v7-m/nofp\libc_nano.a(lib_a-memcpy-stub.o)
                0x00000000080041d8                memcpy
 .text.memset   0x00000000080041f4       0x10 c:/st/stm32cubeide_1.10.1/stm32cubeide/plugins/com.st.stm32cube.ide.mcu.externaltools.gnu-tools-for-stm32.10.3-2021.10.win32_1.0.0.202111181127/tools/bin/../lib/gcc/arm-none-eabi/10.3.1/../../../../arm-none-eabi/lib/thumb/v7-m/nofp\libc_nano.a(lib_a-memset.o)
                0x00000000080041f4                memset
 .text._free_r  0x0000000008004204       0x90 c:/st/stm32cubeide_1.10.1/stm32cubeide/plugins/com.st.stm32cube.ide.mcu.externaltools.gnu-tools-for-stm32.10.3-2021.10.win32_1.0.0.202111181127/tools/bin/../lib/gcc/arm-none-eabi/10.3.1/../../../../arm-none-eabi/lib/thumb/v7-m/nofp\libc_nano.a(lib_a-nano-freer.o)
                0x0000000008004204                _free_r
 .text.sbrk_aligned
                0x0000000008004294       0x40 c:/st/stm32cubeide_1.10.1/stm32cubeide/plugins/com.st.stm32cube.ide.mcu.externaltools.gnu-tools-for-stm32.10.3-2021.10.win32_1.0.0.202111181127/tools/bin/../lib/gcc/arm-none-eabi/10.3.1/../../../../arm-none-eabi/lib/thumb/v7-m/nofp\libc_nano.a(lib_a-nano-mallocr.o)
 .text._malloc_r
                0x00000000080042d4       0xe8 c:/st/stm32cubeide_1.10.1/stm32cubeide/plugins/com.st.stm32cube.ide.mcu.externaltools.gnu-tools-for-stm32.10.3-2021.10.win32_1.0.0.202111181127/tools/bin/../lib/gcc/arm-none-eabi/10.3.1/../../../../arm-none-eabi/lib/thumb/v7-m/nofp\libc_nano.a(lib_a-nano-mallocr.o)
                0x00000000080042d4                _malloc_r
 .text._sbrk_r  0x00000000080043bc       0x20 c:/st/stm32cubeide_1.10.1/stm32cubeide/plugins/com.st.stm32cube.ide.mcu.externaltools.gnu-tools-for-stm32.10.3-2021.10.win32_1.0.0.202111181127/tools/bin/../lib/gcc/arm-none-eabi/10.3.1/../../../../arm-none-eabi/lib/thumb/v7-m/nofp\libc_nano.a(lib_a-sbrkr.o)
                0x00000000080043bc                _sbrk_r
 .text.sprintf  0x00000000080043dc       0x40 c:/st/stm32cubeide_1.10.1/stm32cubeide/plugins/com.st.stm32cube.ide.mcu.externaltools.gnu-tools-for-stm32.10.3-2021.10.win32_1.0.0.202111181127/tools/bin/../lib/gcc/arm-none-eabi/10.3.1/../../../../arm-none-eabi/lib/thumb/v7-m/nofp\libc_nano.a(lib_a-sprintf.o)
                0x00000000080043dc                siprintf
                0x00000000080043dc                sprintf
 .text.__malloc_lock
                0x000000000800441c        0xc c:/st/stm32cubeide_1.10.1/stm32cubeide/plugins/com.st.stm32cube.ide.mcu.externaltools.gnu-tools-for-stm32.10.3-2021.10.win32_1.0.0.202111181127/tools/bin/../lib/gcc/arm-none-eabi/10.3.1/../../../../arm-none-eabi/lib/thumb/v7-m/nofp\libc_nano.a(lib_a-mlock.o)
                0x000000000800441c                __malloc_lock
 .text.__malloc_unlock
                0x0000000008004428        0xc c:/st/stm32cubeide_1.10.1/stm32cubeide/plugins/com.st.stm32cube.ide.mcu.externaltools.gnu-tools-for-stm32.10.3-2021.10.win32_1.0.0.202111181127/tools/bin/../lib/gcc/arm-none-eabi/10.3.1/../../../../arm-none-eabi/lib/thumb/v7-m/nofp\libc_nano.a(lib_a-mlock.o)
                0x0000000008004428                __malloc_unlock
 .text.__ssputs_r
                0x0000000008004434       0xb6 c:/st/stm32cubeide_1.10.1/stm32cubeide/plugins/com.st.stm32cube.ide.mcu.externaltools.gnu-tools-for-stm32.10.3-2021.10.win32_1.0.0.202111181127/tools/bin/../lib/gcc/arm-none-eabi/10.3.1/../../../../arm-none-eabi/lib/thumb/v7-m/nofp\libc_nano.a(lib_a-nano-svfprintf.o)
                0x0000000008004434                __ssputs_r
 *fill*         0x00000000080044ea        0x2 
 .text._svfprintf_r
                0x00000000080044ec      0x200 c:/st/stm32cubeide_1.10.1/stm32cubeide/plugins/com.st.stm32cube.ide.mcu.externaltools.gnu-tools-for-stm32.10.3-2021.10.win32_1.0.0.202111181127/tools/bin/../lib/gcc/arm-none-eabi/10.3.1/../../../../arm-none-eabi/lib/thumb/v7-m/nofp\libc_nano.a(lib_a-nano-svfprintf.o)
                0x00000000080044ec                _svfiprintf_r
                0x00000000080044ec                _svfprintf_r
 .text._printf_common
                0x00000000080046ec       0xde c:/st/stm32cubeide_1.10.1/stm32cubeide/plugins/com.st.stm32cube.ide.mcu.externaltools.gnu-tools-for-stm32.10.3-2021.10.win32_1.0.0.202111181127/tools/bin/../lib/gcc/arm-none-eabi/10.3.1/../../../../arm-none-eabi/lib/thumb/v7-m/nofp\libc_nano.a(lib_a-nano-vfprintf_i.o)
                0x00000000080046ec                _printf_common
 *fill*         0x00000000080047ca        0x2 
 .text._printf_i
                0x00000000080047cc      0x24c c:/st/stm32cubeide_1.10.1/stm32cubeide/plugins/com.st.stm32cube.ide.mcu.externaltools.gnu-tools-for-stm32.10.3-2021.10.win32_1.0.0.202111181127/tools/bin/../lib/gcc/arm-none-eabi/10.3.1/../../../../arm-none-eabi/lib/thumb/v7-m/nofp\libc_nano.a(lib_a-nano-vfprintf_i.o)
                0x00000000080047cc                _printf_i
 .text.__retarget_lock_acquire_recursive
                0x0000000008004a18        0x2 c:/st/stm32cubeide_1.10.1/stm32cubeide/plugins/com.st.stm32cube.ide.mcu.externaltools.gnu-tools-for-stm32.10.3-2021.10.win32_1.0.0.202111181127/tools/bin/../lib/gcc/arm-none-eabi/10.3.1/../../../../arm-none-eabi/lib/thumb/v7-m/nofp\libc_nano.a(lib_a-lock.o)
                0x0000000008004a18                __retarget_lock_acquire_recursive
 .text.__retarget_lock_release_recursive
                0x0000000008004a1a        0x2 c:/st/stm32cubeide_1.10.1/stm32cubeide/plugins/com.st.stm32cube.ide.mcu.externaltools.gnu-tools-for-stm32.10.3-2021.10.win32_1.0.0.202111181127/tools/bin/../lib/gcc/arm-none-eabi/10.3.1/../../../../arm-none-eabi/lib/thumb/v7-m/nofp\libc_nano.a(lib_a-lock.o)
                0x0000000008004a1a                __retarget_lock_release_recursive
 .text.memchr   0x0000000008004a1c       0x1c c:/st/stm32cubeide_1.10.1/stm32cubeide/plugins/com.st.stm32cube.ide.mcu.externaltools.gnu-tools-for-stm32.10.3-2021.10.win32_1.0.0.202111181127/tools/bin/../lib/gcc/arm-none-eabi/10.3.1/../../../../arm-none-eabi/lib/thumb/v7-m/nofp\libc_nano.a(lib_a-memchr-stub.o)
                0x0000000008004a1c                memchr
 .text.memmove  0x0000000008004a38       0x34 c:/st/stm32cubeide_1.10.1/stm32cubeide/plugins/com.st.stm32cube.ide.mcu.externaltools.gnu-tools-for-stm32.10.3-2021.10.win32_1.0.0.202111181127/tools/bin/../lib/gcc/arm-none-eabi/10.3.1/../../../../arm-none-eabi/lib/thumb/v7-m/nofp\libc_nano.a(lib_a-memmove.o)
                0x0000000008004a38                memmove
 .text._realloc_r
                0x0000000008004a6c       0x5e c:/st/stm32cubeide_1.10.1/stm32cubeide/plugins/com.st.stm32cube.ide.mcu.externaltools.gnu-tools-for-stm32.10.3-2021.10.win32_1.0.0.202111181127/tools/bin/../lib/gcc/arm-none-eabi/10.3.1/../../../../arm-none-eabi/lib/thumb/v7-m/nofp\libc_nano.a(lib_a-nano-reallocr.o)
                0x0000000008004a6c                _realloc_r
 .text._malloc_usable_size_r
                0x0000000008004aca       0x10 c:/st/stm32cubeide_1.10.1/stm32cubeide/plugins/com.st.stm32cube.ide.mcu.externaltools.gnu-tools-for-stm32.10.3-2021.10.win32_1.0.0.202111181127/tools/bin/../lib/gcc/arm-none-eabi/10.3.1/../../../../arm-none-eabi/lib/thumb/v7-m/nofp\libc_nano.a(lib_a-nano-msizer.o)
                0x0000000008004aca                _malloc_usable_size_r
 *(.glue_7)
 .glue_7        0x0000000008004ada        0x0 linker stubs
 *(.glue_7t)
 .glue_7t       0x0000000008004ada        0x0 linker stubs
 *(.eh_frame)
 *fill*         0x0000000008004ada        0x2 
 .eh_frame      0x0000000008004adc        0x0 c:/st/stm32cubeide_1.10.1/stm32cubeide/plugins/com.st.stm32cube.ide.mcu.externaltools.gnu-tools-for-stm32.10.3-2021.10.win32_1.0.0.202111181127/tools/bin/../lib/gcc/arm-none-eabi/10.3.1/thumb/v7-m/nofp/crtbegin.o
 *(.init)
 .init          0x0000000008004adc        0x4 c:/st/stm32cubeide_1.10.1/stm32cubeide/plugins/com.st.stm32cube.ide.mcu.externaltools.gnu-tools-for-stm32.10.3-2021.10.win32_1.0.0.202111181127/tools/bin/../lib/gcc/arm-none-eabi/10.3.1/thumb/v7-m/nofp/crti.o
                0x0000000008004adc                _init
 .init          0x0000000008004ae0        0x8 c:/st/stm32cubeide_1.10.1/stm32cubeide/plugins/com.st.stm32cube.ide.mcu.externaltools.gnu-tools-for-stm32.10.3-2021.10.win32_1.0.0.202111181127/tools/bin/../lib/gcc/arm-none-eabi/10.3.1/thumb/v7-m/nofp/crtn.o
 *(.fini)
 .fini          0x0000000008004ae8        0x4 c:/st/stm32cubeide_1.10.1/stm32cubeide/plugins/com.st.stm32cube.ide.mcu.externaltools.gnu-tools-for-stm32.10.3-2021.10.win32_1.0.0.202111181127/tools/bin/../lib/gcc/arm-none-eabi/10.3.1/thumb/v7-m/nofp/crti.o
                0x0000000008004ae8                _fini
 .fini          0x0000000008004aec        0x8 c:/st/stm32cubeide_1.10.1/stm32cubeide/plugins/com.st.stm32cube.ide.mcu.externaltools.gnu-tools-for-stm32.10.3-2021.10.win32_1.0.0.202111181127/tools/bin/../lib/gcc/arm-none-eabi/10.3.1/thumb/v7-m/nofp/crtn.o
                0x0000000008004af4                . = ALIGN (0x4)
                0x0000000008004af4                _etext = .

.vfp11_veneer   0x0000000008004af4        0x0
 .vfp11_veneer  0x0000000008004af4        0x0 linker stubs

.v4_bx          0x0000000008004af4        0x0
 .v4_bx         0x0000000008004af4        0x0 linker stubs

.iplt           0x0000000008004af4        0x0
 .iplt          0x0000000008004af4        0x0 c:/st/stm32cubeide_1.10.1/stm32cubeide/plugins/com.st.stm32cube.ide.mcu.externaltools.gnu-tools-for-stm32.10.3-2021.10.win32_1.0.0.202111181127/tools/bin/../lib/gcc/arm-none-eabi/10.3.1/thumb/v7-m/nofp/crtbegin.o

.rodata         0x0000000008004af4       0xc8
                0x0000000008004af4                . = ALIGN (0x4)
 *(.rodata)
 .rodata        0x0000000008004af4       0x5d ./Core/Src/Cpp/SerialDebug.o
 *fill*         0x0000000008004b51        0x3 
 .rodata        0x0000000008004b54        0x9 ./Core/Src/Cpp/Start.o
 *fill*         0x0000000008004b5d        0x3 
 .rodata        0x0000000008004b60       0x10 ./Drivers/STM32F1xx_HAL_Driver/Src/stm32f1xx_hal_rcc.o
 *(.rodata*)
 .rodata.AHBPrescTable
                0x0000000008004b70       0x10 ./Core/Src/system_stm32f1xx.o
                0x0000000008004b70                AHBPrescTable
 .rodata.APBPrescTable
                0x0000000008004b80        0x8 ./Core/Src/system_stm32f1xx.o
                0x0000000008004b80                APBPrescTable
 .rodata._svfprintf_r.str1.1
                0x0000000008004b88       0x11 c:/st/stm32cubeide_1.10.1/stm32cubeide/plugins/com.st.stm32cube.ide.mcu.externaltools.gnu-tools-for-stm32.10.3-2021.10.win32_1.0.0.202111181127/tools/bin/../lib/gcc/arm-none-eabi/10.3.1/../../../../arm-none-eabi/lib/thumb/v7-m/nofp\libc_nano.a(lib_a-nano-svfprintf.o)
 .rodata._printf_i.str1.1
                0x0000000008004b99       0x22 c:/st/stm32cubeide_1.10.1/stm32cubeide/plugins/com.st.stm32cube.ide.mcu.externaltools.gnu-tools-for-stm32.10.3-2021.10.win32_1.0.0.202111181127/tools/bin/../lib/gcc/arm-none-eabi/10.3.1/../../../../arm-none-eabi/lib/thumb/v7-m/nofp\libc_nano.a(lib_a-nano-vfprintf_i.o)
                0x0000000008004bbc                . = ALIGN (0x4)
 *fill*         0x0000000008004bbb        0x1 

.rel.dyn        0x0000000008004bbc        0x0
 .rel.iplt      0x0000000008004bbc        0x0 c:/st/stm32cubeide_1.10.1/stm32cubeide/plugins/com.st.stm32cube.ide.mcu.externaltools.gnu-tools-for-stm32.10.3-2021.10.win32_1.0.0.202111181127/tools/bin/../lib/gcc/arm-none-eabi/10.3.1/thumb/v7-m/nofp/crtbegin.o

.ARM.extab      0x0000000008004bbc        0x0
                0x0000000008004bbc                . = ALIGN (0x4)
 *(.ARM.extab* .gnu.linkonce.armextab.*)
                0x0000000008004bbc                . = ALIGN (0x4)

.ARM            0x0000000008004bbc        0x0
                0x0000000008004bbc                . = ALIGN (0x4)
                0x0000000008004bbc                __exidx_start = .
 *(.ARM.exidx*)
                0x0000000008004bbc                __exidx_end = .
                0x0000000008004bbc                . = ALIGN (0x4)

.preinit_array  0x0000000008004bbc        0x0
                0x0000000008004bbc                . = ALIGN (0x4)
                0x0000000008004bbc                PROVIDE (__preinit_array_start = .)
 *(.preinit_array*)
                0x0000000008004bbc                PROVIDE (__preinit_array_end = .)
                0x0000000008004bbc                . = ALIGN (0x4)

.init_array     0x0000000008004bbc        0x8
                0x0000000008004bbc                . = ALIGN (0x4)
                0x0000000008004bbc                PROVIDE (__init_array_start = .)
 *(SORT_BY_NAME(.init_array.*))
 *(.init_array*)
 .init_array    0x0000000008004bbc        0x4 c:/st/stm32cubeide_1.10.1/stm32cubeide/plugins/com.st.stm32cube.ide.mcu.externaltools.gnu-tools-for-stm32.10.3-2021.10.win32_1.0.0.202111181127/tools/bin/../lib/gcc/arm-none-eabi/10.3.1/thumb/v7-m/nofp/crtbegin.o
 .init_array    0x0000000008004bc0        0x4 ./Core/Src/Cpp/Start.o
                0x0000000008004bc4                PROVIDE (__init_array_end = .)
                0x0000000008004bc4                . = ALIGN (0x4)

.fini_array     0x0000000008004bc4        0x4
                0x0000000008004bc4                . = ALIGN (0x4)
                [!provide]                        PROVIDE (__fini_array_start = .)
 *(SORT_BY_NAME(.fini_array.*))
 *(.fini_array*)
 .fini_array    0x0000000008004bc4        0x4 c:/st/stm32cubeide_1.10.1/stm32cubeide/plugins/com.st.stm32cube.ide.mcu.externaltools.gnu-tools-for-stm32.10.3-2021.10.win32_1.0.0.202111181127/tools/bin/../lib/gcc/arm-none-eabi/10.3.1/thumb/v7-m/nofp/crtbegin.o
                [!provide]                        PROVIDE (__fini_array_end = .)
                0x0000000008004bc8                . = ALIGN (0x4)
                0x0000000008004bc8                _sidata = LOADADDR (.data)

.data           0x0000000020000000       0x70 load address 0x0000000008004bc8
                0x0000000020000000                . = ALIGN (0x4)
                0x0000000020000000                _sdata = .
 *(.data)
 *(.data*)
 .data.SystemCoreClock
                0x0000000020000000        0x4 ./Core/Src/system_stm32f1xx.o
                0x0000000020000000                SystemCoreClock
 .data.uwTickPrio
                0x0000000020000004        0x4 ./Drivers/STM32F1xx_HAL_Driver/Src/stm32f1xx_hal.o
                0x0000000020000004                uwTickPrio
 .data.uwTickFreq
                0x0000000020000008        0x1 ./Drivers/STM32F1xx_HAL_Driver/Src/stm32f1xx_hal.o
                0x0000000020000008                uwTickFreq
 *fill*         0x0000000020000009        0x3 
 .data._impure_ptr
                0x000000002000000c        0x4 c:/st/stm32cubeide_1.10.1/stm32cubeide/plugins/com.st.stm32cube.ide.mcu.externaltools.gnu-tools-for-stm32.10.3-2021.10.win32_1.0.0.202111181127/tools/bin/../lib/gcc/arm-none-eabi/10.3.1/../../../../arm-none-eabi/lib/thumb/v7-m/nofp\libc_nano.a(lib_a-impure.o)
                0x000000002000000c                _impure_ptr
 .data.impure_data
                0x0000000020000010       0x60 c:/st/stm32cubeide_1.10.1/stm32cubeide/plugins/com.st.stm32cube.ide.mcu.externaltools.gnu-tools-for-stm32.10.3-2021.10.win32_1.0.0.202111181127/tools/bin/../lib/gcc/arm-none-eabi/10.3.1/../../../../arm-none-eabi/lib/thumb/v7-m/nofp\libc_nano.a(lib_a-impure.o)
 *(.RamFunc)
 *(.RamFunc*)
                0x0000000020000070                . = ALIGN (0x4)
                0x0000000020000070                _edata = .

.igot.plt       0x0000000020000070        0x0 load address 0x0000000008004c38
 .igot.plt      0x0000000020000070        0x0 c:/st/stm32cubeide_1.10.1/stm32cubeide/plugins/com.st.stm32cube.ide.mcu.externaltools.gnu-tools-for-stm32.10.3-2021.10.win32_1.0.0.202111181127/tools/bin/../lib/gcc/arm-none-eabi/10.3.1/thumb/v7-m/nofp/crtbegin.o
                0x0000000020000070                . = ALIGN (0x4)

.bss            0x0000000020000070      0x220 load address 0x0000000008004c38
                0x0000000020000070                _sbss = .
                0x0000000020000070                __bss_start__ = _sbss
 *(.bss)
 .bss           0x0000000020000070       0x1c c:/st/stm32cubeide_1.10.1/stm32cubeide/plugins/com.st.stm32cube.ide.mcu.externaltools.gnu-tools-for-stm32.10.3-2021.10.win32_1.0.0.202111181127/tools/bin/../lib/gcc/arm-none-eabi/10.3.1/thumb/v7-m/nofp/crtbegin.o
 *(.bss*)
 .bss.debug     0x000000002000008c       0x48 ./Core/Src/Cpp/Start.o
                0x000000002000008c                debug
 .bss.motor0    0x00000000200000d4       0x18 ./Core/Src/Cpp/Start.o
                0x00000000200000d4                motor0
 .bss.hadc1     0x00000000200000ec       0x30 ./Core/Src/main.o
                0x00000000200000ec                hadc1
 .bss.htim3     0x000000002000011c       0x48 ./Core/Src/main.o
                0x000000002000011c                htim3
 .bss.htim6     0x0000000020000164       0x48 ./Core/Src/main.o
                0x0000000020000164                htim6
 .bss.huart1    0x00000000200001ac       0x44 ./Core/Src/main.o
                0x00000000200001ac                huart1
 .bss.huart3    0x00000000200001f0       0x44 ./Core/Src/main.o
                0x00000000200001f0                huart3
 .bss.hdma_usart1_tx
                0x0000000020000234       0x44 ./Core/Src/main.o
                0x0000000020000234                hdma_usart1_tx
 .bss.__sbrk_heap_end
                0x0000000020000278        0x4 ./Core/Src/sysmem.o
 .bss.uwTick    0x000000002000027c        0x4 ./Drivers/STM32F1xx_HAL_Driver/Src/stm32f1xx_hal.o
                0x000000002000027c                uwTick
 .bss.__malloc_free_list
                0x0000000020000280        0x4 c:/st/stm32cubeide_1.10.1/stm32cubeide/plugins/com.st.stm32cube.ide.mcu.externaltools.gnu-tools-for-stm32.10.3-2021.10.win32_1.0.0.202111181127/tools/bin/../lib/gcc/arm-none-eabi/10.3.1/../../../../arm-none-eabi/lib/thumb/v7-m/nofp\libc_nano.a(lib_a-nano-mallocr.o)
                0x0000000020000280                __malloc_free_list
 .bss.__malloc_sbrk_start
                0x0000000020000284        0x4 c:/st/stm32cubeide_1.10.1/stm32cubeide/plugins/com.st.stm32cube.ide.mcu.externaltools.gnu-tools-for-stm32.10.3-2021.10.win32_1.0.0.202111181127/tools/bin/../lib/gcc/arm-none-eabi/10.3.1/../../../../arm-none-eabi/lib/thumb/v7-m/nofp\libc_nano.a(lib_a-nano-mallocr.o)
                0x0000000020000284                __malloc_sbrk_start
 .bss.errno     0x0000000020000288        0x4 c:/st/stm32cubeide_1.10.1/stm32cubeide/plugins/com.st.stm32cube.ide.mcu.externaltools.gnu-tools-for-stm32.10.3-2021.10.win32_1.0.0.202111181127/tools/bin/../lib/gcc/arm-none-eabi/10.3.1/../../../../arm-none-eabi/lib/thumb/v7-m/nofp\libc_nano.a(lib_a-reent.o)
                0x0000000020000288                errno
 .bss.__lock___malloc_recursive_mutex
                0x000000002000028c        0x1 c:/st/stm32cubeide_1.10.1/stm32cubeide/plugins/com.st.stm32cube.ide.mcu.externaltools.gnu-tools-for-stm32.10.3-2021.10.win32_1.0.0.202111181127/tools/bin/../lib/gcc/arm-none-eabi/10.3.1/../../../../arm-none-eabi/lib/thumb/v7-m/nofp\libc_nano.a(lib_a-lock.o)
                0x000000002000028c                __lock___malloc_recursive_mutex
 *(COMMON)
                0x0000000020000290                . = ALIGN (0x4)
 *fill*         0x000000002000028d        0x3 
                0x0000000020000290                _ebss = .
                0x0000000020000290                __bss_end__ = _ebss

._user_heap_stack
                0x0000000020000290      0x600 load address 0x0000000008004c38
                0x0000000020000290                . = ALIGN (0x8)
                [!provide]                        PROVIDE (end = .)
                0x0000000020000290                PROVIDE (_end = .)
                0x0000000020000490                . = (. + _Min_Heap_Size)
 *fill*         0x0000000020000290      0x200 
                0x0000000020000890                . = (. + _Min_Stack_Size)
 *fill*         0x0000000020000490      0x400 
                0x0000000020000890                . = ALIGN (0x8)

/DISCARD/
 libc.a(*)
 libm.a(*)
 libgcc.a(*)

.ARM.attributes
                0x0000000000000000       0x29
 *(.ARM.attributes)
 .ARM.attributes
                0x0000000000000000       0x1d c:/st/stm32cubeide_1.10.1/stm32cubeide/plugins/com.st.stm32cube.ide.mcu.externaltools.gnu-tools-for-stm32.10.3-2021.10.win32_1.0.0.202111181127/tools/bin/../lib/gcc/arm-none-eabi/10.3.1/thumb/v7-m/nofp/crti.o
 .ARM.attributes
                0x000000000000001d       0x2d c:/st/stm32cubeide_1.10.1/stm32cubeide/plugins/com.st.stm32cube.ide.mcu.externaltools.gnu-tools-for-stm32.10.3-2021.10.win32_1.0.0.202111181127/tools/bin/../lib/gcc/arm-none-eabi/10.3.1/thumb/v7-m/nofp/crtbegin.o
 .ARM.attributes
                0x000000000000004a       0x2d ./Core/Src/Cpp/BTS7960B.o
 .ARM.attributes
                0x0000000000000077       0x2d ./Core/Src/Cpp/SerialDebug.o
 .ARM.attributes
                0x00000000000000a4       0x2d ./Core/Src/Cpp/Start.o
 .ARM.attributes
                0x00000000000000d1       0x2d ./Core/Src/main.o
 .ARM.attributes
                0x00000000000000fe       0x2d ./Core/Src/stm32f1xx_hal_msp.o
 .ARM.attributes
                0x000000000000012b       0x2d ./Core/Src/stm32f1xx_it.o
 .ARM.attributes
                0x0000000000000158       0x2d ./Core/Src/sysmem.o
 .ARM.attributes
                0x0000000000000185       0x2d ./Core/Src/system_stm32f1xx.o
 .ARM.attributes
                0x00000000000001b2       0x21 ./Core/Startup/startup_stm32f103retx.o
 .ARM.attributes
                0x00000000000001d3       0x2d ./Drivers/STM32F1xx_HAL_Driver/Src/stm32f1xx_hal.o
 .ARM.attributes
                0x0000000000000200       0x2d ./Drivers/STM32F1xx_HAL_Driver/Src/stm32f1xx_hal_adc.o
 .ARM.attributes
                0x000000000000022d       0x2d ./Drivers/STM32F1xx_HAL_Driver/Src/stm32f1xx_hal_cortex.o
 .ARM.attributes
                0x000000000000025a       0x2d ./Drivers/STM32F1xx_HAL_Driver/Src/stm32f1xx_hal_dma.o
 .ARM.attributes
                0x0000000000000287       0x2d ./Drivers/STM32F1xx_HAL_Driver/Src/stm32f1xx_hal_gpio.o
 .ARM.attributes
                0x00000000000002b4       0x2d ./Drivers/STM32F1xx_HAL_Driver/Src/stm32f1xx_hal_rcc.o
 .ARM.attributes
                0x00000000000002e1       0x2d ./Drivers/STM32F1xx_HAL_Driver/Src/stm32f1xx_hal_rcc_ex.o
 .ARM.attributes
                0x000000000000030e       0x2d ./Drivers/STM32F1xx_HAL_Driver/Src/stm32f1xx_hal_tim.o
 .ARM.attributes
                0x000000000000033b       0x2d ./Drivers/STM32F1xx_HAL_Driver/Src/stm32f1xx_hal_tim_ex.o
 .ARM.attributes
                0x0000000000000368       0x2d ./Drivers/STM32F1xx_HAL_Driver/Src/stm32f1xx_hal_uart.o
 .ARM.attributes
                0x0000000000000395       0x2d c:/st/stm32cubeide_1.10.1/stm32cubeide/plugins/com.st.stm32cube.ide.mcu.externaltools.gnu-tools-for-stm32.10.3-2021.10.win32_1.0.0.202111181127/tools/bin/../lib/gcc/arm-none-eabi/10.3.1/../../../../arm-none-eabi/lib/thumb/v7-m/nofp\libc_nano.a(lib_a-errno.o)
 .ARM.attributes
                0x00000000000003c2       0x2d c:/st/stm32cubeide_1.10.1/stm32cubeide/plugins/com.st.stm32cube.ide.mcu.externaltools.gnu-tools-for-stm32.10.3-2021.10.win32_1.0.0.202111181127/tools/bin/../lib/gcc/arm-none-eabi/10.3.1/../../../../arm-none-eabi/lib/thumb/v7-m/nofp\libc_nano.a(lib_a-impure.o)
 .ARM.attributes
                0x00000000000003ef       0x2d c:/st/stm32cubeide_1.10.1/stm32cubeide/plugins/com.st.stm32cube.ide.mcu.externaltools.gnu-tools-for-stm32.10.3-2021.10.win32_1.0.0.202111181127/tools/bin/../lib/gcc/arm-none-eabi/10.3.1/../../../../arm-none-eabi/lib/thumb/v7-m/nofp\libc_nano.a(lib_a-init.o)
 .ARM.attributes
                0x000000000000041c       0x2d c:/st/stm32cubeide_1.10.1/stm32cubeide/plugins/com.st.stm32cube.ide.mcu.externaltools.gnu-tools-for-stm32.10.3-2021.10.win32_1.0.0.202111181127/tools/bin/../lib/gcc/arm-none-eabi/10.3.1/../../../../arm-none-eabi/lib/thumb/v7-m/nofp\libc_nano.a(lib_a-memcpy-stub.o)
 .ARM.attributes
                0x0000000000000449       0x2d c:/st/stm32cubeide_1.10.1/stm32cubeide/plugins/com.st.stm32cube.ide.mcu.externaltools.gnu-tools-for-stm32.10.3-2021.10.win32_1.0.0.202111181127/tools/bin/../lib/gcc/arm-none-eabi/10.3.1/../../../../arm-none-eabi/lib/thumb/v7-m/nofp\libc_nano.a(lib_a-memset.o)
 .ARM.attributes
                0x0000000000000476       0x2d c:/st/stm32cubeide_1.10.1/stm32cubeide/plugins/com.st.stm32cube.ide.mcu.externaltools.gnu-tools-for-stm32.10.3-2021.10.win32_1.0.0.202111181127/tools/bin/../lib/gcc/arm-none-eabi/10.3.1/../../../../arm-none-eabi/lib/thumb/v7-m/nofp\libc_nano.a(lib_a-nano-freer.o)
 .ARM.attributes
                0x00000000000004a3       0x2d c:/st/stm32cubeide_1.10.1/stm32cubeide/plugins/com.st.stm32cube.ide.mcu.externaltools.gnu-tools-for-stm32.10.3-2021.10.win32_1.0.0.202111181127/tools/bin/../lib/gcc/arm-none-eabi/10.3.1/../../../../arm-none-eabi/lib/thumb/v7-m/nofp\libc_nano.a(lib_a-nano-mallocr.o)
 .ARM.attributes
                0x00000000000004d0       0x2d c:/st/stm32cubeide_1.10.1/stm32cubeide/plugins/com.st.stm32cube.ide.mcu.externaltools.gnu-tools-for-stm32.10.3-2021.10.win32_1.0.0.202111181127/tools/bin/../lib/gcc/arm-none-eabi/10.3.1/../../../../arm-none-eabi/lib/thumb/v7-m/nofp\libc_nano.a(lib_a-sbrkr.o)
 .ARM.attributes
                0x00000000000004fd       0x2d c:/st/stm32cubeide_1.10.1/stm32cubeide/plugins/com.st.stm32cube.ide.mcu.externaltools.gnu-tools-for-stm32.10.3-2021.10.win32_1.0.0.202111181127/tools/bin/../lib/gcc/arm-none-eabi/10.3.1/../../../../arm-none-eabi/lib/thumb/v7-m/nofp\libc_nano.a(lib_a-sprintf.o)
 .ARM.attributes
                0x000000000000052a       0x2d c:/st/stm32cubeide_1.10.1/stm32cubeide/plugins/com.st.stm32cube.ide.mcu.externaltools.gnu-tools-for-stm32.10.3-2021.10.win32_1.0.0.202111181127/tools/bin/../lib/gcc/arm-none-eabi/10.3.1/../../../../arm-none-eabi/lib/thumb/v7-m/nofp\libc_nano.a(lib_a-mlock.o)
 .ARM.attributes
                0x0000000000000557       0x2d c:/st/stm32cubeide_1.10.1/stm32cubeide/plugins/com.st.stm32cube.ide.mcu.externaltools.gnu-tools-for-stm32.10.3-2021.10.win32_1.0.0.202111181127/tools/bin/../lib/gcc/arm-none-eabi/10.3.1/../../../../arm-none-eabi/lib/thumb/v7-m/nofp\libc_nano.a(lib_a-nano-svfprintf.o)
 .ARM.attributes
                0x0000000000000584       0x2d c:/st/stm32cubeide_1.10.1/stm32cubeide/plugins/com.st.stm32cube.ide.mcu.externaltools.gnu-tools-for-stm32.10.3-2021.10.win32_1.0.0.202111181127/tools/bin/../lib/gcc/arm-none-eabi/10.3.1/../../../../arm-none-eabi/lib/thumb/v7-m/nofp\libc_nano.a(lib_a-nano-vfprintf_i.o)
 .ARM.attributes
                0x00000000000005b1       0x2d c:/st/stm32cubeide_1.10.1/stm32cubeide/plugins/com.st.stm32cube.ide.mcu.externaltools.gnu-tools-for-stm32.10.3-2021.10.win32_1.0.0.202111181127/tools/bin/../lib/gcc/arm-none-eabi/10.3.1/../../../../arm-none-eabi/lib/thumb/v7-m/nofp\libc_nano.a(lib_a-reent.o)
 .ARM.attributes
                0x00000000000005de       0x2d c:/st/stm32cubeide_1.10.1/stm32cubeide/plugins/com.st.stm32cube.ide.mcu.externaltools.gnu-tools-for-stm32.10.3-2021.10.win32_1.0.0.202111181127/tools/bin/../lib/gcc/arm-none-eabi/10.3.1/../../../../arm-none-eabi/lib/thumb/v7-m/nofp\libc_nano.a(lib_a-lock.o)
 .ARM.attributes
                0x000000000000060b       0x2d c:/st/stm32cubeide_1.10.1/stm32cubeide/plugins/com.st.stm32cube.ide.mcu.externaltools.gnu-tools-for-stm32.10.3-2021.10.win32_1.0.0.202111181127/tools/bin/../lib/gcc/arm-none-eabi/10.3.1/../../../../arm-none-eabi/lib/thumb/v7-m/nofp\libc_nano.a(lib_a-memchr-stub.o)
 .ARM.attributes
                0x0000000000000638       0x2d c:/st/stm32cubeide_1.10.1/stm32cubeide/plugins/com.st.stm32cube.ide.mcu.externaltools.gnu-tools-for-stm32.10.3-2021.10.win32_1.0.0.202111181127/tools/bin/../lib/gcc/arm-none-eabi/10.3.1/../../../../arm-none-eabi/lib/thumb/v7-m/nofp\libc_nano.a(lib_a-memmove.o)
 .ARM.attributes
                0x0000000000000665       0x2d c:/st/stm32cubeide_1.10.1/stm32cubeide/plugins/com.st.stm32cube.ide.mcu.externaltools.gnu-tools-for-stm32.10.3-2021.10.win32_1.0.0.202111181127/tools/bin/../lib/gcc/arm-none-eabi/10.3.1/../../../../arm-none-eabi/lib/thumb/v7-m/nofp\libc_nano.a(lib_a-nano-reallocr.o)
 .ARM.attributes
                0x0000000000000692       0x2d c:/st/stm32cubeide_1.10.1/stm32cubeide/plugins/com.st.stm32cube.ide.mcu.externaltools.gnu-tools-for-stm32.10.3-2021.10.win32_1.0.0.202111181127/tools/bin/../lib/gcc/arm-none-eabi/10.3.1/../../../../arm-none-eabi/lib/thumb/v7-m/nofp\libc_nano.a(lib_a-nano-msizer.o)
 .ARM.attributes
                0x00000000000006bf       0x1d c:/st/stm32cubeide_1.10.1/stm32cubeide/plugins/com.st.stm32cube.ide.mcu.externaltools.gnu-tools-for-stm32.10.3-2021.10.win32_1.0.0.202111181127/tools/bin/../lib/gcc/arm-none-eabi/10.3.1/thumb/v7-m/nofp/crtn.o
OUTPUT(F103RE_BrushServo.elf elf32-littlearm)
LOAD linker stubs
LOAD c:/st/stm32cubeide_1.10.1/stm32cubeide/plugins/com.st.stm32cube.ide.mcu.externaltools.gnu-tools-for-stm32.10.3-2021.10.win32_1.0.0.202111181127/tools/bin/../lib/gcc/arm-none-eabi/10.3.1/../../../../arm-none-eabi/lib/thumb/v7-m/nofp\libc.a
LOAD c:/st/stm32cubeide_1.10.1/stm32cubeide/plugins/com.st.stm32cube.ide.mcu.externaltools.gnu-tools-for-stm32.10.3-2021.10.win32_1.0.0.202111181127/tools/bin/../lib/gcc/arm-none-eabi/10.3.1/../../../../arm-none-eabi/lib/thumb/v7-m/nofp\libm.a
LOAD c:/st/stm32cubeide_1.10.1/stm32cubeide/plugins/com.st.stm32cube.ide.mcu.externaltools.gnu-tools-for-stm32.10.3-2021.10.win32_1.0.0.202111181127/tools/bin/../lib/gcc/arm-none-eabi/10.3.1/thumb/v7-m/nofp\libgcc.a

.debug_info     0x0000000000000000     0xefba
 .debug_info    0x0000000000000000      0x347 ./Core/Src/Cpp/BTS7960B.o
 .debug_info    0x0000000000000347     0x13a5 ./Core/Src/Cpp/SerialDebug.o
 .debug_info    0x00000000000016ec     0x15e3 ./Core/Src/Cpp/Start.o
 .debug_info    0x0000000000002ccf     0x14da ./Core/Src/main.o
 .debug_info    0x00000000000041a9     0x1208 ./Core/Src/stm32f1xx_hal_msp.o
 .debug_info    0x00000000000053b1      0x9ba ./Core/Src/stm32f1xx_it.o
 .debug_info    0x0000000000005d6b      0x171 ./Core/Src/sysmem.o
 .debug_info    0x0000000000005edc      0x23d ./Core/Src/system_stm32f1xx.o
 .debug_info    0x0000000000006119       0x22 ./Core/Startup/startup_stm32f103retx.o
 .debug_info    0x000000000000613b      0x79a ./Drivers/STM32F1xx_HAL_Driver/Src/stm32f1xx_hal.o
 .debug_info    0x00000000000068d5      0xcd9 ./Drivers/STM32F1xx_HAL_Driver/Src/stm32f1xx_hal_adc.o
 .debug_info    0x00000000000075ae      0xb86 ./Drivers/STM32F1xx_HAL_Driver/Src/stm32f1xx_hal_cortex.o
 .debug_info    0x0000000000008134      0x73f ./Drivers/STM32F1xx_HAL_Driver/Src/stm32f1xx_hal_dma.o
 .debug_info    0x0000000000008873      0x615 ./Drivers/STM32F1xx_HAL_Driver/Src/stm32f1xx_hal_gpio.o
 .debug_info    0x0000000000008e88      0x860 ./Drivers/STM32F1xx_HAL_Driver/Src/stm32f1xx_hal_rcc.o
 .debug_info    0x00000000000096e8      0x409 ./Drivers/STM32F1xx_HAL_Driver/Src/stm32f1xx_hal_rcc_ex.o
 .debug_info    0x0000000000009af1     0x29de ./Drivers/STM32F1xx_HAL_Driver/Src/stm32f1xx_hal_tim.o
 .debug_info    0x000000000000c4cf     0x1513 ./Drivers/STM32F1xx_HAL_Driver/Src/stm32f1xx_hal_tim_ex.o
 .debug_info    0x000000000000d9e2     0x15d8 ./Drivers/STM32F1xx_HAL_Driver/Src/stm32f1xx_hal_uart.o

.debug_abbrev   0x0000000000000000     0x26b7
 .debug_abbrev  0x0000000000000000      0x1c6 ./Core/Src/Cpp/BTS7960B.o
 .debug_abbrev  0x00000000000001c6      0x32f ./Core/Src/Cpp/SerialDebug.o
 .debug_abbrev  0x00000000000004f5      0x306 ./Core/Src/Cpp/Start.o
 .debug_abbrev  0x00000000000007fb      0x2bf ./Core/Src/main.o
 .debug_abbrev  0x0000000000000aba      0x25c ./Core/Src/stm32f1xx_hal_msp.o
 .debug_abbrev  0x0000000000000d16      0x184 ./Core/Src/stm32f1xx_it.o
 .debug_abbrev  0x0000000000000e9a       0xbb ./Core/Src/sysmem.o
 .debug_abbrev  0x0000000000000f55      0x13b ./Core/Src/system_stm32f1xx.o
 .debug_abbrev  0x0000000000001090       0x12 ./Core/Startup/startup_stm32f103retx.o
 .debug_abbrev  0x00000000000010a2      0x1fb ./Drivers/STM32F1xx_HAL_Driver/Src/stm32f1xx_hal.o
 .debug_abbrev  0x000000000000129d      0x210 ./Drivers/STM32F1xx_HAL_Driver/Src/stm32f1xx_hal_adc.o
 .debug_abbrev  0x00000000000014ad      0x2ed ./Drivers/STM32F1xx_HAL_Driver/Src/stm32f1xx_hal_cortex.o
 .debug_abbrev  0x000000000000179a      0x1fe ./Drivers/STM32F1xx_HAL_Driver/Src/stm32f1xx_hal_dma.o
 .debug_abbrev  0x0000000000001998      0x1bb ./Drivers/STM32F1xx_HAL_Driver/Src/stm32f1xx_hal_gpio.o
 .debug_abbrev  0x0000000000001b53      0x2a8 ./Drivers/STM32F1xx_HAL_Driver/Src/stm32f1xx_hal_rcc.o
 .debug_abbrev  0x0000000000001dfb      0x182 ./Drivers/STM32F1xx_HAL_Driver/Src/stm32f1xx_hal_rcc_ex.o
 .debug_abbrev  0x0000000000001f7d      0x25d ./Drivers/STM32F1xx_HAL_Driver/Src/stm32f1xx_hal_tim.o
 .debug_abbrev  0x00000000000021da      0x265 ./Drivers/STM32F1xx_HAL_Driver/Src/stm32f1xx_hal_tim_ex.o
 .debug_abbrev  0x000000000000243f      0x278 ./Drivers/STM32F1xx_HAL_Driver/Src/stm32f1xx_hal_uart.o

.debug_aranges  0x0000000000000000      0xdf8
 .debug_aranges
                0x0000000000000000       0x28 ./Core/Src/Cpp/BTS7960B.o
 .debug_aranges
                0x0000000000000028       0x48 ./Core/Src/Cpp/SerialDebug.o
 .debug_aranges
                0x0000000000000070       0x30 ./Core/Src/Cpp/Start.o
 .debug_aranges
                0x00000000000000a0       0x68 ./Core/Src/main.o
 .debug_aranges
                0x0000000000000108       0x68 ./Core/Src/stm32f1xx_hal_msp.o
 .debug_aranges
                0x0000000000000170       0x78 ./Core/Src/stm32f1xx_it.o
 .debug_aranges
                0x00000000000001e8       0x20 ./Core/Src/sysmem.o
 .debug_aranges
                0x0000000000000208       0x28 ./Core/Src/system_stm32f1xx.o
 .debug_aranges
                0x0000000000000230       0x28 ./Core/Startup/startup_stm32f103retx.o
 .debug_aranges
                0x0000000000000258       0xe0 ./Drivers/STM32F1xx_HAL_Driver/Src/stm32f1xx_hal.o
 .debug_aranges
                0x0000000000000338       0xf0 ./Drivers/STM32F1xx_HAL_Driver/Src/stm32f1xx_hal_adc.o
 .debug_aranges
                0x0000000000000428      0x100 ./Drivers/STM32F1xx_HAL_Driver/Src/stm32f1xx_hal_cortex.o
 .debug_aranges
                0x0000000000000528       0x80 ./Drivers/STM32F1xx_HAL_Driver/Src/stm32f1xx_hal_dma.o
 .debug_aranges
                0x00000000000005a8       0x58 ./Drivers/STM32F1xx_HAL_Driver/Src/stm32f1xx_hal_gpio.o
 .debug_aranges
                0x0000000000000600       0x90 ./Drivers/STM32F1xx_HAL_Driver/Src/stm32f1xx_hal_rcc.o
 .debug_aranges
                0x0000000000000690       0x30 ./Drivers/STM32F1xx_HAL_Driver/Src/stm32f1xx_hal_rcc_ex.o
 .debug_aranges
                0x00000000000006c0      0x3d0 ./Drivers/STM32F1xx_HAL_Driver/Src/stm32f1xx_hal_tim.o
 .debug_aranges
                0x0000000000000a90      0x168 ./Drivers/STM32F1xx_HAL_Driver/Src/stm32f1xx_hal_tim_ex.o
 .debug_aranges
                0x0000000000000bf8      0x200 ./Drivers/STM32F1xx_HAL_Driver/Src/stm32f1xx_hal_uart.o

.debug_ranges   0x0000000000000000      0xd00
 .debug_ranges  0x0000000000000000       0x18 ./Core/Src/Cpp/BTS7960B.o
 .debug_ranges  0x0000000000000018       0x38 ./Core/Src/Cpp/SerialDebug.o
 .debug_ranges  0x0000000000000050       0x20 ./Core/Src/Cpp/Start.o
 .debug_ranges  0x0000000000000070       0x58 ./Core/Src/main.o
 .debug_ranges  0x00000000000000c8       0x58 ./Core/Src/stm32f1xx_hal_msp.o
 .debug_ranges  0x0000000000000120       0x68 ./Core/Src/stm32f1xx_it.o
 .debug_ranges  0x0000000000000188       0x10 ./Core/Src/sysmem.o
 .debug_ranges  0x0000000000000198       0x18 ./Core/Src/system_stm32f1xx.o
 .debug_ranges  0x00000000000001b0       0x20 ./Core/Startup/startup_stm32f103retx.o
 .debug_ranges  0x00000000000001d0       0xd0 ./Drivers/STM32F1xx_HAL_Driver/Src/stm32f1xx_hal.o
 .debug_ranges  0x00000000000002a0       0xe0 ./Drivers/STM32F1xx_HAL_Driver/Src/stm32f1xx_hal_adc.o
 .debug_ranges  0x0000000000000380       0xf0 ./Drivers/STM32F1xx_HAL_Driver/Src/stm32f1xx_hal_cortex.o
 .debug_ranges  0x0000000000000470       0x70 ./Drivers/STM32F1xx_HAL_Driver/Src/stm32f1xx_hal_dma.o
 .debug_ranges  0x00000000000004e0       0x48 ./Drivers/STM32F1xx_HAL_Driver/Src/stm32f1xx_hal_gpio.o
 .debug_ranges  0x0000000000000528       0x80 ./Drivers/STM32F1xx_HAL_Driver/Src/stm32f1xx_hal_rcc.o
 .debug_ranges  0x00000000000005a8       0x20 ./Drivers/STM32F1xx_HAL_Driver/Src/stm32f1xx_hal_rcc_ex.o
 .debug_ranges  0x00000000000005c8      0x3c0 ./Drivers/STM32F1xx_HAL_Driver/Src/stm32f1xx_hal_tim.o
 .debug_ranges  0x0000000000000988      0x158 ./Drivers/STM32F1xx_HAL_Driver/Src/stm32f1xx_hal_tim_ex.o
 .debug_ranges  0x0000000000000ae0      0x220 ./Drivers/STM32F1xx_HAL_Driver/Src/stm32f1xx_hal_uart.o

.debug_macro    0x0000000000000000    0x1cdb7
 .debug_macro   0x0000000000000000      0x1d0 ./Core/Src/Cpp/BTS7960B.o
 .debug_macro   0x00000000000001d0      0xb44 ./Core/Src/Cpp/BTS7960B.o
 .debug_macro   0x0000000000000d14      0x227 ./Core/Src/Cpp/BTS7960B.o
 .debug_macro   0x0000000000000f3b       0x2e ./Core/Src/Cpp/BTS7960B.o
 .debug_macro   0x0000000000000f69       0x22 ./Core/Src/Cpp/BTS7960B.o
 .debug_macro   0x0000000000000f8b       0x1c ./Core/Src/Cpp/BTS7960B.o
 .debug_macro   0x0000000000000fa7       0x22 ./Core/Src/Cpp/BTS7960B.o
 .debug_macro   0x0000000000000fc9       0x8e ./Core/Src/Cpp/BTS7960B.o
 .debug_macro   0x0000000000001057       0x51 ./Core/Src/Cpp/BTS7960B.o
 .debug_macro   0x00000000000010a8      0x103 ./Core/Src/Cpp/BTS7960B.o
 .debug_macro   0x00000000000011ab       0x6a ./Core/Src/Cpp/BTS7960B.o
 .debug_macro   0x0000000000001215      0x1df ./Core/Src/Cpp/BTS7960B.o
 .debug_macro   0x00000000000013f4       0x1c ./Core/Src/Cpp/BTS7960B.o
 .debug_macro   0x0000000000001410       0x22 ./Core/Src/Cpp/BTS7960B.o
 .debug_macro   0x0000000000001432       0xbd ./Core/Src/Cpp/BTS7960B.o
 .debug_macro   0x00000000000014ef      0xd23 ./Core/Src/Cpp/BTS7960B.o
 .debug_macro   0x0000000000002212     0xfd8c ./Core/Src/Cpp/BTS7960B.o
 .debug_macro   0x0000000000011f9e       0x6d ./Core/Src/Cpp/BTS7960B.o
 .debug_macro   0x000000000001200b     0x3468 ./Core/Src/Cpp/BTS7960B.o
 .debug_macro   0x0000000000015473      0x17b ./Core/Src/Cpp/BTS7960B.o
 .debug_macro   0x00000000000155ee       0x5c ./Core/Src/Cpp/BTS7960B.o
 .debug_macro   0x000000000001564a      0x5be ./Core/Src/Cpp/BTS7960B.o
 .debug_macro   0x0000000000015c08      0x4d5 ./Core/Src/Cpp/BTS7960B.o
 .debug_macro   0x00000000000160dd      0x1cb ./Core/Src/Cpp/BTS7960B.o
 .debug_macro   0x00000000000162a8      0x114 ./Core/Src/Cpp/BTS7960B.o
 .debug_macro   0x00000000000163bc      0x1ea ./Core/Src/Cpp/BTS7960B.o
 .debug_macro   0x00000000000165a6       0x27 ./Core/Src/Cpp/BTS7960B.o
 .debug_macro   0x00000000000165cd      0x144 ./Core/Src/Cpp/BTS7960B.o
 .debug_macro   0x0000000000016711      0x1bc ./Core/Src/Cpp/BTS7960B.o
 .debug_macro   0x00000000000168cd       0x30 ./Core/Src/Cpp/BTS7960B.o
 .debug_macro   0x00000000000168fd       0x3c ./Core/Src/Cpp/BTS7960B.o
 .debug_macro   0x0000000000016939       0x57 ./Core/Src/Cpp/BTS7960B.o
 .debug_macro   0x0000000000016990      0x46a ./Core/Src/Cpp/BTS7960B.o
 .debug_macro   0x0000000000016dfa      0x25d ./Core/Src/Cpp/BTS7960B.o
 .debug_macro   0x0000000000017057       0x88 ./Core/Src/Cpp/BTS7960B.o
 .debug_macro   0x00000000000170df      0x24f ./Core/Src/Cpp/BTS7960B.o
 .debug_macro   0x000000000001732e      0x141 ./Core/Src/Cpp/BTS7960B.o
 .debug_macro   0x000000000001746f      0x8d1 ./Core/Src/Cpp/BTS7960B.o
 .debug_macro   0x0000000000017d40      0x279 ./Core/Src/Cpp/BTS7960B.o
 .debug_macro   0x0000000000017fb9       0xb5 ./Core/Src/Cpp/BTS7960B.o
 .debug_macro   0x000000000001806e      0x365 ./Core/Src/Cpp/SerialDebug.o
 .debug_macro   0x00000000000183d3      0x18a ./Core/Src/Cpp/SerialDebug.o
 .debug_macro   0x000000000001855d       0x10 ./Core/Src/Cpp/SerialDebug.o
 .debug_macro   0x000000000001856d      0x3d1 ./Core/Src/Cpp/SerialDebug.o
 .debug_macro   0x000000000001893e       0x52 ./Core/Src/Cpp/SerialDebug.o
 .debug_macro   0x0000000000018990       0x18 ./Core/Src/Cpp/SerialDebug.o
 .debug_macro   0x00000000000189a8       0x3c ./Core/Src/Cpp/SerialDebug.o
 .debug_macro   0x00000000000189e4       0x34 ./Core/Src/Cpp/SerialDebug.o
 .debug_macro   0x0000000000018a18       0x16 ./Core/Src/Cpp/SerialDebug.o
 .debug_macro   0x0000000000018a2e       0x35 ./Core/Src/Cpp/SerialDebug.o
 .debug_macro   0x0000000000018a63      0x364 ./Core/Src/Cpp/SerialDebug.o
 .debug_macro   0x0000000000018dc7       0x10 ./Core/Src/Cpp/SerialDebug.o
 .debug_macro   0x0000000000018dd7       0x16 ./Core/Src/Cpp/SerialDebug.o
 .debug_macro   0x0000000000018ded       0x43 ./Core/Src/Cpp/SerialDebug.o
 .debug_macro   0x0000000000018e30       0x34 ./Core/Src/Cpp/SerialDebug.o
 .debug_macro   0x0000000000018e64       0x10 ./Core/Src/Cpp/SerialDebug.o
 .debug_macro   0x0000000000018e74       0x58 ./Core/Src/Cpp/SerialDebug.o
 .debug_macro   0x0000000000018ecc       0x71 ./Core/Src/Cpp/SerialDebug.o
 .debug_macro   0x0000000000018f3d       0x16 ./Core/Src/Cpp/SerialDebug.o
 .debug_macro   0x0000000000018f53      0x12a ./Core/Src/Cpp/SerialDebug.o
 .debug_macro   0x000000000001907d       0x10 ./Core/Src/Cpp/SerialDebug.o
 .debug_macro   0x000000000001908d       0x1c ./Core/Src/Cpp/SerialDebug.o
 .debug_macro   0x00000000000190a9       0x52 ./Core/Src/Cpp/SerialDebug.o
 .debug_macro   0x00000000000190fb       0x22 ./Core/Src/Cpp/SerialDebug.o
 .debug_macro   0x000000000001911d       0x10 ./Core/Src/Cpp/SerialDebug.o
 .debug_macro   0x000000000001912d       0x52 ./Core/Src/Cpp/SerialDebug.o
 .debug_macro   0x000000000001917f       0xd5 ./Core/Src/Cpp/SerialDebug.o
 .debug_macro   0x0000000000019254       0x1c ./Core/Src/Cpp/SerialDebug.o
 .debug_macro   0x0000000000019270       0x3d ./Core/Src/Cpp/SerialDebug.o
 .debug_macro   0x00000000000192ad       0x16 ./Core/Src/Cpp/SerialDebug.o
 .debug_macro   0x00000000000192c3      0x137 ./Core/Src/Cpp/SerialDebug.o
 .debug_macro   0x00000000000193fa      0x11d ./Core/Src/Cpp/SerialDebug.o
 .debug_macro   0x0000000000019517      0x36f ./Core/Src/Cpp/Start.o
 .debug_macro   0x0000000000019886      0x1cb ./Core/Src/main.o
 .debug_macro   0x0000000000019a51      0xa6c ./Core/Src/main.o
 .debug_macro   0x000000000001a4bd      0xd23 ./Core/Src/main.o
 .debug_macro   0x000000000001b1e0      0x174 ./Core/Src/main.o
 .debug_macro   0x000000000001b354      0x1c1 ./Core/Src/stm32f1xx_hal_msp.o
 .debug_macro   0x000000000001b515      0x1cb ./Core/Src/stm32f1xx_it.o
 .debug_macro   0x000000000001b6e0       0xff ./Core/Src/sysmem.o
 .debug_macro   0x000000000001b7df      0x23b ./Core/Src/sysmem.o
 .debug_macro   0x000000000001ba1a      0x1b7 ./Core/Src/system_stm32f1xx.o
 .debug_macro   0x000000000001bbd1      0x1db ./Drivers/STM32F1xx_HAL_Driver/Src/stm32f1xx_hal.o
 .debug_macro   0x000000000001bdac      0x1d4 ./Drivers/STM32F1xx_HAL_Driver/Src/stm32f1xx_hal_adc.o
 .debug_macro   0x000000000001bf80      0x1b7 ./Drivers/STM32F1xx_HAL_Driver/Src/stm32f1xx_hal_cortex.o
 .debug_macro   0x000000000001c137      0x1b7 ./Drivers/STM32F1xx_HAL_Driver/Src/stm32f1xx_hal_dma.o
 .debug_macro   0x000000000001c2ee      0x222 ./Drivers/STM32F1xx_HAL_Driver/Src/stm32f1xx_hal_gpio.o
 .debug_macro   0x000000000001c510      0x1c9 ./Drivers/STM32F1xx_HAL_Driver/Src/stm32f1xx_hal_rcc.o
 .debug_macro   0x000000000001c6d9      0x1b7 ./Drivers/STM32F1xx_HAL_Driver/Src/stm32f1xx_hal_rcc_ex.o
 .debug_macro   0x000000000001c890      0x1b8 ./Drivers/STM32F1xx_HAL_Driver/Src/stm32f1xx_hal_tim.o
 .debug_macro   0x000000000001ca48      0x1b7 ./Drivers/STM32F1xx_HAL_Driver/Src/stm32f1xx_hal_tim_ex.o
 .debug_macro   0x000000000001cbff      0x1b8 ./Drivers/STM32F1xx_HAL_Driver/Src/stm32f1xx_hal_uart.o

.debug_line     0x0000000000000000    0x101fe
 .debug_line    0x0000000000000000      0x6fe ./Core/Src/Cpp/BTS7960B.o
 .debug_line    0x00000000000006fe      0xb74 ./Core/Src/Cpp/SerialDebug.o
 .debug_line    0x0000000000001272      0xb17 ./Core/Src/Cpp/Start.o
 .debug_line    0x0000000000001d89      0x8eb ./Core/Src/main.o
 .debug_line    0x0000000000002674      0x839 ./Core/Src/stm32f1xx_hal_msp.o
 .debug_line    0x0000000000002ead      0x7ad ./Core/Src/stm32f1xx_it.o
 .debug_line    0x000000000000365a      0x4ea ./Core/Src/sysmem.o
 .debug_line    0x0000000000003b44      0x721 ./Core/Src/system_stm32f1xx.o
 .debug_line    0x0000000000004265       0x87 ./Core/Startup/startup_stm32f103retx.o
 .debug_line    0x00000000000042ec      0x94e ./Drivers/STM32F1xx_HAL_Driver/Src/stm32f1xx_hal.o
 .debug_line    0x0000000000004c3a      0xfdb ./Drivers/STM32F1xx_HAL_Driver/Src/stm32f1xx_hal_adc.o
 .debug_line    0x0000000000005c15      0xb36 ./Drivers/STM32F1xx_HAL_Driver/Src/stm32f1xx_hal_cortex.o
 .debug_line    0x000000000000674b     0x1278 ./Drivers/STM32F1xx_HAL_Driver/Src/stm32f1xx_hal_dma.o
 .debug_line    0x00000000000079c3      0xa0d ./Drivers/STM32F1xx_HAL_Driver/Src/stm32f1xx_hal_gpio.o
 .debug_line    0x00000000000083d0      0xd5c ./Drivers/STM32F1xx_HAL_Driver/Src/stm32f1xx_hal_rcc.o
 .debug_line    0x000000000000912c      0x8ad ./Drivers/STM32F1xx_HAL_Driver/Src/stm32f1xx_hal_rcc_ex.o
 .debug_line    0x00000000000099d9     0x3522 ./Drivers/STM32F1xx_HAL_Driver/Src/stm32f1xx_hal_tim.o
 .debug_line    0x000000000000cefb     0x18da ./Drivers/STM32F1xx_HAL_Driver/Src/stm32f1xx_hal_tim_ex.o
 .debug_line    0x000000000000e7d5     0x1a29 ./Drivers/STM32F1xx_HAL_Driver/Src/stm32f1xx_hal_uart.o

.debug_str      0x0000000000000000    0xa0861
 .debug_str     0x0000000000000000    0x96ae2 ./Core/Src/Cpp/BTS7960B.o
                                      0x96efd (size before relaxing)
 .debug_str     0x0000000000096ae2     0x5dfe ./Core/Src/Cpp/SerialDebug.o
                                      0x9cd0d (size before relaxing)
 .debug_str     0x000000000009c8e0      0x195 ./Core/Src/Cpp/Start.o
                                      0x9cf78 (size before relaxing)
 .debug_str     0x000000000009ca75      0xd36 ./Core/Src/main.o
                                      0x97a09 (size before relaxing)
 .debug_str     0x000000000009d7ab      0x159 ./Core/Src/stm32f1xx_hal_msp.o
                                      0x976c1 (size before relaxing)
 .debug_str     0x000000000009d904      0x13e ./Core/Src/stm32f1xx_it.o
                                      0x970aa (size before relaxing)
 .debug_str     0x000000000009da42      0x532 ./Core/Src/sysmem.o
                                       0x5d8f (size before relaxing)
 .debug_str     0x000000000009df74       0x7e ./Core/Src/system_stm32f1xx.o
                                      0x9696c (size before relaxing)
 .debug_str     0x000000000009dff2       0x36 ./Core/Startup/startup_stm32f103retx.o
                                         0xa9 (size before relaxing)
 .debug_str     0x000000000009e028      0x314 ./Drivers/STM32F1xx_HAL_Driver/Src/stm32f1xx_hal.o
                                      0x97183 (size before relaxing)
 .debug_str     0x000000000009e33c      0x391 ./Drivers/STM32F1xx_HAL_Driver/Src/stm32f1xx_hal_adc.o
                                      0x97049 (size before relaxing)
 .debug_str     0x000000000009e6cd      0x281 ./Drivers/STM32F1xx_HAL_Driver/Src/stm32f1xx_hal_cortex.o
                                      0x970cf (size before relaxing)
 .debug_str     0x000000000009e94e      0x1e7 ./Drivers/STM32F1xx_HAL_Driver/Src/stm32f1xx_hal_dma.o
                                      0x96d15 (size before relaxing)
 .debug_str     0x000000000009eb35      0x2e1 ./Drivers/STM32F1xx_HAL_Driver/Src/stm32f1xx_hal_gpio.o
                                      0x96cf2 (size before relaxing)
 .debug_str     0x000000000009ee16      0x21e ./Drivers/STM32F1xx_HAL_Driver/Src/stm32f1xx_hal_rcc.o
                                      0x96d9b (size before relaxing)
 .debug_str     0x000000000009f034       0x84 ./Drivers/STM32F1xx_HAL_Driver/Src/stm32f1xx_hal_rcc_ex.o
                                      0x96b29 (size before relaxing)
 .debug_str     0x000000000009f0b8      0xd61 ./Drivers/STM32F1xx_HAL_Driver/Src/stm32f1xx_hal_tim.o
                                      0x97d86 (size before relaxing)
 .debug_str     0x000000000009fe19      0x493 ./Drivers/STM32F1xx_HAL_Driver/Src/stm32f1xx_hal_tim_ex.o
                                      0x975a2 (size before relaxing)
 .debug_str     0x00000000000a02ac      0x5b5 ./Drivers/STM32F1xx_HAL_Driver/Src/stm32f1xx_hal_uart.o
                                      0x973a6 (size before relaxing)

.comment        0x0000000000000000       0x50
 .comment       0x0000000000000000       0x50 ./Core/Src/Cpp/BTS7960B.o
                                         0x51 (size before relaxing)
 .comment       0x0000000000000050       0x51 ./Core/Src/Cpp/SerialDebug.o
 .comment       0x0000000000000050       0x51 ./Core/Src/Cpp/Start.o
 .comment       0x0000000000000050       0x51 ./Core/Src/main.o
 .comment       0x0000000000000050       0x51 ./Core/Src/stm32f1xx_hal_msp.o
 .comment       0x0000000000000050       0x51 ./Core/Src/stm32f1xx_it.o
 .comment       0x0000000000000050       0x51 ./Core/Src/sysmem.o
 .comment       0x0000000000000050       0x51 ./Core/Src/system_stm32f1xx.o
 .comment       0x0000000000000050       0x51 ./Drivers/STM32F1xx_HAL_Driver/Src/stm32f1xx_hal.o
 .comment       0x0000000000000050       0x51 ./Drivers/STM32F1xx_HAL_Driver/Src/stm32f1xx_hal_adc.o
 .comment       0x0000000000000050       0x51 ./Drivers/STM32F1xx_HAL_Driver/Src/stm32f1xx_hal_cortex.o
 .comment       0x0000000000000050       0x51 ./Drivers/STM32F1xx_HAL_Driver/Src/stm32f1xx_hal_dma.o
 .comment       0x0000000000000050       0x51 ./Drivers/STM32F1xx_HAL_Driver/Src/stm32f1xx_hal_gpio.o
 .comment       0x0000000000000050       0x51 ./Drivers/STM32F1xx_HAL_Driver/Src/stm32f1xx_hal_rcc.o
 .comment       0x0000000000000050       0x51 ./Drivers/STM32F1xx_HAL_Driver/Src/stm32f1xx_hal_rcc_ex.o
 .comment       0x0000000000000050       0x51 ./Drivers/STM32F1xx_HAL_Driver/Src/stm32f1xx_hal_tim.o
 .comment       0x0000000000000050       0x51 ./Drivers/STM32F1xx_HAL_Driver/Src/stm32f1xx_hal_tim_ex.o
 .comment       0x0000000000000050       0x51 ./Drivers/STM32F1xx_HAL_Driver/Src/stm32f1xx_hal_uart.o

.debug_frame    0x0000000000000000     0x3d74
 .debug_frame   0x0000000000000000       0x5c ./Core/Src/Cpp/BTS7960B.o
 .debug_frame   0x000000000000005c      0x100 ./Core/Src/Cpp/SerialDebug.o
 .debug_frame   0x000000000000015c       0x6c ./Core/Src/Cpp/Start.o
 .debug_frame   0x00000000000001c8      0x154 ./Core/Src/main.o
 .debug_frame   0x000000000000031c      0x184 ./Core/Src/stm32f1xx_hal_msp.o
 .debug_frame   0x00000000000004a0      0x158 ./Core/Src/stm32f1xx_it.o
 .debug_frame   0x00000000000005f8       0x34 ./Core/Src/sysmem.o
 .debug_frame   0x000000000000062c       0x58 ./Core/Src/system_stm32f1xx.o
 .debug_frame   0x0000000000000684      0x334 ./Drivers/STM32F1xx_HAL_Driver/Src/stm32f1xx_hal.o
 .debug_frame   0x00000000000009b8      0x40c ./Drivers/STM32F1xx_HAL_Driver/Src/stm32f1xx_hal_adc.o
 .debug_frame   0x0000000000000dc4      0x428 ./Drivers/STM32F1xx_HAL_Driver/Src/stm32f1xx_hal_cortex.o
 .debug_frame   0x00000000000011ec      0x20c ./Drivers/STM32F1xx_HAL_Driver/Src/stm32f1xx_hal_dma.o
 .debug_frame   0x00000000000013f8      0x14c ./Drivers/STM32F1xx_HAL_Driver/Src/stm32f1xx_hal_gpio.o
 .debug_frame   0x0000000000001544      0x21c ./Drivers/STM32F1xx_HAL_Driver/Src/stm32f1xx_hal_rcc.o
 .debug_frame   0x0000000000001760       0x84 ./Drivers/STM32F1xx_HAL_Driver/Src/stm32f1xx_hal_rcc_ex.o
 .debug_frame   0x00000000000017e4     0x11bc ./Drivers/STM32F1xx_HAL_Driver/Src/stm32f1xx_hal_tim.o
 .debug_frame   0x00000000000029a0      0x638 ./Drivers/STM32F1xx_HAL_Driver/Src/stm32f1xx_hal_tim_ex.o
 .debug_frame   0x0000000000002fd8      0x914 ./Drivers/STM32F1xx_HAL_Driver/Src/stm32f1xx_hal_uart.o
 .debug_frame   0x00000000000038ec       0x20 c:/st/stm32cubeide_1.10.1/stm32cubeide/plugins/com.st.stm32cube.ide.mcu.externaltools.gnu-tools-for-stm32.10.3-2021.10.win32_1.0.0.202111181127/tools/bin/../lib/gcc/arm-none-eabi/10.3.1/../../../../arm-none-eabi/lib/thumb/v7-m/nofp\libc_nano.a(lib_a-errno.o)
 .debug_frame   0x000000000000390c       0x2c c:/st/stm32cubeide_1.10.1/stm32cubeide/plugins/com.st.stm32cube.ide.mcu.externaltools.gnu-tools-for-stm32.10.3-2021.10.win32_1.0.0.202111181127/tools/bin/../lib/gcc/arm-none-eabi/10.3.1/../../../../arm-none-eabi/lib/thumb/v7-m/nofp\libc_nano.a(lib_a-init.o)
 .debug_frame   0x0000000000003938       0x28 c:/st/stm32cubeide_1.10.1/stm32cubeide/plugins/com.st.stm32cube.ide.mcu.externaltools.gnu-tools-for-stm32.10.3-2021.10.win32_1.0.0.202111181127/tools/bin/../lib/gcc/arm-none-eabi/10.3.1/../../../../arm-none-eabi/lib/thumb/v7-m/nofp\libc_nano.a(lib_a-memcpy-stub.o)
 .debug_frame   0x0000000000003960       0x20 c:/st/stm32cubeide_1.10.1/stm32cubeide/plugins/com.st.stm32cube.ide.mcu.externaltools.gnu-tools-for-stm32.10.3-2021.10.win32_1.0.0.202111181127/tools/bin/../lib/gcc/arm-none-eabi/10.3.1/../../../../arm-none-eabi/lib/thumb/v7-m/nofp\libc_nano.a(lib_a-memset.o)
 .debug_frame   0x0000000000003980       0x38 c:/st/stm32cubeide_1.10.1/stm32cubeide/plugins/com.st.stm32cube.ide.mcu.externaltools.gnu-tools-for-stm32.10.3-2021.10.win32_1.0.0.202111181127/tools/bin/../lib/gcc/arm-none-eabi/10.3.1/../../../../arm-none-eabi/lib/thumb/v7-m/nofp\libc_nano.a(lib_a-nano-freer.o)
 .debug_frame   0x00000000000039b8       0x4c c:/st/stm32cubeide_1.10.1/stm32cubeide/plugins/com.st.stm32cube.ide.mcu.externaltools.gnu-tools-for-stm32.10.3-2021.10.win32_1.0.0.202111181127/tools/bin/../lib/gcc/arm-none-eabi/10.3.1/../../../../arm-none-eabi/lib/thumb/v7-m/nofp\libc_nano.a(lib_a-nano-mallocr.o)
 .debug_frame   0x0000000000003a04       0x2c c:/st/stm32cubeide_1.10.1/stm32cubeide/plugins/com.st.stm32cube.ide.mcu.externaltools.gnu-tools-for-stm32.10.3-2021.10.win32_1.0.0.202111181127/tools/bin/../lib/gcc/arm-none-eabi/10.3.1/../../../../arm-none-eabi/lib/thumb/v7-m/nofp\libc_nano.a(lib_a-sbrkr.o)
 .debug_frame   0x0000000000003a30       0x6c c:/st/stm32cubeide_1.10.1/stm32cubeide/plugins/com.st.stm32cube.ide.mcu.externaltools.gnu-tools-for-stm32.10.3-2021.10.win32_1.0.0.202111181127/tools/bin/../lib/gcc/arm-none-eabi/10.3.1/../../../../arm-none-eabi/lib/thumb/v7-m/nofp\libc_nano.a(lib_a-sprintf.o)
 .debug_frame   0x0000000000003a9c       0x30 c:/st/stm32cubeide_1.10.1/stm32cubeide/plugins/com.st.stm32cube.ide.mcu.externaltools.gnu-tools-for-stm32.10.3-2021.10.win32_1.0.0.202111181127/tools/bin/../lib/gcc/arm-none-eabi/10.3.1/../../../../arm-none-eabi/lib/thumb/v7-m/nofp\libc_nano.a(lib_a-mlock.o)
 .debug_frame   0x0000000000003acc       0x90 c:/st/stm32cubeide_1.10.1/stm32cubeide/plugins/com.st.stm32cube.ide.mcu.externaltools.gnu-tools-for-stm32.10.3-2021.10.win32_1.0.0.202111181127/tools/bin/../lib/gcc/arm-none-eabi/10.3.1/../../../../arm-none-eabi/lib/thumb/v7-m/nofp\libc_nano.a(lib_a-nano-svfprintf.o)
 .debug_frame   0x0000000000003b5c       0x60 c:/st/stm32cubeide_1.10.1/stm32cubeide/plugins/com.st.stm32cube.ide.mcu.externaltools.gnu-tools-for-stm32.10.3-2021.10.win32_1.0.0.202111181127/tools/bin/../lib/gcc/arm-none-eabi/10.3.1/../../../../arm-none-eabi/lib/thumb/v7-m/nofp\libc_nano.a(lib_a-nano-vfprintf_i.o)
 .debug_frame   0x0000000000003bbc       0x5c c:/st/stm32cubeide_1.10.1/stm32cubeide/plugins/com.st.stm32cube.ide.mcu.externaltools.gnu-tools-for-stm32.10.3-2021.10.win32_1.0.0.202111181127/tools/bin/../lib/gcc/arm-none-eabi/10.3.1/../../../../arm-none-eabi/lib/thumb/v7-m/nofp\libc_nano.a(lib_a-reent.o)
 .debug_frame   0x0000000000003c18       0xb0 c:/st/stm32cubeide_1.10.1/stm32cubeide/plugins/com.st.stm32cube.ide.mcu.externaltools.gnu-tools-for-stm32.10.3-2021.10.win32_1.0.0.202111181127/tools/bin/../lib/gcc/arm-none-eabi/10.3.1/../../../../arm-none-eabi/lib/thumb/v7-m/nofp\libc_nano.a(lib_a-lock.o)
 .debug_frame   0x0000000000003cc8       0x28 c:/st/stm32cubeide_1.10.1/stm32cubeide/plugins/com.st.stm32cube.ide.mcu.externaltools.gnu-tools-for-stm32.10.3-2021.10.win32_1.0.0.202111181127/tools/bin/../lib/gcc/arm-none-eabi/10.3.1/../../../../arm-none-eabi/lib/thumb/v7-m/nofp\libc_nano.a(lib_a-memchr-stub.o)
 .debug_frame   0x0000000000003cf0       0x28 c:/st/stm32cubeide_1.10.1/stm32cubeide/plugins/com.st.stm32cube.ide.mcu.externaltools.gnu-tools-for-stm32.10.3-2021.10.win32_1.0.0.202111181127/tools/bin/../lib/gcc/arm-none-eabi/10.3.1/../../../../arm-none-eabi/lib/thumb/v7-m/nofp\libc_nano.a(lib_a-memmove.o)
 .debug_frame   0x0000000000003d18       0x3c c:/st/stm32cubeide_1.10.1/stm32cubeide/plugins/com.st.stm32cube.ide.mcu.externaltools.gnu-tools-for-stm32.10.3-2021.10.win32_1.0.0.202111181127/tools/bin/../lib/gcc/arm-none-eabi/10.3.1/../../../../arm-none-eabi/lib/thumb/v7-m/nofp\libc_nano.a(lib_a-nano-reallocr.o)
 .debug_frame   0x0000000000003d54       0x20 c:/st/stm32cubeide_1.10.1/stm32cubeide/plugins/com.st.stm32cube.ide.mcu.externaltools.gnu-tools-for-stm32.10.3-2021.10.win32_1.0.0.202111181127/tools/bin/../lib/gcc/arm-none-eabi/10.3.1/../../../../arm-none-eabi/lib/thumb/v7-m/nofp\libc_nano.a(lib_a-nano-msizer.o)
