Archive member included to satisfy reference by file (symbol)

C:/ST/STM32CubeIDE_1.13.0/STM32CubeIDE/plugins/com.st.stm32cube.ide.mcu.externaltools.gnu-tools-for-stm32.11.3.rel1.win32_1.1.0.202305231506/tools/bin/../lib/gcc/arm-none-eabi/11.3.1/../../../../arm-none-eabi/lib/thumb/v6-m/nofp\libstdc++_nano.a(del_ops.o)
                              ./Core/Src/Components/ADC_STM32.o (operator delete(void*, unsigned int))
C:/ST/STM32CubeIDE_1.13.0/STM32CubeIDE/plugins/com.st.stm32cube.ide.mcu.externaltools.gnu-tools-for-stm32.11.3.rel1.win32_1.1.0.202305231506/tools/bin/../lib/gcc/arm-none-eabi/11.3.1/../../../../arm-none-eabi/lib/thumb/v6-m/nofp\libstdc++_nano.a(guard.o)
                              ./Core/Src/Components/BrushServo.o (__cxa_guard_acquire)
C:/ST/STM32CubeIDE_1.13.0/STM32CubeIDE/plugins/com.st.stm32cube.ide.mcu.externaltools.gnu-tools-for-stm32.11.3.rel1.win32_1.1.0.202305231506/tools/bin/../lib/gcc/arm-none-eabi/11.3.1/../../../../arm-none-eabi/lib/thumb/v6-m/nofp\libstdc++_nano.a(del_op.o)
                              C:/ST/STM32CubeIDE_1.13.0/STM32CubeIDE/plugins/com.st.stm32cube.ide.mcu.externaltools.gnu-tools-for-stm32.11.3.rel1.win32_1.1.0.202305231506/tools/bin/../lib/gcc/arm-none-eabi/11.3.1/../../../../arm-none-eabi/lib/thumb/v6-m/nofp\libstdc++_nano.a(del_ops.o) (operator delete(void*))
C:/ST/STM32CubeIDE_1.13.0/STM32CubeIDE/plugins/com.st.stm32cube.ide.mcu.externaltools.gnu-tools-for-stm32.11.3.rel1.win32_1.1.0.202305231506/tools/bin/../lib/gcc/arm-none-eabi/11.3.1/../../../../arm-none-eabi/lib/thumb/v6-m/nofp\libc_nano.a(libc_a-atexit.o)
                              ./Core/Src/Components/BrushServo.o (atexit)
C:/ST/STM32CubeIDE_1.13.0/STM32CubeIDE/plugins/com.st.stm32cube.ide.mcu.externaltools.gnu-tools-for-stm32.11.3.rel1.win32_1.1.0.202305231506/tools/bin/../lib/gcc/arm-none-eabi/11.3.1/../../../../arm-none-eabi/lib/thumb/v6-m/nofp\libc_nano.a(libc_a-exit.o)
                              C:/ST/STM32CubeIDE_1.13.0/STM32CubeIDE/plugins/com.st.stm32cube.ide.mcu.externaltools.gnu-tools-for-stm32.11.3.rel1.win32_1.1.0.202305231506/tools/bin/../lib/gcc/arm-none-eabi/11.3.1/../../../../arm-none-eabi/lib/thumb/v6-m/nofp/crt0.o (exit)
C:/ST/STM32CubeIDE_1.13.0/STM32CubeIDE/plugins/com.st.stm32cube.ide.mcu.externaltools.gnu-tools-for-stm32.11.3.rel1.win32_1.1.0.202305231506/tools/bin/../lib/gcc/arm-none-eabi/11.3.1/../../../../arm-none-eabi/lib/thumb/v6-m/nofp\libc_nano.a(libc_a-malloc.o)
                              C:/ST/STM32CubeIDE_1.13.0/STM32CubeIDE/plugins/com.st.stm32cube.ide.mcu.externaltools.gnu-tools-for-stm32.11.3.rel1.win32_1.1.0.202305231506/tools/bin/../lib/gcc/arm-none-eabi/11.3.1/../../../../arm-none-eabi/lib/thumb/v6-m/nofp\libstdc++_nano.a(del_op.o) (free)
C:/ST/STM32CubeIDE_1.13.0/STM32CubeIDE/plugins/com.st.stm32cube.ide.mcu.externaltools.gnu-tools-for-stm32.11.3.rel1.win32_1.1.0.202305231506/tools/bin/../lib/gcc/arm-none-eabi/11.3.1/../../../../arm-none-eabi/lib/thumb/v6-m/nofp\libc_nano.a(libc_a-mallocr.o)
                              C:/ST/STM32CubeIDE_1.13.0/STM32CubeIDE/plugins/com.st.stm32cube.ide.mcu.externaltools.gnu-tools-for-stm32.11.3.rel1.win32_1.1.0.202305231506/tools/bin/../lib/gcc/arm-none-eabi/11.3.1/../../../../arm-none-eabi/lib/thumb/v6-m/nofp\libc_nano.a(libc_a-malloc.o) (_malloc_r)
C:/ST/STM32CubeIDE_1.13.0/STM32CubeIDE/plugins/com.st.stm32cube.ide.mcu.externaltools.gnu-tools-for-stm32.11.3.rel1.win32_1.1.0.202305231506/tools/bin/../lib/gcc/arm-none-eabi/11.3.1/../../../../arm-none-eabi/lib/thumb/v6-m/nofp\libc_nano.a(libc_a-mlock.o)
                              C:/ST/STM32CubeIDE_1.13.0/STM32CubeIDE/plugins/com.st.stm32cube.ide.mcu.externaltools.gnu-tools-for-stm32.11.3.rel1.win32_1.1.0.202305231506/tools/bin/../lib/gcc/arm-none-eabi/11.3.1/../../../../arm-none-eabi/lib/thumb/v6-m/nofp\libc_nano.a(libc_a-mallocr.o) (__malloc_lock)
C:/ST/STM32CubeIDE_1.13.0/STM32CubeIDE/plugins/com.st.stm32cube.ide.mcu.externaltools.gnu-tools-for-stm32.11.3.rel1.win32_1.1.0.202305231506/tools/bin/../lib/gcc/arm-none-eabi/11.3.1/../../../../arm-none-eabi/lib/thumb/v6-m/nofp\libc_nano.a(libc_a-findfp.o)
                              C:/ST/STM32CubeIDE_1.13.0/STM32CubeIDE/plugins/com.st.stm32cube.ide.mcu.externaltools.gnu-tools-for-stm32.11.3.rel1.win32_1.1.0.202305231506/tools/bin/../lib/gcc/arm-none-eabi/11.3.1/../../../../arm-none-eabi/lib/thumb/v6-m/nofp\libc_nano.a(libc_a-exit.o) (__stdio_exit_handler)
C:/ST/STM32CubeIDE_1.13.0/STM32CubeIDE/plugins/com.st.stm32cube.ide.mcu.externaltools.gnu-tools-for-stm32.11.3.rel1.win32_1.1.0.202305231506/tools/bin/../lib/gcc/arm-none-eabi/11.3.1/../../../../arm-none-eabi/lib/thumb/v6-m/nofp\libc_nano.a(libc_a-fwalk.o)
                              C:/ST/STM32CubeIDE_1.13.0/STM32CubeIDE/plugins/com.st.stm32cube.ide.mcu.externaltools.gnu-tools-for-stm32.11.3.rel1.win32_1.1.0.202305231506/tools/bin/../lib/gcc/arm-none-eabi/11.3.1/../../../../arm-none-eabi/lib/thumb/v6-m/nofp\libc_nano.a(libc_a-findfp.o) (_fwalk_sglue)
[...]
Memory Configuration

Name             Origin             Length             Attributes
RAM              0x0000000020000000 0x0000000000009000 xrw
FLASH            0x0000000008000000 0x0000000000020000 xr
*default*        0x0000000000000000 0xffffffffffffffff

Linker script and memory map

LOAD C:/ST/STM32CubeIDE_1.13.0/STM32CubeIDE/plugins/com.st.stm32cube.ide.mcu.externaltools.gnu-tools-for-stm32.11.3.rel1.win32_1.1.0.202305231506/tools/bin/../lib/gcc/arm-none-eabi/11.3.1/thumb/v6-m/nofp/crti.o
LOAD C:/ST/STM32CubeIDE_1.13.0/STM32CubeIDE/plugins/com.st.stm32cube.ide.mcu.externaltools.gnu-tools-for-stm32.11.3.rel1.win32_1.1.0.202305231506/tools/bin/../lib/gcc/arm-none-eabi/11.3.1/thumb/v6-m/nofp/crtbegin.o
LOAD C:/ST/STM32CubeIDE_1.13.0/STM32CubeIDE/plugins/com.st.stm32cube.ide.mcu.externaltools.gnu-tools-for-stm32.11.3.rel1.win32_1.1.0.202305231506/tools/bin/../lib/gcc/arm-none-eabi/11.3.1/../../../../arm-none-eabi/lib/thumb/v6-m/nofp/crt0.o
LOAD ./Core/Src/Components/ADC_STM32.o
LOAD ./Core/Src/Components/BrushServo.o
LOAD ./Core/Src/Components/INA1X9.o
LOAD ./Core/Src/Components/Motor_IR4427.o
LOAD ./Core/Src/Components/PWM_Pin_STM32.o
LOAD ./Core/Src/Components/Potentiometer.o
LOAD ./Core/Src/Components/VinMeter.o
LOAD ./Core/Src/Components/start.o
LOAD ./Core/Src/main.o
LOAD ./Core/Src/stm32g0xx_hal_msp.o
LOAD ./Core/Src/stm32g0xx_hal_timebase_tim.o
LOAD ./Core/Src/stm32g0xx_it.o
LOAD ./Core/Src/syscalls.o
LOAD ./Core/Src/sysmem.o
LOAD ./Core/Src/system_stm32g0xx.o
LOAD ./Core/Startup/startup_stm32g071cbtx.o
LOAD ./Drivers/STM32G0xx_HAL_Driver/Src/stm32g0xx_hal.o
LOAD ./Drivers/STM32G0xx_HAL_Driver/Src/stm32g0xx_hal_adc.o
LOAD ./Drivers/STM32G0xx_HAL_Driver/Src/stm32g0xx_hal_adc_ex.o
LOAD ./Drivers/STM32G0xx_HAL_Driver/Src/stm32g0xx_hal_cortex.o
LOAD ./Drivers/STM32G0xx_HAL_Driver/Src/stm32g0xx_hal_dma.o
LOAD ./Drivers/STM32G0xx_HAL_Driver/Src/stm32g0xx_hal_dma_ex.o
LOAD ./Drivers/STM32G0xx_HAL_Driver/Src/stm32g0xx_hal_exti.o
LOAD ./Drivers/STM32G0xx_HAL_Driver/Src/stm32g0xx_hal_flash.o
LOAD ./Drivers/STM32G0xx_HAL_Driver/Src/stm32g0xx_hal_flash_ex.o
LOAD ./Drivers/STM32G0xx_HAL_Driver/Src/stm32g0xx_hal_gpio.o
LOAD ./Drivers/STM32G0xx_HAL_Driver/Src/stm32g0xx_hal_pwr.o
LOAD ./Drivers/STM32G0xx_HAL_Driver/Src/stm32g0xx_hal_pwr_ex.o
LOAD ./Drivers/STM32G0xx_HAL_Driver/Src/stm32g0xx_hal_rcc.o
LOAD ./Drivers/STM32G0xx_HAL_Driver/Src/stm32g0xx_hal_rcc_ex.o
LOAD ./Drivers/STM32G0xx_HAL_Driver/Src/stm32g0xx_hal_tim.o
LOAD ./Drivers/STM32G0xx_HAL_Driver/Src/stm32g0xx_hal_tim_ex.o
LOAD ./Drivers/STM32G0xx_HAL_Driver/Src/stm32g0xx_hal_uart.o
LOAD ./Drivers/STM32G0xx_HAL_Driver/Src/stm32g0xx_hal_uart_ex.o
LOAD ./Drivers/STM32G0xx_HAL_Driver/Src/stm32g0xx_ll_adc.o
LOAD ./Drivers/STM32G0xx_HAL_Driver/Src/stm32g0xx_ll_dma.o
LOAD ./Drivers/STM32G0xx_HAL_Driver/Src/stm32g0xx_ll_rcc.o
START GROUP
LOAD C:/ST/STM32CubeIDE_1.13.0/STM32CubeIDE/plugins/com.st.stm32cube.ide.mcu.externaltools.gnu-tools-for-stm32.11.3.rel1.win32_1.1.0.202305231506/tools/bin/../lib/gcc/arm-none-eabi/11.3.1/../../../../arm-none-eabi/lib/thumb/v6-m/nofp\libstdc++_nano.a
LOAD C:/ST/STM32CubeIDE_1.13.0/STM32CubeIDE/plugins/com.st.stm32cube.ide.mcu.externaltools.gnu-tools-for-stm32.11.3.rel1.win32_1.1.0.202305231506/tools/bin/../lib/gcc/arm-none-eabi/11.3.1/../../../../arm-none-eabi/lib/thumb/v6-m/nofp\libsupc++_nano.a
END GROUP
LOAD C:/ST/STM32CubeIDE_1.13.0/STM32CubeIDE/plugins/com.st.stm32cube.ide.mcu.externaltools.gnu-tools-for-stm32.11.3.rel1.win32_1.1.0.202305231506/tools/bin/../lib/gcc/arm-none-eabi/11.3.1/../../../../arm-none-eabi/lib/thumb/v6-m/nofp\libstdc++_nano.a
LOAD C:/ST/STM32CubeIDE_1.13.0/STM32CubeIDE/plugins/com.st.stm32cube.ide.mcu.externaltools.gnu-tools-for-stm32.11.3.rel1.win32_1.1.0.202305231506/tools/bin/../lib/gcc/arm-none-eabi/11.3.1/../../../../arm-none-eabi/lib/thumb/v6-m/nofp\libm.a
LOAD C:/ST/STM32CubeIDE_1.13.0/STM32CubeIDE/plugins/com.st.stm32cube.ide.mcu.externaltools.gnu-tools-for-stm32.11.3.rel1.win32_1.1.0.202305231506/tools/bin/../lib/gcc/arm-none-eabi/11.3.1/../../../../arm-none-eabi/lib/thumb/v6-m/nofp\libc_nano.a
START GROUP
LOAD C:/ST/STM32CubeIDE_1.13.0/STM32CubeIDE/plugins/com.st.stm32cube.ide.mcu.externaltools.gnu-tools-for-stm32.11.3.rel1.win32_1.1.0.202305231506/tools/bin/../lib/gcc/arm-none-eabi/11.3.1/thumb/v6-m/nofp\libgcc.a
LOAD C:/ST/STM32CubeIDE_1.13.0/STM32CubeIDE/plugins/com.st.stm32cube.ide.mcu.externaltools.gnu-tools-for-stm32.11.3.rel1.win32_1.1.0.202305231506/tools/bin/../lib/gcc/arm-none-eabi/11.3.1/../../../../arm-none-eabi/lib/thumb/v6-m/nofp\libc_nano.a
END GROUP
START GROUP
LOAD C:/ST/STM32CubeIDE_1.13.0/STM32CubeIDE/plugins/com.st.stm32cube.ide.mcu.externaltools.gnu-tools-for-stm32.11.3.rel1.win32_1.1.0.202305231506/tools/bin/../lib/gcc/arm-none-eabi/11.3.1/thumb/v6-m/nofp\libgcc.a
LOAD C:/ST/STM32CubeIDE_1.13.0/STM32CubeIDE/plugins/com.st.stm32cube.ide.mcu.externaltools.gnu-tools-for-stm32.11.3.rel1.win32_1.1.0.202305231506/tools/bin/../lib/gcc/arm-none-eabi/11.3.1/../../../../arm-none-eabi/lib/thumb/v6-m/nofp\libc_nano.a
END GROUP
LOAD C:/ST/STM32CubeIDE_1.13.0/STM32CubeIDE/plugins/com.st.stm32cube.ide.mcu.externaltools.gnu-tools-for-stm32.11.3.rel1.win32_1.1.0.202305231506/tools/bin/../lib/gcc/arm-none-eabi/11.3.1/thumb/v6-m/nofp/crtend.o
LOAD C:/ST/STM32CubeIDE_1.13.0/STM32CubeIDE/plugins/com.st.stm32cube.ide.mcu.externaltools.gnu-tools-for-stm32.11.3.rel1.win32_1.1.0.202305231506/tools/bin/../lib/gcc/arm-none-eabi/11.3.1/thumb/v6-m/nofp/crtn.o
                0x0000000020009000                _estack = (ORIGIN (RAM) + LENGTH (RAM))
                0x0000000000000200                _Min_Heap_Size = 0x200
                0x0000000000000400                _Min_Stack_Size = 0x400

.isr_vector     0x0000000008000000       0xbc
                0x0000000008000000                . = ALIGN (0x4)
 *(.isr_vector)
 .isr_vector    0x0000000008000000       0xbc ./Core/Startup/startup_stm32g071cbtx.o
                0x0000000008000000                g_pfnVectors
                0x00000000080000bc                . = ALIGN (0x4)

.text           0x00000000080000bc     0x980c
                0x00000000080000bc                . = ALIGN (0x4)
 *(.text)
 .text          0x00000000080000bc       0x48 C:/ST/STM32CubeIDE_1.13.0/STM32CubeIDE/plugins/com.st.stm32cube.ide.mcu.externaltools.gnu-tools-for-stm32.11.3.rel1.win32_1.1.0.202305231506/tools/bin/../lib/gcc/arm-none-eabi/11.3.1/thumb/v6-m/nofp/crtbegin.o
 .text          0x0000000008000104      0x114 C:/ST/STM32CubeIDE_1.13.0/STM32CubeIDE/plugins/com.st.stm32cube.ide.mcu.externaltools.gnu-tools-for-stm32.11.3.rel1.win32_1.1.0.202305231506/tools/bin/../lib/gcc/arm-none-eabi/11.3.1/thumb/v6-m/nofp\libgcc.a(_udivsi3.o)
                0x0000000008000104                __aeabi_uidiv
                0x0000000008000104                __udivsi3
                0x0000000008000210                __aeabi_uidivmod
 .text          0x0000000008000218      0x1d4 C:/ST/STM32CubeIDE_1.13.0/STM32CubeIDE/plugins/com.st.stm32cube.ide.mcu.externaltools.gnu-tools-for-stm32.11.3.rel1.win32_1.1.0.202305231506/tools/bin/../lib/gcc/arm-none-eabi/11.3.1/thumb/v6-m/nofp\libgcc.a(_divsi3.o)
                0x0000000008000218                __divsi3
                0x0000000008000218                __aeabi_idiv
                0x00000000080003e4                __aeabi_idivmod
 .text          0x00000000080003ec        0x4 C:/ST/STM32CubeIDE_1.13.0/STM32CubeIDE/plugins/com.st.stm32cube.ide.mcu.externaltools.gnu-tools-for-stm32.11.3.rel1.win32_1.1.0.202305231506/tools/bin/../lib/gcc/arm-none-eabi/11.3.1/thumb/v6-m/nofp\libgcc.a(_dvmd_tls.o)
                0x00000000080003ec                __aeabi_idiv0
                0x00000000080003ec                __aeabi_ldiv0
 .text          0x00000000080003f0       0x74 C:/ST/STM32CubeIDE_1.13.0/STM32CubeIDE/plugins/com.st.stm32cube.ide.mcu.externaltools.gnu-tools-for-stm32.11.3.rel1.win32_1.1.0.202305231506/tools/bin/../lib/gcc/arm-none-eabi/11.3.1/thumb/v6-m/nofp\libgcc.a(_arm_cmpsf2.o)
                0x00000000080003f0                __aeabi_cfrcmple
                0x00000000080003f8                __aeabi_cfcmpeq
                0x00000000080003f8                __aeabi_cfcmple
                0x0000000008000408                __aeabi_fcmpeq
                0x0000000008000414                __aeabi_fcmplt
                0x0000000008000428                __aeabi_fcmple
                0x000000000800043c                __aeabi_fcmpgt
                0x0000000008000450                __aeabi_fcmpge
 .text          0x0000000008000464       0x40 C:/ST/STM32CubeIDE_1.13.0/STM32CubeIDE/plugins/com.st.stm32cube.ide.mcu.externaltools.gnu-tools-for-stm32.11.3.rel1.win32_1.1.0.202305231506/tools/bin/../lib/gcc/arm-none-eabi/11.3.1/thumb/v6-m/nofp\libgcc.a(_aeabi_uldivmod.o)
                0x0000000008000464                __aeabi_uldivmod
 .text          0x00000000080004a4       0x30 C:/ST/STM32CubeIDE_1.13.0/STM32CubeIDE/plugins/com.st.stm32cube.ide.mcu.externaltools.gnu-tools-for-stm32.11.3.rel1.win32_1.1.0.202305231506/tools/bin/../lib/gcc/arm-none-eabi/11.3.1/thumb/v6-m/nofp\libgcc.a(_fixunssfsi.o)
                0x00000000080004a4                __fixunssfsi
                0x00000000080004a4                __aeabi_f2uiz
 .text          0x00000000080004d4      0x198 C:/ST/STM32CubeIDE_1.13.0/STM32CubeIDE/plugins/com.st.stm32cube.ide.mcu.externaltools.gnu-tools-for-stm32.11.3.rel1.win32_1.1.0.202305231506/tools/bin/../lib/gcc/arm-none-eabi/11.3.1/thumb/v6-m/nofp\libgcc.a(_udivmoddi4.o)
                0x00000000080004d4                __udivmoddi4
 .text          0x000000000800066c      0x340 C:/ST/STM32CubeIDE_1.13.0/STM32CubeIDE/plugins/com.st.stm32cube.ide.mcu.externaltools.gnu-tools-for-stm32.11.3.rel1.win32_1.1.0.202305231506/tools/bin/../lib/gcc/arm-none-eabi/11.3.1/thumb/v6-m/nofp\libgcc.a(addsf3.o)
                0x000000000800066c                __aeabi_fadd
 .text          0x00000000080009ac      0x234 C:/ST/STM32CubeIDE_1.13.0/STM32CubeIDE/plugins/com.st.stm32cube.ide.mcu.externaltools.gnu-tools-for-stm32.11.3.rel1.win32_1.1.0.202305231506/tools/bin/../lib/gcc/arm-none-eabi/11.3.1/thumb/v6-m/nofp\libgcc.a(divsf3.o)
                0x00000000080009ac                __aeabi_fdiv
 .text          0x0000000008000be0       0x4c C:/ST/STM32CubeIDE_1.13.0/STM32CubeIDE/plugins/com.st.stm32cube.ide.mcu.externaltools.gnu-tools-for-stm32.11.3.rel1.win32_1.1.0.202305231506/tools/bin/../lib/gcc/arm-none-eabi/11.3.1/thumb/v6-m/nofp\libgcc.a(eqsf2.o)
                0x0000000008000be0                __eqsf2
                0x0000000008000be0                __nesf2
 .text          0x0000000008000c2c       0x8c C:/ST/STM32CubeIDE_1.13.0/STM32CubeIDE/plugins/com.st.stm32cube.ide.mcu.externaltools.gnu-tools-for-stm32.11.3.rel1.win32_1.1.0.202305231506/tools/bin/../lib/gcc/arm-none-eabi/11.3.1/thumb/v6-m/nofp\libgcc.a(gesf2.o)
                0x0000000008000c2c                __gesf2
                0x0000000008000c2c                __gtsf2
 .text          0x0000000008000cb8       0x88 C:/ST/STM32CubeIDE_1.13.0/STM32CubeIDE/plugins/com.st.stm32cube.ide.mcu.externaltools.gnu-tools-for-stm32.11.3.rel1.win32_1.1.0.202305231506/tools/bin/../lib/gcc/arm-none-eabi/11.3.1/thumb/v6-m/nofp\libgcc.a(lesf2.o)
                0x0000000008000cb8                __ltsf2
                0x0000000008000cb8                __lesf2
 .text          0x0000000008000d40      0x29c C:/ST/STM32CubeIDE_1.13.0/STM32CubeIDE/plugins/com.st.stm32cube.ide.mcu.externaltools.gnu-tools-for-stm32.11.3.rel1.win32_1.1.0.202305231506/tools/bin/../lib/gcc/arm-none-eabi/11.3.1/thumb/v6-m/nofp\libgcc.a(mulsf3.o)
                0x0000000008000d40                __aeabi_fmul
 .text          0x0000000008000fdc      0x340 C:/ST/STM32CubeIDE_1.13.0/STM32CubeIDE/plugins/com.st.stm32cube.ide.mcu.externaltools.gnu-tools-for-stm32.11.3.rel1.win32_1.1.0.202305231506/tools/bin/../lib/gcc/arm-none-eabi/11.3.1/thumb/v6-m/nofp\libgcc.a(subsf3.o)
                0x0000000008000fdc                __aeabi_fsub
 .text          0x000000000800131c       0x40 C:/ST/STM32CubeIDE_1.13.0/STM32CubeIDE/plugins/com.st.stm32cube.ide.mcu.externaltools.gnu-tools-for-stm32.11.3.rel1.win32_1.1.0.202305231506/tools/bin/../lib/gcc/arm-none-eabi/11.3.1/thumb/v6-m/nofp\libgcc.a(fixsfsi.o)
                0x000000000800131c                __aeabi_f2iz
 .text          0x000000000800135c       0x90 C:/ST/STM32CubeIDE_1.13.0/STM32CubeIDE/plugins/com.st.stm32cube.ide.mcu.externaltools.gnu-tools-for-stm32.11.3.rel1.win32_1.1.0.202305231506/tools/bin/../lib/gcc/arm-none-eabi/11.3.1/thumb/v6-m/nofp\libgcc.a(floatunsisf.o)
                0x000000000800135c                __aeabi_ui2f
 .text          0x00000000080013ec      0x5dc C:/ST/STM32CubeIDE_1.13.0/STM32CubeIDE/plugins/com.st.stm32cube.ide.mcu.externaltools.gnu-tools-for-stm32.11.3.rel1.win32_1.1.0.202305231506/tools/bin/../lib/gcc/arm-none-eabi/11.3.1/thumb/v6-m/nofp\libgcc.a(divdf3.o)
                0x00000000080013ec                __aeabi_ddiv
 .text          0x00000000080019c8       0x60 C:/ST/STM32CubeIDE_1.13.0/STM32CubeIDE/plugins/com.st.stm32cube.ide.mcu.externaltools.gnu-tools-for-stm32.11.3.rel1.win32_1.1.0.202305231506/tools/bin/../lib/gcc/arm-none-eabi/11.3.1/thumb/v6-m/nofp\libgcc.a(floatsidf.o)
                0x00000000080019c8                __aeabi_i2d
 .text          0x0000000008001a28       0x4c C:/ST/STM32CubeIDE_1.13.0/STM32CubeIDE/plugins/com.st.stm32cube.ide.mcu.externaltools.gnu-tools-for-stm32.11.3.rel1.win32_1.1.0.202305231506/tools/bin/../lib/gcc/arm-none-eabi/11.3.1/thumb/v6-m/nofp\libgcc.a(floatunsidf.o)
                0x0000000008001a28                __aeabi_ui2d
 .text          0x0000000008001a74      0x10c C:/ST/STM32CubeIDE_1.13.0/STM32CubeIDE/plugins/com.st.stm32cube.ide.mcu.externaltools.gnu-tools-for-stm32.11.3.rel1.win32_1.1.0.202305231506/tools/bin/../lib/gcc/arm-none-eabi/11.3.1/thumb/v6-m/nofp\libgcc.a(truncdfsf2.o)
                0x0000000008001a74                __aeabi_d2f
 .text          0x0000000008001b80       0x3c C:/ST/STM32CubeIDE_1.13.0/STM32CubeIDE/plugins/com.st.stm32cube.ide.mcu.externaltools.gnu-tools-for-stm32.11.3.rel1.win32_1.1.0.202305231506/tools/bin/../lib/gcc/arm-none-eabi/11.3.1/thumb/v6-m/nofp\libgcc.a(_clzsi2.o)
                0x0000000008001b80                __clzsi2
 .text          0x0000000008001bbc       0x18 C:/ST/STM32CubeIDE_1.13.0/STM32CubeIDE/plugins/com.st.stm32cube.ide.mcu.externaltools.gnu-tools-for-stm32.11.3.rel1.win32_1.1.0.202305231506/tools/bin/../lib/gcc/arm-none-eabi/11.3.1/thumb/v6-m/nofp\libgcc.a(_clzdi2.o)
                0x0000000008001bbc                __clzdi2
 *(.text*)
 .text._ZN9ADC_STM32C2Ev
                0x0000000008001bd4       0x28 ./Core/Src/Components/ADC_STM32.o
                0x0000000008001bd4                ADC_STM32::ADC_STM32()
                0x0000000008001bd4                ADC_STM32::ADC_STM32()
 .text._ZN9ADC_STM32D2Ev
                0x0000000008001bfc       0x1c ./Core/Src/Components/ADC_STM32.o
                0x0000000008001bfc                ADC_STM32::~ADC_STM32()
                0x0000000008001bfc                ADC_STM32::~ADC_STM32()
 .text._ZN9ADC_STM32D0Ev
                0x0000000008001c18       0x24 ./Core/Src/Components/ADC_STM32.o
                0x0000000008001c18                ADC_STM32::~ADC_STM32()
 .text._ZN9ADC_STM3211getInstanceEv
                0x0000000008001c3c       0x10 ./Core/Src/Components/ADC_STM32.o
                0x0000000008001c3c                ADC_STM32::getInstance()
 .text._ZN9ADC_STM324initEv
                0x0000000008001c4c       0x20 ./Core/Src/Components/ADC_STM32.o
                0x0000000008001c4c                ADC_STM32::init()
 .text._ZN9ADC_STM329startScanEv
                0x0000000008001c6c       0x28 ./Core/Src/Components/ADC_STM32.o
                0x0000000008001c6c                ADC_STM32::startScan()
 .text._ZN9ADC_STM327getDataEm
                0x0000000008001c94       0x1c ./Core/Src/Components/ADC_STM32.o
                0x0000000008001c94                ADC_STM32::getData(unsigned long)
 .text._ZN9ADC_STM3222convCpltCallbackStaticEP19__ADC_HandleTypeDef
                0x0000000008001cb0       0x1c ./Core/Src/Components/ADC_STM32.o
                0x0000000008001cb0                ADC_STM32::convCpltCallbackStatic(__ADC_HandleTypeDef*)
 .text._ZN9ADC_STM3216convCpltCallbackEv
                0x0000000008001ccc       0x10 ./Core/Src/Components/ADC_STM32.o
                0x0000000008001ccc                ADC_STM32::convCpltCallback()
 .text._Z41__static_initialization_and_destruction_0ii
                0x0000000008001cdc       0x48 ./Core/Src/Components/ADC_STM32.o
 .text._GLOBAL__sub_I_adcSingleton
                0x0000000008001d24       0x18 ./Core/Src/Components/ADC_STM32.o
 .text._GLOBAL__sub_D_adcSingleton
                0x0000000008001d3c       0x18 ./Core/Src/Components/ADC_STM32.o
 .text._ZN10BrushServoC2Ev
                0x0000000008001d54       0x30 ./Core/Src/Components/BrushServo.o
                0x0000000008001d54                BrushServo::BrushServo()
                0x0000000008001d54                BrushServo::BrushServo()
 .text._ZN10BrushServoD2Ev
                0x0000000008001d84       0x1c ./Core/Src/Components/BrushServo.o
                0x0000000008001d84                BrushServo::~BrushServo()
                0x0000000008001d84                BrushServo::~BrushServo()
 .text._ZN10BrushServoD0Ev
                0x0000000008001da0       0x28 ./Core/Src/Components/BrushServo.o
                0x0000000008001da0                BrushServo::~BrushServo()
 .text.__tcf_0  0x0000000008001dc8       0x14 ./Core/Src/Components/BrushServo.o
 .text._ZN10BrushServo11getInstanceEv
                0x0000000008001ddc       0x44 ./Core/Src/Components/BrushServo.o
                0x0000000008001ddc                BrushServo::getInstance()
 .text._ZN10BrushServo4initEv
                0x0000000008001e20       0x5c ./Core/Src/Components/BrushServo.o
                0x0000000008001e20                BrushServo::init()
 .text._ZN10BrushServo15controlCallbackEv
                0x0000000008001e7c      0x258 ./Core/Src/Components/BrushServo.o
                0x0000000008001e7c                BrushServo::controlCallback()
 .text._ZN10BrushServo24UartTxCpltCallbackStaticEP20__UART_HandleTypeDef
                0x00000000080020d4       0x1c ./Core/Src/Components/BrushServo.o
                0x00000000080020d4                BrushServo::UartTxCpltCallbackStatic(__UART_HandleTypeDef*)
 .text._ZN10BrushServo24UartRxCpltCallbackStaticEP20__UART_HandleTypeDef
                0x00000000080020f0       0x10 ./Core/Src/Components/BrushServo.o
                0x00000000080020f0                BrushServo::UartRxCpltCallbackStatic(__UART_HandleTypeDef*)
 .text._ZN10BrushServo25UartRxEventCallbackStaticEP20__UART_HandleTypeDeft
                0x0000000008002100       0x5e ./Core/Src/Components/BrushServo.o
                0x0000000008002100                BrushServo::UartRxEventCallbackStatic(__UART_HandleTypeDef*, unsigned short)
 .text._ZN10BrushServo23UartErrorCallbackStaticEP20__UART_HandleTypeDef
                0x000000000800215e       0x34 ./Core/Src/Components/BrushServo.o
                0x000000000800215e                BrushServo::UartErrorCallbackStatic(__UART_HandleTypeDef*)
 .text._ZN10BrushServo18UartTxCpltCallbackEv
                0x0000000008002192       0x10 ./Core/Src/Components/BrushServo.o
                0x0000000008002192                BrushServo::UartTxCpltCallback()
 *fill*         0x00000000080021a2        0x2 
 .text._ZN10BrushServo18UartRxCpltCallbackEv
                0x00000000080021a4       0xdc ./Core/Src/Components/BrushServo.o
                0x00000000080021a4                BrushServo::UartRxCpltCallback()
 .text._ZN10BrushServo8initUartEv
                0x0000000008002280       0x64 ./Core/Src/Components/BrushServo.o
                0x0000000008002280                BrushServo::initUart()
 .text._ZN10BrushServo11initControlEv
                0x00000000080022e4       0x50 ./Core/Src/Components/BrushServo.o
                0x00000000080022e4                BrushServo::initControl()
 .text._ZN10BrushServo7initRamEv
                0x0000000008002334      0x224 ./Core/Src/Components/BrushServo.o
                0x0000000008002334                BrushServo::initRam()
 .text._ZN10BrushServo16instructionWriteEv
                0x0000000008002558       0x52 ./Core/Src/Components/BrushServo.o
                0x0000000008002558                BrushServo::instructionWrite()
 *fill*         0x00000000080025aa        0x2 
 .text._Z41__static_initialization_and_destruction_0ii
                0x00000000080025ac       0xf0 ./Core/Src/Components/BrushServo.o
 .text._GLOBAL__sub_I_ina
                0x000000000800269c       0x18 ./Core/Src/Components/BrushServo.o
 .text._GLOBAL__sub_D_ina
                0x00000000080026b4       0x18 ./Core/Src/Components/BrushServo.o
 .text._ZN6INA1X9C2EP9ADC_STM32mff
                0x00000000080026cc       0x3c ./Core/Src/Components/INA1X9.o
                0x00000000080026cc                INA1X9::INA1X9(ADC_STM32*, unsigned long, float, float)
                0x00000000080026cc                INA1X9::INA1X9(ADC_STM32*, unsigned long, float, float)
 .text._ZN6INA1X9D2Ev
                0x0000000008002708       0x1c ./Core/Src/Components/INA1X9.o
                0x0000000008002708                INA1X9::~INA1X9()
                0x0000000008002708                INA1X9::~INA1X9()
 .text._ZN6INA1X9D0Ev
                0x0000000008002724       0x24 ./Core/Src/Components/INA1X9.o
                0x0000000008002724                INA1X9::~INA1X9()
 .text._ZN6INA1X94initEv
                0x0000000008002748       0x12 ./Core/Src/Components/INA1X9.o
                0x0000000008002748                INA1X9::init()
 *fill*         0x000000000800275a        0x2 
 .text._ZN12Motor_IR4427C2EP13PWM_Pin_STM32S1_
                0x000000000800275c       0x2c ./Core/Src/Components/Motor_IR4427.o
                0x000000000800275c                Motor_IR4427::Motor_IR4427(PWM_Pin_STM32*, PWM_Pin_STM32*)
                0x000000000800275c                Motor_IR4427::Motor_IR4427(PWM_Pin_STM32*, PWM_Pin_STM32*)
 .text._ZN12Motor_IR4427D2Ev
                0x0000000008002788       0x1c ./Core/Src/Components/Motor_IR4427.o
                0x0000000008002788                Motor_IR4427::~Motor_IR4427()
                0x0000000008002788                Motor_IR4427::~Motor_IR4427()
 .text._ZN12Motor_IR4427D0Ev
                0x00000000080027a4       0x24 ./Core/Src/Components/Motor_IR4427.o
                0x00000000080027a4                Motor_IR4427::~Motor_IR4427()
 .text._ZN12Motor_IR44274initEv
                0x00000000080027c8       0x26 ./Core/Src/Components/Motor_IR4427.o
                0x00000000080027c8                Motor_IR4427::init()
 .text._ZN12Motor_IR44278setPowerEf
                0x00000000080027ee       0x5c ./Core/Src/Components/Motor_IR4427.o
                0x00000000080027ee                Motor_IR4427::setPower(float)
 *fill*         0x000000000800284a        0x2 
 .text._ZN13PWM_Pin_STM32C2EP19__TIM_HandleTypeDefmb
                0x000000000800284c       0x3c ./Core/Src/Components/PWM_Pin_STM32.o
                0x000000000800284c                PWM_Pin_STM32::PWM_Pin_STM32(__TIM_HandleTypeDef*, unsigned long, bool)
                0x000000000800284c                PWM_Pin_STM32::PWM_Pin_STM32(__TIM_HandleTypeDef*, unsigned long, bool)
 .text._ZN13PWM_Pin_STM32D2Ev
                0x0000000008002888       0x1c ./Core/Src/Components/PWM_Pin_STM32.o
                0x0000000008002888                PWM_Pin_STM32::~PWM_Pin_STM32()
                0x0000000008002888                PWM_Pin_STM32::~PWM_Pin_STM32()
 .text._ZN13PWM_Pin_STM32D0Ev
                0x00000000080028a4       0x24 ./Core/Src/Components/PWM_Pin_STM32.o
                0x00000000080028a4                PWM_Pin_STM32::~PWM_Pin_STM32()
 .text._ZN13PWM_Pin_STM324initEv
                0x00000000080028c8      0x248 ./Core/Src/Components/PWM_Pin_STM32.o
                0x00000000080028c8                PWM_Pin_STM32::init()
 .text._ZN13PWM_Pin_STM328setCycleEf
                0x0000000008002b10       0x94 ./Core/Src/Components/PWM_Pin_STM32.o
                0x0000000008002b10                PWM_Pin_STM32::setCycle(float)
 .text._ZN13PotentiometerC2EP9ADC_STM32m
                0x0000000008002ba4       0x2c ./Core/Src/Components/Potentiometer.o
                0x0000000008002ba4                Potentiometer::Potentiometer(ADC_STM32*, unsigned long)
                0x0000000008002ba4                Potentiometer::Potentiometer(ADC_STM32*, unsigned long)
 .text._ZN13PotentiometerD2Ev
                0x0000000008002bd0       0x1c ./Core/Src/Components/Potentiometer.o
                0x0000000008002bd0                Potentiometer::~Potentiometer()
                0x0000000008002bd0                Potentiometer::~Potentiometer()
 .text._ZN13PotentiometerD0Ev
                0x0000000008002bec       0x24 ./Core/Src/Components/Potentiometer.o
                0x0000000008002bec                Potentiometer::~Potentiometer()
 .text._ZN13Potentiometer4initEv
                0x0000000008002c10       0x12 ./Core/Src/Components/Potentiometer.o
                0x0000000008002c10                Potentiometer::init()
 *fill*         0x0000000008002c22        0x2 
 .text._ZN13Potentiometer4readEv
                0x0000000008002c24       0x44 ./Core/Src/Components/Potentiometer.o
                0x0000000008002c24                Potentiometer::read()
 .text._ZN8VinMeterC2EP9ADC_STM32mff
                0x0000000008002c68       0x3c ./Core/Src/Components/VinMeter.o
                0x0000000008002c68                VinMeter::VinMeter(ADC_STM32*, unsigned long, float, float)
                0x0000000008002c68                VinMeter::VinMeter(ADC_STM32*, unsigned long, float, float)
 .text._ZN8VinMeterD2Ev
                0x0000000008002ca4       0x1c ./Core/Src/Components/VinMeter.o
                0x0000000008002ca4                VinMeter::~VinMeter()
                0x0000000008002ca4                VinMeter::~VinMeter()
 .text._ZN8VinMeterD0Ev
                0x0000000008002cc0       0x24 ./Core/Src/Components/VinMeter.o
                0x0000000008002cc0                VinMeter::~VinMeter()
 .text._ZN8VinMeter4initEv
                0x0000000008002ce4       0x12 ./Core/Src/Components/VinMeter.o
                0x0000000008002ce4                VinMeter::init()
 .text._Z12controlTimerP19__TIM_HandleTypeDef
                0x0000000008002cf6       0x40 ./Core/Src/Components/start.o
                0x0000000008002cf6                controlTimer(__TIM_HandleTypeDef*)
 *fill*         0x0000000008002d36        0x2 
 .text.start    0x0000000008002d38       0x48 ./Core/Src/Components/start.o
                0x0000000008002d38                start
 .text.main     0x0000000008002d80       0x3c ./Core/Src/main.o
                0x0000000008002d80                main
 .text.SystemClock_Config
                0x0000000008002dbc       0xbc ./Core/Src/main.o
                0x0000000008002dbc                SystemClock_Config
 .text.MX_ADC1_Init
                0x0000000008002e78      0x16c ./Core/Src/main.o
 .text.MX_LPUART1_UART_Init
                0x0000000008002fe4       0xac ./Core/Src/main.o
 .text.MX_TIM1_Init
                0x0000000008003090      0x1ac ./Core/Src/main.o
 .text.MX_TIM2_Init
                0x000000000800323c       0xa8 ./Core/Src/main.o
 .text.MX_TIM6_Init
                0x00000000080032e4       0x78 ./Core/Src/main.o
 .text.MX_DMA_Init
                0x000000000800335c       0x4c ./Core/Src/main.o
 .text.MX_GPIO_Init
                0x00000000080033a8       0xa4 ./Core/Src/main.o
 .text.HAL_TIM_PeriodElapsedCallback
                0x000000000800344c       0x24 ./Core/Src/main.o
                0x000000000800344c                HAL_TIM_PeriodElapsedCallback
 .text.Error_Handler
                0x0000000008003470        0xa ./Core/Src/main.o
                0x0000000008003470                Error_Handler
 *fill*         0x000000000800347a        0x2 
 .text.HAL_MspInit
                0x000000000800347c       0x48 ./Core/Src/stm32g0xx_hal_msp.o
                0x000000000800347c                HAL_MspInit
 .text.HAL_ADC_MspInit
                0x00000000080034c4       0xec ./Core/Src/stm32g0xx_hal_msp.o
                0x00000000080034c4                HAL_ADC_MspInit
 .text.HAL_UART_MspInit
                0x00000000080035b0      0x18c ./Core/Src/stm32g0xx_hal_msp.o
                0x00000000080035b0                HAL_UART_MspInit
 .text.HAL_TIM_Base_MspInit
                0x000000000800373c       0xcc ./Core/Src/stm32g0xx_hal_msp.o
                0x000000000800373c                HAL_TIM_Base_MspInit
 .text.HAL_TIM_MspPostInit
                0x0000000008003808       0xc4 ./Core/Src/stm32g0xx_hal_msp.o
                0x0000000008003808                HAL_TIM_MspPostInit
 .text.HAL_InitTick
                0x00000000080038cc      0x108 ./Core/Src/stm32g0xx_hal_timebase_tim.o
                0x00000000080038cc                HAL_InitTick
 .text.NMI_Handler
                0x00000000080039d4        0x6 ./Core/Src/stm32g0xx_it.o
                0x00000000080039d4                NMI_Handler
 .text.HardFault_Handler
                0x00000000080039da        0x6 ./Core/Src/stm32g0xx_it.o
                0x00000000080039da                HardFault_Handler
 .text.SVC_Handler
                0x00000000080039e0        0xa ./Core/Src/stm32g0xx_it.o
                0x00000000080039e0                SVC_Handler
 .text.PendSV_Handler
                0x00000000080039ea        0xa ./Core/Src/stm32g0xx_it.o
                0x00000000080039ea                PendSV_Handler
 .text.SysTick_Handler
                0x00000000080039f4        0xa ./Core/Src/stm32g0xx_it.o
                0x00000000080039f4                SysTick_Handler
 *fill*         0x00000000080039fe        0x2 
 .text.DMA1_Channel1_IRQHandler
                0x0000000008003a00       0x18 ./Core/Src/stm32g0xx_it.o
                0x0000000008003a00                DMA1_Channel1_IRQHandler
 .text.DMA1_Channel2_3_IRQHandler
                0x0000000008003a18       0x24 ./Core/Src/stm32g0xx_it.o
                0x0000000008003a18                DMA1_Channel2_3_IRQHandler
 .text.TIM6_DAC_LPTIM1_IRQHandler
                0x0000000008003a3c       0x18 ./Core/Src/stm32g0xx_it.o
                0x0000000008003a3c                TIM6_DAC_LPTIM1_IRQHandler
 .text.TIM7_LPTIM2_IRQHandler
                0x0000000008003a54       0x18 ./Core/Src/stm32g0xx_it.o
                0x0000000008003a54                TIM7_LPTIM2_IRQHandler
 .text.USART3_4_LPUART1_IRQHandler
                0x0000000008003a6c       0x18 ./Core/Src/stm32g0xx_it.o
                0x0000000008003a6c                USART3_4_LPUART1_IRQHandler
 .text._sbrk    0x0000000008003a84       0x6c ./Core/Src/sysmem.o
                0x0000000008003a84                _sbrk
 .text.SystemInit
                0x0000000008003af0        0xa ./Core/Src/system_stm32g0xx.o
                0x0000000008003af0                SystemInit
 *fill*         0x0000000008003afa        0x2 
 .text.Reset_Handler
                0x0000000008003afc       0x50 ./Core/Startup/startup_stm32g071cbtx.o
                0x0000000008003afc                Reset_Handler
 .text.Default_Handler
                0x0000000008003b4c        0x2 ./Core/Startup/startup_stm32g071cbtx.o
                0x0000000008003b4c                TIM1_CC_IRQHandler
                0x0000000008003b4c                ADC1_COMP_IRQHandler
                0x0000000008003b4c                PVD_IRQHandler
                0x0000000008003b4c                I2C1_IRQHandler
                0x0000000008003b4c                RTC_TAMP_IRQHandler
                0x0000000008003b4c                SPI1_IRQHandler
                0x0000000008003b4c                EXTI2_3_IRQHandler
                0x0000000008003b4c                I2C2_IRQHandler
                0x0000000008003b4c                TIM17_IRQHandler
                0x0000000008003b4c                TIM16_IRQHandler
                0x0000000008003b4c                TIM3_IRQHandler
                0x0000000008003b4c                EXTI4_15_IRQHandler
                0x0000000008003b4c                RCC_IRQHandler
                0x0000000008003b4c                Default_Handler
                0x0000000008003b4c                CEC_IRQHandler
                0x0000000008003b4c                TIM14_IRQHandler
                0x0000000008003b4c                TIM15_IRQHandler
                0x0000000008003b4c                EXTI0_1_IRQHandler
                0x0000000008003b4c                SPI2_IRQHandler
                0x0000000008003b4c                WWDG_IRQHandler
                0x0000000008003b4c                TIM2_IRQHandler
                0x0000000008003b4c                DMA1_Ch4_7_DMAMUX1_OVR_IRQHandler
                0x0000000008003b4c                UCPD1_2_IRQHandler
                0x0000000008003b4c                USART2_IRQHandler
                0x0000000008003b4c                FLASH_IRQHandler
                0x0000000008003b4c                USART1_IRQHandler
                0x0000000008003b4c                TIM1_BRK_UP_TRG_COM_IRQHandler
 *fill*         0x0000000008003b4e        0x2 
 .text.HAL_Init
                0x0000000008003b50       0x40 ./Drivers/STM32G0xx_HAL_Driver/Src/stm32g0xx_hal.o
                0x0000000008003b50                HAL_Init
 .text.HAL_IncTick
                0x0000000008003b90       0x24 ./Drivers/STM32G0xx_HAL_Driver/Src/stm32g0xx_hal.o
                0x0000000008003b90                HAL_IncTick
 .text.HAL_GetTick
                0x0000000008003bb4       0x14 ./Drivers/STM32G0xx_HAL_Driver/Src/stm32g0xx_hal.o
                0x0000000008003bb4                HAL_GetTick
 .text.LL_ADC_SetCommonPathInternalCh
                0x0000000008003bc8       0x28 ./Drivers/STM32G0xx_HAL_Driver/Src/stm32g0xx_hal_adc.o
 .text.LL_ADC_GetCommonPathInternalCh
                0x0000000008003bf0       0x1a ./Drivers/STM32G0xx_HAL_Driver/Src/stm32g0xx_hal_adc.o
 .text.LL_ADC_SetSamplingTimeCommonChannels
                0x0000000008003c0a       0x3a ./Drivers/STM32G0xx_HAL_Driver/Src/stm32g0xx_hal_adc.o
 .text.LL_ADC_GetSamplingTimeCommonChannels
                0x0000000008003c44       0x2e ./Drivers/STM32G0xx_HAL_Driver/Src/stm32g0xx_hal_adc.o
 .text.LL_ADC_REG_IsTriggerSourceSWStart
                0x0000000008003c72       0x22 ./Drivers/STM32G0xx_HAL_Driver/Src/stm32g0xx_hal_adc.o
 .text.LL_ADC_REG_SetSequencerRanks
                0x0000000008003c94       0x40 ./Drivers/STM32G0xx_HAL_Driver/Src/stm32g0xx_hal_adc.o
 .text.LL_ADC_REG_SetSequencerChAdd
                0x0000000008003cd4       0x22 ./Drivers/STM32G0xx_HAL_Driver/Src/stm32g0xx_hal_adc.o
 .text.LL_ADC_REG_SetSequencerChRem
                0x0000000008003cf6       0x24 ./Drivers/STM32G0xx_HAL_Driver/Src/stm32g0xx_hal_adc.o
 *fill*         0x0000000008003d1a        0x2 
 .text.LL_ADC_SetChannelSamplingTime
                0x0000000008003d1c       0x38 ./Drivers/STM32G0xx_HAL_Driver/Src/stm32g0xx_hal_adc.o
 .text.LL_ADC_EnableInternalRegulator
                0x0000000008003d54       0x28 ./Drivers/STM32G0xx_HAL_Driver/Src/stm32g0xx_hal_adc.o
 .text.LL_ADC_IsInternalRegulatorEnabled
                0x0000000008003d7c       0x28 ./Drivers/STM32G0xx_HAL_Driver/Src/stm32g0xx_hal_adc.o
 .text.LL_ADC_Enable
                0x0000000008003da4       0x24 ./Drivers/STM32G0xx_HAL_Driver/Src/stm32g0xx_hal_adc.o
 .text.LL_ADC_Disable
                0x0000000008003dc8       0x24 ./Drivers/STM32G0xx_HAL_Driver/Src/stm32g0xx_hal_adc.o
 .text.LL_ADC_IsEnabled
                0x0000000008003dec       0x22 ./Drivers/STM32G0xx_HAL_Driver/Src/stm32g0xx_hal_adc.o
 *fill*         0x0000000008003e0e        0x2 
 .text.LL_ADC_REG_StartConversion
                0x0000000008003e10       0x24 ./Drivers/STM32G0xx_HAL_Driver/Src/stm32g0xx_hal_adc.o
 .text.LL_ADC_REG_IsConversionOngoing
                0x0000000008003e34       0x22 ./Drivers/STM32G0xx_HAL_Driver/Src/stm32g0xx_hal_adc.o
 *fill*         0x0000000008003e56        0x2 
 .text.HAL_ADC_Init
                0x0000000008003e58      0x3b0 ./Drivers/STM32G0xx_HAL_Driver/Src/stm32g0xx_hal_adc.o
                0x0000000008003e58                HAL_ADC_Init
 .text.HAL_ADC_Start_DMA
                0x0000000008004208      0x11c ./Drivers/STM32G0xx_HAL_Driver/Src/stm32g0xx_hal_adc.o
                0x0000000008004208                HAL_ADC_Start_DMA
 .text.HAL_ADC_ConvCpltCallback
                0x0000000008004324       0x10 ./Drivers/STM32G0xx_HAL_Driver/Src/stm32g0xx_hal_adc.o
                0x0000000008004324                HAL_ADC_ConvCpltCallback
 .text.HAL_ADC_ConvHalfCpltCallback
                0x0000000008004334       0x10 ./Drivers/STM32G0xx_HAL_Driver/Src/stm32g0xx_hal_adc.o
                0x0000000008004334                HAL_ADC_ConvHalfCpltCallback
 .text.HAL_ADC_LevelOutOfWindowCallback
                0x0000000008004344       0x10 ./Drivers/STM32G0xx_HAL_Driver/Src/stm32g0xx_hal_adc.o
                0x0000000008004344                HAL_ADC_LevelOutOfWindowCallback
 .text.HAL_ADC_ErrorCallback
                0x0000000008004354       0x10 ./Drivers/STM32G0xx_HAL_Driver/Src/stm32g0xx_hal_adc.o
                0x0000000008004354                HAL_ADC_ErrorCallback
 .text.HAL_ADC_ConfigChannel
                0x0000000008004364      0x3b0 ./Drivers/STM32G0xx_HAL_Driver/Src/stm32g0xx_hal_adc.o
                0x0000000008004364                HAL_ADC_ConfigChannel
 .text.ADC_Enable
                0x0000000008004714      0x10c ./Drivers/STM32G0xx_HAL_Driver/Src/stm32g0xx_hal_adc.o
                0x0000000008004714                ADC_Enable
 .text.ADC_DMAConvCplt
                0x0000000008004820       0xcc ./Drivers/STM32G0xx_HAL_Driver/Src/stm32g0xx_hal_adc.o
 .text.ADC_DMAHalfConvCplt
                0x00000000080048ec       0x20 ./Drivers/STM32G0xx_HAL_Driver/Src/stm32g0xx_hal_adc.o
 .text.ADC_DMAError
                0x000000000800490c       0x38 ./Drivers/STM32G0xx_HAL_Driver/Src/stm32g0xx_hal_adc.o
 .text.HAL_ADCEx_LevelOutOfWindow2Callback
                0x0000000008004944       0x10 ./Drivers/STM32G0xx_HAL_Driver/Src/stm32g0xx_hal_adc_ex.o
                0x0000000008004944                HAL_ADCEx_LevelOutOfWindow2Callback
 .text.HAL_ADCEx_LevelOutOfWindow3Callback
                0x0000000008004954       0x10 ./Drivers/STM32G0xx_HAL_Driver/Src/stm32g0xx_hal_adc_ex.o
                0x0000000008004954                HAL_ADCEx_LevelOutOfWindow3Callback
 .text.HAL_ADCEx_EndOfSamplingCallback
                0x0000000008004964       0x10 ./Drivers/STM32G0xx_HAL_Driver/Src/stm32g0xx_hal_adc_ex.o
                0x0000000008004964                HAL_ADCEx_EndOfSamplingCallback
 .text.__NVIC_EnableIRQ
                0x0000000008004974       0x34 ./Drivers/STM32G0xx_HAL_Driver/Src/stm32g0xx_hal_cortex.o
 .text.__NVIC_SetPriority
                0x00000000080049a8       0xdc ./Drivers/STM32G0xx_HAL_Driver/Src/stm32g0xx_hal_cortex.o
 .text.HAL_NVIC_SetPriority
                0x0000000008004a84       0x2a ./Drivers/STM32G0xx_HAL_Driver/Src/stm32g0xx_hal_cortex.o
                0x0000000008004a84                HAL_NVIC_SetPriority
 .text.HAL_NVIC_EnableIRQ
                0x0000000008004aae       0x20 ./Drivers/STM32G0xx_HAL_Driver/Src/stm32g0xx_hal_cortex.o
                0x0000000008004aae                HAL_NVIC_EnableIRQ
 *fill*         0x0000000008004ace        0x2 
 .text.HAL_DMA_Init
                0x0000000008004ad0      0x114 ./Drivers/STM32G0xx_HAL_Driver/Src/stm32g0xx_hal_dma.o
                0x0000000008004ad0                HAL_DMA_Init
 .text.HAL_DMA_Start_IT
                0x0000000008004be4      0x10c ./Drivers/STM32G0xx_HAL_Driver/Src/stm32g0xx_hal_dma.o
                0x0000000008004be4                HAL_DMA_Start_IT
 .text.HAL_DMA_Abort
                0x0000000008004cf0       0xc4 ./Drivers/STM32G0xx_HAL_Driver/Src/stm32g0xx_hal_dma.o
                0x0000000008004cf0                HAL_DMA_Abort
 .text.HAL_DMA_Abort_IT
                0x0000000008004db4       0xd4 ./Drivers/STM32G0xx_HAL_Driver/Src/stm32g0xx_hal_dma.o
                0x0000000008004db4                HAL_DMA_Abort_IT
 .text.HAL_DMA_IRQHandler
                0x0000000008004e88      0x164 ./Drivers/STM32G0xx_HAL_Driver/Src/stm32g0xx_hal_dma.o
                0x0000000008004e88                HAL_DMA_IRQHandler
 .text.DMA_SetConfig
                0x0000000008004fec       0x80 ./Drivers/STM32G0xx_HAL_Driver/Src/stm32g0xx_hal_dma.o
 .text.DMA_CalcDMAMUXChannelBaseAndMask
                0x000000000800506c       0x58 ./Drivers/STM32G0xx_HAL_Driver/Src/stm32g0xx_hal_dma.o
 .text.DMA_CalcDMAMUXRequestGenBaseAndMask
                0x00000000080050c4       0x48 ./Drivers/STM32G0xx_HAL_Driver/Src/stm32g0xx_hal_dma.o
 .text.HAL_GPIO_Init
                0x000000000800510c      0x2c8 ./Drivers/STM32G0xx_HAL_Driver/Src/stm32g0xx_hal_gpio.o
                0x000000000800510c                HAL_GPIO_Init
 .text.HAL_GPIO_WritePin
                0x00000000080053d4       0x3a ./Drivers/STM32G0xx_HAL_Driver/Src/stm32g0xx_hal_gpio.o
                0x00000000080053d4                HAL_GPIO_WritePin
 *fill*         0x000000000800540e        0x2 
 .text.HAL_PWREx_ControlVoltageScaling
                0x0000000008005410       0x80 ./Drivers/STM32G0xx_HAL_Driver/Src/stm32g0xx_hal_pwr_ex.o
                0x0000000008005410                HAL_PWREx_ControlVoltageScaling
 .text.LL_RCC_GetAPB1Prescaler
                0x0000000008005490       0x18 ./Drivers/STM32G0xx_HAL_Driver/Src/stm32g0xx_hal_rcc.o
 .text.HAL_RCC_OscConfig
                0x00000000080054a8      0x634 ./Drivers/STM32G0xx_HAL_Driver/Src/stm32g0xx_hal_rcc.o
                0x00000000080054a8                HAL_RCC_OscConfig
 .text.HAL_RCC_ClockConfig
                0x0000000008005adc      0x210 ./Drivers/STM32G0xx_HAL_Driver/Src/stm32g0xx_hal_rcc.o
                0x0000000008005adc                HAL_RCC_ClockConfig
 .text.HAL_RCC_GetSysClockFreq
                0x0000000008005cec      0x104 ./Drivers/STM32G0xx_HAL_Driver/Src/stm32g0xx_hal_rcc.o
                0x0000000008005cec                HAL_RCC_GetSysClockFreq
 .text.HAL_RCC_GetHCLKFreq
                0x0000000008005df0       0x14 ./Drivers/STM32G0xx_HAL_Driver/Src/stm32g0xx_hal_rcc.o
                0x0000000008005df0                HAL_RCC_GetHCLKFreq
 .text.HAL_RCC_GetPCLK1Freq
                0x0000000008005e04       0x2c ./Drivers/STM32G0xx_HAL_Driver/Src/stm32g0xx_hal_rcc.o
                0x0000000008005e04                HAL_RCC_GetPCLK1Freq
 .text.HAL_RCC_GetClockConfig
                0x0000000008005e30       0x54 ./Drivers/STM32G0xx_HAL_Driver/Src/stm32g0xx_hal_rcc.o
                0x0000000008005e30                HAL_RCC_GetClockConfig
 .text.HAL_RCCEx_PeriphCLKConfig
                0x0000000008005e84      0x370 ./Drivers/STM32G0xx_HAL_Driver/Src/stm32g0xx_hal_rcc_ex.o
                0x0000000008005e84                HAL_RCCEx_PeriphCLKConfig
 .text.HAL_TIM_Base_Init
                0x00000000080061f4       0xcc ./Drivers/STM32G0xx_HAL_Driver/Src/stm32g0xx_hal_tim.o
                0x00000000080061f4                HAL_TIM_Base_Init
 .text.HAL_TIM_Base_Start
                0x00000000080062c0       0xa8 ./Drivers/STM32G0xx_HAL_Driver/Src/stm32g0xx_hal_tim.o
                0x00000000080062c0                HAL_TIM_Base_Start
 .text.HAL_TIM_Base_Start_IT
                0x0000000008006368       0xb8 ./Drivers/STM32G0xx_HAL_Driver/Src/stm32g0xx_hal_tim.o
                0x0000000008006368                HAL_TIM_Base_Start_IT
 .text.HAL_TIM_PWM_Init
                0x0000000008006420       0xcc ./Drivers/STM32G0xx_HAL_Driver/Src/stm32g0xx_hal_tim.o
                0x0000000008006420                HAL_TIM_PWM_Init
 .text.HAL_TIM_PWM_MspInit
                0x00000000080064ec       0x10 ./Drivers/STM32G0xx_HAL_Driver/Src/stm32g0xx_hal_tim.o
                0x00000000080064ec                HAL_TIM_PWM_MspInit
 .text.HAL_TIM_PWM_Start
                0x00000000080064fc      0x1d4 ./Drivers/STM32G0xx_HAL_Driver/Src/stm32g0xx_hal_tim.o
                0x00000000080064fc                HAL_TIM_PWM_Start
 .text.HAL_TIM_IRQHandler
                0x00000000080066d0      0x2a8 ./Drivers/STM32G0xx_HAL_Driver/Src/stm32g0xx_hal_tim.o
                0x00000000080066d0                HAL_TIM_IRQHandler
 .text.HAL_TIM_PWM_ConfigChannel
                0x0000000008006978      0x200 ./Drivers/STM32G0xx_HAL_Driver/Src/stm32g0xx_hal_tim.o
                0x0000000008006978                HAL_TIM_PWM_ConfigChannel
 .text.HAL_TIM_ConfigClockSource
                0x0000000008006b78      0x1ac ./Drivers/STM32G0xx_HAL_Driver/Src/stm32g0xx_hal_tim.o
                0x0000000008006b78                HAL_TIM_ConfigClockSource
 .text.HAL_TIM_PeriodElapsedHalfCpltCallback
                0x0000000008006d24       0x10 ./Drivers/STM32G0xx_HAL_Driver/Src/stm32g0xx_hal_tim.o
                0x0000000008006d24                HAL_TIM_PeriodElapsedHalfCpltCallback
 .text.HAL_TIM_OC_DelayElapsedCallback
                0x0000000008006d34       0x10 ./Drivers/STM32G0xx_HAL_Driver/Src/stm32g0xx_hal_tim.o
                0x0000000008006d34                HAL_TIM_OC_DelayElapsedCallback
 .text.HAL_TIM_IC_CaptureCallback
                0x0000000008006d44       0x10 ./Drivers/STM32G0xx_HAL_Driver/Src/stm32g0xx_hal_tim.o
                0x0000000008006d44                HAL_TIM_IC_CaptureCallback
 .text.HAL_TIM_IC_CaptureHalfCpltCallback
                0x0000000008006d54       0x10 ./Drivers/STM32G0xx_HAL_Driver/Src/stm32g0xx_hal_tim.o
                0x0000000008006d54                HAL_TIM_IC_CaptureHalfCpltCallback
 .text.HAL_TIM_PWM_PulseFinishedCallback
                0x0000000008006d64       0x10 ./Drivers/STM32G0xx_HAL_Driver/Src/stm32g0xx_hal_tim.o
                0x0000000008006d64                HAL_TIM_PWM_PulseFinishedCallback
 .text.HAL_TIM_PWM_PulseFinishedHalfCpltCallback
                0x0000000008006d74       0x10 ./Drivers/STM32G0xx_HAL_Driver/Src/stm32g0xx_hal_tim.o
                0x0000000008006d74                HAL_TIM_PWM_PulseFinishedHalfCpltCallback
 .text.HAL_TIM_TriggerCallback
                0x0000000008006d84       0x10 ./Drivers/STM32G0xx_HAL_Driver/Src/stm32g0xx_hal_tim.o
                0x0000000008006d84                HAL_TIM_TriggerCallback
 .text.HAL_TIM_TriggerHalfCpltCallback
                0x0000000008006d94       0x10 ./Drivers/STM32G0xx_HAL_Driver/Src/stm32g0xx_hal_tim.o
                0x0000000008006d94                HAL_TIM_TriggerHalfCpltCallback
 .text.HAL_TIM_ErrorCallback
                0x0000000008006da4       0x10 ./Drivers/STM32G0xx_HAL_Driver/Src/stm32g0xx_hal_tim.o
                0x0000000008006da4                HAL_TIM_ErrorCallback
 .text.TIM_Base_SetConfig
                0x0000000008006db4      0x100 ./Drivers/STM32G0xx_HAL_Driver/Src/stm32g0xx_hal_tim.o
                0x0000000008006db4                TIM_Base_SetConfig
 .text.TIM_OC1_SetConfig
                0x0000000008006eb4      0x114 ./Drivers/STM32G0xx_HAL_Driver/Src/stm32g0xx_hal_tim.o
 .text.TIM_OC2_SetConfig
                0x0000000008006fc8      0x108 ./Drivers/STM32G0xx_HAL_Driver/Src/stm32g0xx_hal_tim.o
                0x0000000008006fc8                TIM_OC2_SetConfig
 .text.TIM_OC3_SetConfig
                0x00000000080070d0      0x110 ./Drivers/STM32G0xx_HAL_Driver/Src/stm32g0xx_hal_tim.o
 .text.TIM_OC4_SetConfig
                0x00000000080071e0       0xd4 ./Drivers/STM32G0xx_HAL_Driver/Src/stm32g0xx_hal_tim.o
 .text.TIM_OC5_SetConfig
                0x00000000080072b4       0xc0 ./Drivers/STM32G0xx_HAL_Driver/Src/stm32g0xx_hal_tim.o
 .text.TIM_OC6_SetConfig
                0x0000000008007374       0xc8 ./Drivers/STM32G0xx_HAL_Driver/Src/stm32g0xx_hal_tim.o
 .text.TIM_TI1_ConfigInputStage
                0x000000000800743c       0x5c ./Drivers/STM32G0xx_HAL_Driver/Src/stm32g0xx_hal_tim.o
 .text.TIM_TI2_ConfigInputStage
                0x0000000008007498       0x64 ./Drivers/STM32G0xx_HAL_Driver/Src/stm32g0xx_hal_tim.o
 .text.TIM_ITRx_SetConfig
                0x00000000080074fc       0x38 ./Drivers/STM32G0xx_HAL_Driver/Src/stm32g0xx_hal_tim.o
 .text.TIM_ETR_SetConfig
                0x0000000008007534       0x40 ./Drivers/STM32G0xx_HAL_Driver/Src/stm32g0xx_hal_tim.o
                0x0000000008007534                TIM_ETR_SetConfig
 .text.TIM_CCxChannelCmd
                0x0000000008007574       0x46 ./Drivers/STM32G0xx_HAL_Driver/Src/stm32g0xx_hal_tim.o
                0x0000000008007574                TIM_CCxChannelCmd
 *fill*         0x00000000080075ba        0x2 
 .text.TIM_ResetCallback
                0x00000000080075bc       0xb8 ./Drivers/STM32G0xx_HAL_Driver/Src/stm32g0xx_hal_tim.o
                0x00000000080075bc                TIM_ResetCallback
 .text.HAL_TIMEx_PWMN_Start
                0x0000000008007674      0x148 ./Drivers/STM32G0xx_HAL_Driver/Src/stm32g0xx_hal_tim_ex.o
                0x0000000008007674                HAL_TIMEx_PWMN_Start
 .text.HAL_TIMEx_MasterConfigSynchronization
                0x00000000080077bc       0xdc ./Drivers/STM32G0xx_HAL_Driver/Src/stm32g0xx_hal_tim_ex.o
                0x00000000080077bc                HAL_TIMEx_MasterConfigSynchronization
 .text.HAL_TIMEx_ConfigBreakDeadTime
                0x0000000008007898      0x14c ./Drivers/STM32G0xx_HAL_Driver/Src/stm32g0xx_hal_tim_ex.o
                0x0000000008007898                HAL_TIMEx_ConfigBreakDeadTime
 .text.HAL_TIMEx_CommutCallback
                0x00000000080079e4       0x10 ./Drivers/STM32G0xx_HAL_Driver/Src/stm32g0xx_hal_tim_ex.o
                0x00000000080079e4                HAL_TIMEx_CommutCallback
 .text.HAL_TIMEx_CommutHalfCpltCallback
                0x00000000080079f4       0x10 ./Drivers/STM32G0xx_HAL_Driver/Src/stm32g0xx_hal_tim_ex.o
                0x00000000080079f4                HAL_TIMEx_CommutHalfCpltCallback
 .text.HAL_TIMEx_BreakCallback
                0x0000000008007a04       0x10 ./Drivers/STM32G0xx_HAL_Driver/Src/stm32g0xx_hal_tim_ex.o
                0x0000000008007a04                HAL_TIMEx_BreakCallback
 .text.HAL_TIMEx_Break2Callback
                0x0000000008007a14       0x10 ./Drivers/STM32G0xx_HAL_Driver/Src/stm32g0xx_hal_tim_ex.o
                0x0000000008007a14                HAL_TIMEx_Break2Callback
 .text.TIM_CCxNChannelCmd
                0x0000000008007a24       0x46 ./Drivers/STM32G0xx_HAL_Driver/Src/stm32g0xx_hal_tim_ex.o
 *fill*         0x0000000008007a6a        0x2 
 .text.HAL_HalfDuplex_Init
                0x0000000008007a6c       0xe0 ./Drivers/STM32G0xx_HAL_Driver/Src/stm32g0xx_hal_uart.o
                0x0000000008007a6c                HAL_HalfDuplex_Init
 .text.HAL_UART_IRQHandler
                0x0000000008007b4c      0x668 ./Drivers/STM32G0xx_HAL_Driver/Src/stm32g0xx_hal_uart.o
                0x0000000008007b4c                HAL_UART_IRQHandler
 .text.HAL_UART_TxCpltCallback
                0x00000000080081b4       0x10 ./Drivers/STM32G0xx_HAL_Driver/Src/stm32g0xx_hal_uart.o
                0x00000000080081b4                HAL_UART_TxCpltCallback
 .text.HAL_UART_TxHalfCpltCallback
                0x00000000080081c4       0x10 ./Drivers/STM32G0xx_HAL_Driver/Src/stm32g0xx_hal_uart.o
                0x00000000080081c4                HAL_UART_TxHalfCpltCallback
 .text.HAL_UART_RxCpltCallback
                0x00000000080081d4       0x10 ./Drivers/STM32G0xx_HAL_Driver/Src/stm32g0xx_hal_uart.o
                0x00000000080081d4                HAL_UART_RxCpltCallback
 .text.HAL_UART_RxHalfCpltCallback
                0x00000000080081e4       0x10 ./Drivers/STM32G0xx_HAL_Driver/Src/stm32g0xx_hal_uart.o
                0x00000000080081e4                HAL_UART_RxHalfCpltCallback
 .text.HAL_UART_ErrorCallback
                0x00000000080081f4       0x10 ./Drivers/STM32G0xx_HAL_Driver/Src/stm32g0xx_hal_uart.o
                0x00000000080081f4                HAL_UART_ErrorCallback
 .text.HAL_UART_AbortCpltCallback
                0x0000000008008204       0x10 ./Drivers/STM32G0xx_HAL_Driver/Src/stm32g0xx_hal_uart.o
                0x0000000008008204                HAL_UART_AbortCpltCallback
 .text.HAL_UART_AbortTransmitCpltCallback
                0x0000000008008214       0x10 ./Drivers/STM32G0xx_HAL_Driver/Src/stm32g0xx_hal_uart.o
                0x0000000008008214                HAL_UART_AbortTransmitCpltCallback
 .text.HAL_UART_AbortReceiveCpltCallback
                0x0000000008008224       0x10 ./Drivers/STM32G0xx_HAL_Driver/Src/stm32g0xx_hal_uart.o
                0x0000000008008224                HAL_UART_AbortReceiveCpltCallback
 .text.HAL_UARTEx_RxEventCallback
                0x0000000008008234       0x16 ./Drivers/STM32G0xx_HAL_Driver/Src/stm32g0xx_hal_uart.o
                0x0000000008008234                HAL_UARTEx_RxEventCallback
 .text.HAL_HalfDuplex_EnableReceiver
                0x000000000800824a       0xa4 ./Drivers/STM32G0xx_HAL_Driver/Src/stm32g0xx_hal_uart.o
                0x000000000800824a                HAL_HalfDuplex_EnableReceiver
 *fill*         0x00000000080082ee        0x2 
 .text.UART_InitCallbacksToDefault
                0x00000000080082f0       0xa0 ./Drivers/STM32G0xx_HAL_Driver/Src/stm32g0xx_hal_uart.o
                0x00000000080082f0                UART_InitCallbacksToDefault
 .text.UART_SetConfig
                0x0000000008008390      0x57c ./Drivers/STM32G0xx_HAL_Driver/Src/stm32g0xx_hal_uart.o
                0x0000000008008390                UART_SetConfig
 .text.UART_AdvFeatureConfig
                0x000000000800890c      0x168 ./Drivers/STM32G0xx_HAL_Driver/Src/stm32g0xx_hal_uart.o
                0x000000000800890c                UART_AdvFeatureConfig
 .text.UART_CheckIdleState
                0x0000000008008a74       0x9c ./Drivers/STM32G0xx_HAL_Driver/Src/stm32g0xx_hal_uart.o
                0x0000000008008a74                UART_CheckIdleState
 .text.UART_WaitOnFlagUntilTimeout
                0x0000000008008b10      0x190 ./Drivers/STM32G0xx_HAL_Driver/Src/stm32g0xx_hal_uart.o
                0x0000000008008b10                UART_WaitOnFlagUntilTimeout
 .text.UART_Start_Receive_DMA
                0x0000000008008ca0      0x14c ./Drivers/STM32G0xx_HAL_Driver/Src/stm32g0xx_hal_uart.o
                0x0000000008008ca0                UART_Start_Receive_DMA
 .text.UART_EndTxTransfer
                0x0000000008008dec       0x80 ./Drivers/STM32G0xx_HAL_Driver/Src/stm32g0xx_hal_uart.o
 .text.UART_EndRxTransfer
                0x0000000008008e6c       0xcc ./Drivers/STM32G0xx_HAL_Driver/Src/stm32g0xx_hal_uart.o
 .text.UART_DMAReceiveCplt
                0x0000000008008f38      0x134 ./Drivers/STM32G0xx_HAL_Driver/Src/stm32g0xx_hal_uart.o
 .text.UART_DMARxHalfCplt
                0x000000000800906c       0x48 ./Drivers/STM32G0xx_HAL_Driver/Src/stm32g0xx_hal_uart.o
 .text.UART_DMAError
                0x00000000080090b4       0x8a ./Drivers/STM32G0xx_HAL_Driver/Src/stm32g0xx_hal_uart.o
 .text.UART_DMAAbortOnError
                0x000000000800913e       0x32 ./Drivers/STM32G0xx_HAL_Driver/Src/stm32g0xx_hal_uart.o
 .text.UART_EndTransmit_IT
                0x0000000008009170       0x5c ./Drivers/STM32G0xx_HAL_Driver/Src/stm32g0xx_hal_uart.o
 .text.HAL_UARTEx_WakeupCallback
                0x00000000080091cc       0x10 ./Drivers/STM32G0xx_HAL_Driver/Src/stm32g0xx_hal_uart_ex.o
                0x00000000080091cc                HAL_UARTEx_WakeupCallback
 .text.HAL_UARTEx_RxFifoFullCallback
                0x00000000080091dc       0x10 ./Drivers/STM32G0xx_HAL_Driver/Src/stm32g0xx_hal_uart_ex.o
                0x00000000080091dc                HAL_UARTEx_RxFifoFullCallback
 .text.HAL_UARTEx_TxFifoEmptyCallback
                0x00000000080091ec       0x10 ./Drivers/STM32G0xx_HAL_Driver/Src/stm32g0xx_hal_uart_ex.o
                0x00000000080091ec                HAL_UARTEx_TxFifoEmptyCallback
 .text.HAL_UARTEx_DisableFifoMode
                0x00000000080091fc       0x74 ./Drivers/STM32G0xx_HAL_Driver/Src/stm32g0xx_hal_uart_ex.o
                0x00000000080091fc                HAL_UARTEx_DisableFifoMode
 .text.HAL_UARTEx_SetTxFifoThreshold
                0x0000000008009270       0x7e ./Drivers/STM32G0xx_HAL_Driver/Src/stm32g0xx_hal_uart_ex.o
                0x0000000008009270                HAL_UARTEx_SetTxFifoThreshold
 *fill*         0x00000000080092ee        0x2 
 .text.HAL_UARTEx_SetRxFifoThreshold
                0x00000000080092f0       0x84 ./Drivers/STM32G0xx_HAL_Driver/Src/stm32g0xx_hal_uart_ex.o
                0x00000000080092f0                HAL_UARTEx_SetRxFifoThreshold
 .text.HAL_UARTEx_ReceiveToIdle_DMA
                0x0000000008009374       0xd0 ./Drivers/STM32G0xx_HAL_Driver/Src/stm32g0xx_hal_uart_ex.o
                0x0000000008009374                HAL_UARTEx_ReceiveToIdle_DMA
 .text.UARTEx_SetNbDataToProcess
                0x0000000008009444       0xbc ./Drivers/STM32G0xx_HAL_Driver/Src/stm32g0xx_hal_uart_ex.o
 .text._ZdlPvj  0x0000000008009500        0x8 C:/ST/STM32CubeIDE_1.13.0/STM32CubeIDE/plugins/com.st.stm32cube.ide.mcu.externaltools.gnu-tools-for-stm32.11.3.rel1.win32_1.1.0.202305231506/tools/bin/../lib/gcc/arm-none-eabi/11.3.1/../../../../arm-none-eabi/lib/thumb/v6-m/nofp\libstdc++_nano.a(del_ops.o)
                0x0000000008009500                operator delete(void*, unsigned int)
 .text.__cxa_guard_acquire
                0x0000000008009508       0x1a C:/ST/STM32CubeIDE_1.13.0/STM32CubeIDE/plugins/com.st.stm32cube.ide.mcu.externaltools.gnu-tools-for-stm32.11.3.rel1.win32_1.1.0.202305231506/tools/bin/../lib/gcc/arm-none-eabi/11.3.1/../../../../arm-none-eabi/lib/thumb/v6-m/nofp\libstdc++_nano.a(guard.o)
                0x0000000008009508                __cxa_guard_acquire
 .text.__cxa_guard_release
                0x0000000008009522        0x6 C:/ST/STM32CubeIDE_1.13.0/STM32CubeIDE/plugins/com.st.stm32cube.ide.mcu.externaltools.gnu-tools-for-stm32.11.3.rel1.win32_1.1.0.202305231506/tools/bin/../lib/gcc/arm-none-eabi/11.3.1/../../../../arm-none-eabi/lib/thumb/v6-m/nofp\libstdc++_nano.a(guard.o)
                0x0000000008009522                __cxa_guard_release
 .text._ZdlPv   0x0000000008009528        0x8 C:/ST/STM32CubeIDE_1.13.0/STM32CubeIDE/plugins/com.st.stm32cube.ide.mcu.externaltools.gnu-tools-for-stm32.11.3.rel1.win32_1.1.0.202305231506/tools/bin/../lib/gcc/arm-none-eabi/11.3.1/../../../../arm-none-eabi/lib/thumb/v6-m/nofp\libstdc++_nano.a(del_op.o)
                0x0000000008009528                operator delete(void*)
 .text.atexit   0x0000000008009530       0x10 C:/ST/STM32CubeIDE_1.13.0/STM32CubeIDE/plugins/com.st.stm32cube.ide.mcu.externaltools.gnu-tools-for-stm32.11.3.rel1.win32_1.1.0.202305231506/tools/bin/../lib/gcc/arm-none-eabi/11.3.1/../../../../arm-none-eabi/lib/thumb/v6-m/nofp\libc_nano.a(libc_a-atexit.o)
                0x0000000008009530                atexit
 .text.malloc   0x0000000008009540       0x14 C:/ST/STM32CubeIDE_1.13.0/STM32CubeIDE/plugins/com.st.stm32cube.ide.mcu.externaltools.gnu-tools-for-stm32.11.3.rel1.win32_1.1.0.202305231506/tools/bin/../lib/gcc/arm-none-eabi/11.3.1/../../../../arm-none-eabi/lib/thumb/v6-m/nofp\libc_nano.a(libc_a-malloc.o)
                0x0000000008009540                malloc
 .text.free     0x0000000008009554       0x14 C:/ST/STM32CubeIDE_1.13.0/STM32CubeIDE/plugins/com.st.stm32cube.ide.mcu.externaltools.gnu-tools-for-stm32.11.3.rel1.win32_1.1.0.202305231506/tools/bin/../lib/gcc/arm-none-eabi/11.3.1/../../../../arm-none-eabi/lib/thumb/v6-m/nofp\libc_nano.a(libc_a-malloc.o)
                0x0000000008009554                free
 .text.sbrk_aligned
                0x0000000008009568       0x44 C:/ST/STM32CubeIDE_1.13.0/STM32CubeIDE/plugins/com.st.stm32cube.ide.mcu.externaltools.gnu-tools-for-stm32.11.3.rel1.win32_1.1.0.202305231506/tools/bin/../lib/gcc/arm-none-eabi/11.3.1/../../../../arm-none-eabi/lib/thumb/v6-m/nofp\libc_nano.a(libc_a-mallocr.o)
 .text._malloc_r
                0x00000000080095ac      0x104 C:/ST/STM32CubeIDE_1.13.0/STM32CubeIDE/plugins/com.st.stm32cube.ide.mcu.externaltools.gnu-tools-for-stm32.11.3.rel1.win32_1.1.0.202305231506/tools/bin/../lib/gcc/arm-none-eabi/11.3.1/../../../../arm-none-eabi/lib/thumb/v6-m/nofp\libc_nano.a(libc_a-mallocr.o)
                0x00000000080095ac                _malloc_r
 .text.__malloc_lock
                0x00000000080096b0       0x10 C:/ST/STM32CubeIDE_1.13.0/STM32CubeIDE/plugins/com.st.stm32cube.ide.mcu.externaltools.gnu-tools-for-stm32.11.3.rel1.win32_1.1.0.202305231506/tools/bin/../lib/gcc/arm-none-eabi/11.3.1/../../../../arm-none-eabi/lib/thumb/v6-m/nofp\libc_nano.a(libc_a-mlock.o)
                0x00000000080096b0                __malloc_lock
 .text.__malloc_unlock
                0x00000000080096c0       0x10 C:/ST/STM32CubeIDE_1.13.0/STM32CubeIDE/plugins/com.st.stm32cube.ide.mcu.externaltools.gnu-tools-for-stm32.11.3.rel1.win32_1.1.0.202305231506/tools/bin/../lib/gcc/arm-none-eabi/11.3.1/../../../../arm-none-eabi/lib/thumb/v6-m/nofp\libc_nano.a(libc_a-mlock.o)
                0x00000000080096c0                __malloc_unlock
 .text.memset   0x00000000080096d0       0x10 C:/ST/STM32CubeIDE_1.13.0/STM32CubeIDE/plugins/com.st.stm32cube.ide.mcu.externaltools.gnu-tools-for-stm32.11.3.rel1.win32_1.1.0.202305231506/tools/bin/../lib/gcc/arm-none-eabi/11.3.1/../../../../arm-none-eabi/lib/thumb/v6-m/nofp\libc_nano.a(libc_a-memset.o)
                0x00000000080096d0                memset
 .text._sbrk_r  0x00000000080096e0       0x24 C:/ST/STM32CubeIDE_1.13.0/STM32CubeIDE/plugins/com.st.stm32cube.ide.mcu.externaltools.gnu-tools-for-stm32.11.3.rel1.win32_1.1.0.202305231506/tools/bin/../lib/gcc/arm-none-eabi/11.3.1/../../../../arm-none-eabi/lib/thumb/v6-m/nofp\libc_nano.a(libc_a-sbrkr.o)
                0x00000000080096e0                _sbrk_r
 .text.__errno  0x0000000008009704        0xc C:/ST/STM32CubeIDE_1.13.0/STM32CubeIDE/plugins/com.st.stm32cube.ide.mcu.externaltools.gnu-tools-for-stm32.11.3.rel1.win32_1.1.0.202305231506/tools/bin/../lib/gcc/arm-none-eabi/11.3.1/../../../../arm-none-eabi/lib/thumb/v6-m/nofp\libc_nano.a(libc_a-errno.o)
                0x0000000008009704                __errno
 .text.__libc_init_array
                0x0000000008009710       0x48 C:/ST/STM32CubeIDE_1.13.0/STM32CubeIDE/plugins/com.st.stm32cube.ide.mcu.externaltools.gnu-tools-for-stm32.11.3.rel1.win32_1.1.0.202305231506/tools/bin/../lib/gcc/arm-none-eabi/11.3.1/../../../../arm-none-eabi/lib/thumb/v6-m/nofp\libc_nano.a(libc_a-init.o)
                0x0000000008009710                __libc_init_array
 .text.__retarget_lock_acquire_recursive
                0x0000000008009758        0x2 C:/ST/STM32CubeIDE_1.13.0/STM32CubeIDE/plugins/com.st.stm32cube.ide.mcu.externaltools.gnu-tools-for-stm32.11.3.rel1.win32_1.1.0.202305231506/tools/bin/../lib/gcc/arm-none-eabi/11.3.1/../../../../arm-none-eabi/lib/thumb/v6-m/nofp\libc_nano.a(libc_a-lock.o)
                0x0000000008009758                __retarget_lock_acquire_recursive
 .text.__retarget_lock_release_recursive
                0x000000000800975a        0x2 C:/ST/STM32CubeIDE_1.13.0/STM32CubeIDE/plugins/com.st.stm32cube.ide.mcu.externaltools.gnu-tools-for-stm32.11.3.rel1.win32_1.1.0.202305231506/tools/bin/../lib/gcc/arm-none-eabi/11.3.1/../../../../arm-none-eabi/lib/thumb/v6-m/nofp\libc_nano.a(libc_a-lock.o)
                0x000000000800975a                __retarget_lock_release_recursive
 .text.__register_exitproc
                0x000000000800975c       0xc0 C:/ST/STM32CubeIDE_1.13.0/STM32CubeIDE/plugins/com.st.stm32cube.ide.mcu.externaltools.gnu-tools-for-stm32.11.3.rel1.win32_1.1.0.202305231506/tools/bin/../lib/gcc/arm-none-eabi/11.3.1/../../../../arm-none-eabi/lib/thumb/v6-m/nofp\libc_nano.a(libc_a-__atexit.o)
                0x000000000800975c                __register_exitproc
 .text._free_r  0x000000000800981c       0x94 C:/ST/STM32CubeIDE_1.13.0/STM32CubeIDE/plugins/com.st.stm32cube.ide.mcu.externaltools.gnu-tools-for-stm32.11.3.rel1.win32_1.1.0.202305231506/tools/bin/../lib/gcc/arm-none-eabi/11.3.1/../../../../arm-none-eabi/lib/thumb/v6-m/nofp\libc_nano.a(libc_a-freer.o)
                0x000000000800981c                _free_r
 *(.glue_7)
 .glue_7        0x00000000080098b0        0x0 linker stubs
 *(.glue_7t)
 .glue_7t       0x00000000080098b0        0x0 linker stubs
 *(.eh_frame)
 .eh_frame      0x00000000080098b0        0x0 C:/ST/STM32CubeIDE_1.13.0/STM32CubeIDE/plugins/com.st.stm32cube.ide.mcu.externaltools.gnu-tools-for-stm32.11.3.rel1.win32_1.1.0.202305231506/tools/bin/../lib/gcc/arm-none-eabi/11.3.1/thumb/v6-m/nofp/crtbegin.o
 *(.init)
 .init          0x00000000080098b0        0x4 C:/ST/STM32CubeIDE_1.13.0/STM32CubeIDE/plugins/com.st.stm32cube.ide.mcu.externaltools.gnu-tools-for-stm32.11.3.rel1.win32_1.1.0.202305231506/tools/bin/../lib/gcc/arm-none-eabi/11.3.1/thumb/v6-m/nofp/crti.o
                0x00000000080098b0                _init
 .init          0x00000000080098b4        0x8 C:/ST/STM32CubeIDE_1.13.0/STM32CubeIDE/plugins/com.st.stm32cube.ide.mcu.externaltools.gnu-tools-for-stm32.11.3.rel1.win32_1.1.0.202305231506/tools/bin/../lib/gcc/arm-none-eabi/11.3.1/thumb/v6-m/nofp/crtn.o
 *(.fini)
 .fini          0x00000000080098bc        0x4 C:/ST/STM32CubeIDE_1.13.0/STM32CubeIDE/plugins/com.st.stm32cube.ide.mcu.externaltools.gnu-tools-for-stm32.11.3.rel1.win32_1.1.0.202305231506/tools/bin/../lib/gcc/arm-none-eabi/11.3.1/thumb/v6-m/nofp/crti.o
                0x00000000080098bc                _fini
 .fini          0x00000000080098c0        0x8 C:/ST/STM32CubeIDE_1.13.0/STM32CubeIDE/plugins/com.st.stm32cube.ide.mcu.externaltools.gnu-tools-for-stm32.11.3.rel1.win32_1.1.0.202305231506/tools/bin/../lib/gcc/arm-none-eabi/11.3.1/thumb/v6-m/nofp/crtn.o
                0x00000000080098c8                . = ALIGN (0x4)
                0x00000000080098c8                _etext = .

.vfp11_veneer   0x00000000080098c8        0x0
 .vfp11_veneer  0x00000000080098c8        0x0 linker stubs

.v4_bx          0x00000000080098c8        0x0
 .v4_bx         0x00000000080098c8        0x0 linker stubs

.iplt           0x00000000080098c8        0x0
 .iplt          0x00000000080098c8        0x0 C:/ST/STM32CubeIDE_1.13.0/STM32CubeIDE/plugins/com.st.stm32cube.ide.mcu.externaltools.gnu-tools-for-stm32.11.3.rel1.win32_1.1.0.202305231506/tools/bin/../lib/gcc/arm-none-eabi/11.3.1/thumb/v6-m/nofp/crtbegin.o

.rodata         0x00000000080098c8      0x284
                0x00000000080098c8                . = ALIGN (0x4)
 *(.rodata)
 .rodata        0x00000000080098c8       0x80 C:/ST/STM32CubeIDE_1.13.0/STM32CubeIDE/plugins/com.st.stm32cube.ide.mcu.externaltools.gnu-tools-for-stm32.11.3.rel1.win32_1.1.0.202305231506/tools/bin/../lib/gcc/arm-none-eabi/11.3.1/thumb/v6-m/nofp\libgcc.a(divsf3.o)
 .rodata        0x0000000008009948       0x40 C:/ST/STM32CubeIDE_1.13.0/STM32CubeIDE/plugins/com.st.stm32cube.ide.mcu.externaltools.gnu-tools-for-stm32.11.3.rel1.win32_1.1.0.202305231506/tools/bin/../lib/gcc/arm-none-eabi/11.3.1/thumb/v6-m/nofp\libgcc.a(divdf3.o)
 *(.rodata*)
 .rodata._ZTV9ADC_STM32
                0x0000000008009988       0x10 ./Core/Src/Components/ADC_STM32.o
                0x0000000008009988                vtable for ADC_STM32
 .rodata._ZN10BrushServo18UartRxCpltCallbackEv
                0x0000000008009998       0x24 ./Core/Src/Components/BrushServo.o
 .rodata._ZTV10BrushServo
                0x00000000080099bc       0x10 ./Core/Src/Components/BrushServo.o
                0x00000000080099bc                vtable for BrushServo
 .rodata._ZTV6INA1X9
                0x00000000080099cc       0x10 ./Core/Src/Components/INA1X9.o
                0x00000000080099cc                vtable for INA1X9
 .rodata._ZTV12Motor_IR4427
                0x00000000080099dc       0x10 ./Core/Src/Components/Motor_IR4427.o
                0x00000000080099dc                vtable for Motor_IR4427
 .rodata._ZN13PWM_Pin_STM328setCycleEf
                0x00000000080099ec       0x54 ./Core/Src/Components/PWM_Pin_STM32.o
 .rodata._ZTV13PWM_Pin_STM32
                0x0000000008009a40       0x10 ./Core/Src/Components/PWM_Pin_STM32.o
                0x0000000008009a40                vtable for PWM_Pin_STM32
 .rodata._ZTV13Potentiometer
                0x0000000008009a50       0x10 ./Core/Src/Components/Potentiometer.o
                0x0000000008009a50                vtable for Potentiometer
 .rodata._ZTV8VinMeter
                0x0000000008009a60       0x10 ./Core/Src/Components/VinMeter.o
                0x0000000008009a60                vtable for VinMeter
 .rodata.AHBPrescTable
                0x0000000008009a70       0x40 ./Core/Src/system_stm32g0xx.o
                0x0000000008009a70                AHBPrescTable
 .rodata.APBPrescTable
                0x0000000008009ab0       0x20 ./Core/Src/system_stm32g0xx.o
                0x0000000008009ab0                APBPrescTable
 .rodata.HAL_TIM_PWM_ConfigChannel
                0x0000000008009ad0       0x54 ./Drivers/STM32G0xx_HAL_Driver/Src/stm32g0xx_hal_tim.o
 .rodata.UARTPrescTable
                0x0000000008009b24       0x18 ./Drivers/STM32G0xx_HAL_Driver/Src/stm32g0xx_hal_uart.o
                0x0000000008009b24                UARTPrescTable
 .rodata.numerator.1
                0x0000000008009b3c        0x8 ./Drivers/STM32G0xx_HAL_Driver/Src/stm32g0xx_hal_uart_ex.o
 .rodata.denominator.0
                0x0000000008009b44        0x8 ./Drivers/STM32G0xx_HAL_Driver/Src/stm32g0xx_hal_uart_ex.o
                0x0000000008009b4c                . = ALIGN (0x4)

.ARM.extab      0x0000000008009b4c        0x0
                0x0000000008009b4c                . = ALIGN (0x4)
 *(.ARM.extab* .gnu.linkonce.armextab.*)
                0x0000000008009b4c                . = ALIGN (0x4)

.ARM            0x0000000008009b4c        0x8
                0x0000000008009b4c                . = ALIGN (0x4)
                0x0000000008009b4c                __exidx_start = .
 *(.ARM.exidx*)
 .ARM.exidx     0x0000000008009b4c        0x8 C:/ST/STM32CubeIDE_1.13.0/STM32CubeIDE/plugins/com.st.stm32cube.ide.mcu.externaltools.gnu-tools-for-stm32.11.3.rel1.win32_1.1.0.202305231506/tools/bin/../lib/gcc/arm-none-eabi/11.3.1/thumb/v6-m/nofp\libgcc.a(_udivmoddi4.o)
                0x0000000008009b54                __exidx_end = .
                0x0000000008009b54                . = ALIGN (0x4)

.rel.dyn        0x0000000008009b54        0x0
 .rel.iplt      0x0000000008009b54        0x0 C:/ST/STM32CubeIDE_1.13.0/STM32CubeIDE/plugins/com.st.stm32cube.ide.mcu.externaltools.gnu-tools-for-stm32.11.3.rel1.win32_1.1.0.202305231506/tools/bin/../lib/gcc/arm-none-eabi/11.3.1/thumb/v6-m/nofp/crtbegin.o

.preinit_array  0x0000000008009b54        0x0
                0x0000000008009b54                . = ALIGN (0x4)
                0x0000000008009b54                PROVIDE (__preinit_array_start = .)
 *(.preinit_array*)
                0x0000000008009b54                PROVIDE (__preinit_array_end = .)
                0x0000000008009b54                . = ALIGN (0x4)

.init_array     0x0000000008009b54        0xc
                0x0000000008009b54                . = ALIGN (0x4)
                0x0000000008009b54                PROVIDE (__init_array_start = .)
 *(SORT_BY_NAME(.init_array.*))
 *(.init_array*)
 .init_array    0x0000000008009b54        0x4 C:/ST/STM32CubeIDE_1.13.0/STM32CubeIDE/plugins/com.st.stm32cube.ide.mcu.externaltools.gnu-tools-for-stm32.11.3.rel1.win32_1.1.0.202305231506/tools/bin/../lib/gcc/arm-none-eabi/11.3.1/thumb/v6-m/nofp/crtbegin.o
 .init_array    0x0000000008009b58        0x4 ./Core/Src/Components/ADC_STM32.o
 .init_array    0x0000000008009b5c        0x4 ./Core/Src/Components/BrushServo.o
                0x0000000008009b60                PROVIDE (__init_array_end = .)
                0x0000000008009b60                . = ALIGN (0x4)

.fini_array     0x0000000008009b60        0xc
                0x0000000008009b60                . = ALIGN (0x4)
                [!provide]                        PROVIDE (__fini_array_start = .)
 *(SORT_BY_NAME(.fini_array.*))
 *(.fini_array*)
 .fini_array    0x0000000008009b60        0x4 C:/ST/STM32CubeIDE_1.13.0/STM32CubeIDE/plugins/com.st.stm32cube.ide.mcu.externaltools.gnu-tools-for-stm32.11.3.rel1.win32_1.1.0.202305231506/tools/bin/../lib/gcc/arm-none-eabi/11.3.1/thumb/v6-m/nofp/crtbegin.o
 .fini_array    0x0000000008009b64        0x4 ./Core/Src/Components/ADC_STM32.o
 .fini_array    0x0000000008009b68        0x4 ./Core/Src/Components/BrushServo.o
                [!provide]                        PROVIDE (__fini_array_end = .)
                0x0000000008009b6c                . = ALIGN (0x4)
                0x0000000008009b6c                _sidata = LOADADDR (.data)

.data           0x0000000020000000       0x60 load address 0x0000000008009b6c
                0x0000000020000000                . = ALIGN (0x4)
                0x0000000020000000                _sdata = .
 *(.data)
 *(.data*)
 .data.SystemCoreClock
                0x0000000020000000        0x4 ./Core/Src/system_stm32g0xx.o
                0x0000000020000000                SystemCoreClock
 .data.uwTickPrio
                0x0000000020000004        0x4 ./Drivers/STM32G0xx_HAL_Driver/Src/stm32g0xx_hal.o
                0x0000000020000004                uwTickPrio
 .data.uwTickFreq
                0x0000000020000008        0x1 ./Drivers/STM32G0xx_HAL_Driver/Src/stm32g0xx_hal.o
                0x0000000020000008                uwTickFreq
 *fill*         0x0000000020000009        0x3 
 .data._impure_data
                0x000000002000000c       0x4c C:/ST/STM32CubeIDE_1.13.0/STM32CubeIDE/plugins/com.st.stm32cube.ide.mcu.externaltools.gnu-tools-for-stm32.11.3.rel1.win32_1.1.0.202305231506/tools/bin/../lib/gcc/arm-none-eabi/11.3.1/../../../../arm-none-eabi/lib/thumb/v6-m/nofp\libc_nano.a(libc_a-impure.o)
                0x000000002000000c                _impure_data
 .data._impure_ptr
                0x0000000020000058        0x4 C:/ST/STM32CubeIDE_1.13.0/STM32CubeIDE/plugins/com.st.stm32cube.ide.mcu.externaltools.gnu-tools-for-stm32.11.3.rel1.win32_1.1.0.202305231506/tools/bin/../lib/gcc/arm-none-eabi/11.3.1/../../../../arm-none-eabi/lib/thumb/v6-m/nofp\libc_nano.a(libc_a-impure.o)
                0x0000000020000058                _impure_ptr
 .data.__atexit_recursive_mutex
                0x000000002000005c        0x4 C:/ST/STM32CubeIDE_1.13.0/STM32CubeIDE/plugins/com.st.stm32cube.ide.mcu.externaltools.gnu-tools-for-stm32.11.3.rel1.win32_1.1.0.202305231506/tools/bin/../lib/gcc/arm-none-eabi/11.3.1/../../../../arm-none-eabi/lib/thumb/v6-m/nofp\libc_nano.a(libc_a-__call_atexit.o)
                0x000000002000005c                __atexit_recursive_mutex
 *(.RamFunc)
 *(.RamFunc*)
                0x0000000020000060                . = ALIGN (0x4)
                0x0000000020000060                _edata = .

.igot.plt       0x0000000020000060        0x0 load address 0x0000000008009bcc
 .igot.plt      0x0000000020000060        0x0 C:/ST/STM32CubeIDE_1.13.0/STM32CubeIDE/plugins/com.st.stm32cube.ide.mcu.externaltools.gnu-tools-for-stm32.11.3.rel1.win32_1.1.0.202305231506/tools/bin/../lib/gcc/arm-none-eabi/11.3.1/thumb/v6-m/nofp/crtbegin.o
                0x0000000020000060                . = ALIGN (0x4)

.bss            0x0000000020000060      0xb94 load address 0x0000000008009bcc
                0x0000000020000060                _sbss = .
                0x0000000020000060                __bss_start__ = _sbss
 *(.bss)
 .bss           0x0000000020000060       0x1c C:/ST/STM32CubeIDE_1.13.0/STM32CubeIDE/plugins/com.st.stm32cube.ide.mcu.externaltools.gnu-tools-for-stm32.11.3.rel1.win32_1.1.0.202305231506/tools/bin/../lib/gcc/arm-none-eabi/11.3.1/thumb/v6-m/nofp/crtbegin.o
 *(.bss*)
 .bss.adcSingleton
                0x000000002000007c       0x28 ./Core/Src/Components/ADC_STM32.o
                0x000000002000007c                adcSingleton
 .bss.ina       0x00000000200000a4       0x14 ./Core/Src/Components/BrushServo.o
                0x00000000200000a4                ina
 .bss.vin       0x00000000200000b8       0x14 ./Core/Src/Components/BrushServo.o
                0x00000000200000b8                vin
 .bss.potentiometer
                0x00000000200000cc        0xc ./Core/Src/Components/BrushServo.o
                0x00000000200000cc                potentiometer
 .bss.pwma      0x00000000200000d8       0x10 ./Core/Src/Components/BrushServo.o
                0x00000000200000d8                pwma
 .bss.pwmb      0x00000000200000e8       0x10 ./Core/Src/Components/BrushServo.o
                0x00000000200000e8                pwmb
 .bss.motor     0x00000000200000f8        0xc ./Core/Src/Components/BrushServo.o
                0x00000000200000f8                motor
 .bss._ZZN10BrushServo11getInstanceEvE19brushServoSingleton
                0x0000000020000104      0x3b4 ./Core/Src/Components/BrushServo.o
 .bss._ZGVZN10BrushServo11getInstanceEvE19brushServoSingleton
                0x00000000200004b8        0x4 ./Core/Src/Components/BrushServo.o
 .bss.hadc1     0x00000000200004bc       0x88 ./Core/Src/main.o
                0x00000000200004bc                hadc1
 .bss.hdma_adc1
                0x0000000020000544       0x5c ./Core/Src/main.o
                0x0000000020000544                hdma_adc1
 .bss.hlpuart1  0x00000000200005a0       0xcc ./Core/Src/main.o
                0x00000000200005a0                hlpuart1
 .bss.hdma_lpuart1_tx
                0x000000002000066c       0x5c ./Core/Src/main.o
                0x000000002000066c                hdma_lpuart1_tx
 .bss.hdma_lpuart1_rx
                0x00000000200006c8       0x5c ./Core/Src/main.o
                0x00000000200006c8                hdma_lpuart1_rx
 .bss.htim1     0x0000000020000724       0xbc ./Core/Src/main.o
                0x0000000020000724                htim1
 .bss.htim2     0x00000000200007e0       0xbc ./Core/Src/main.o
                0x00000000200007e0                htim2
 .bss.htim6     0x000000002000089c       0xbc ./Core/Src/main.o
                0x000000002000089c                htim6
 .bss.htim7     0x0000000020000958       0xbc ./Core/Src/stm32g0xx_hal_timebase_tim.o
                0x0000000020000958                htim7
 .bss.__sbrk_heap_end
                0x0000000020000a14        0x4 ./Core/Src/sysmem.o
 .bss.uwTick    0x0000000020000a18        0x4 ./Drivers/STM32G0xx_HAL_Driver/Src/stm32g0xx_hal.o
                0x0000000020000a18                uwTick
 .bss.__malloc_free_list
                0x0000000020000a1c        0x4 C:/ST/STM32CubeIDE_1.13.0/STM32CubeIDE/plugins/com.st.stm32cube.ide.mcu.externaltools.gnu-tools-for-stm32.11.3.rel1.win32_1.1.0.202305231506/tools/bin/../lib/gcc/arm-none-eabi/11.3.1/../../../../arm-none-eabi/lib/thumb/v6-m/nofp\libc_nano.a(libc_a-mallocr.o)
                0x0000000020000a1c                __malloc_free_list
 .bss.__malloc_sbrk_start
                0x0000000020000a20        0x4 C:/ST/STM32CubeIDE_1.13.0/STM32CubeIDE/plugins/com.st.stm32cube.ide.mcu.externaltools.gnu-tools-for-stm32.11.3.rel1.win32_1.1.0.202305231506/tools/bin/../lib/gcc/arm-none-eabi/11.3.1/../../../../arm-none-eabi/lib/thumb/v6-m/nofp\libc_nano.a(libc_a-mallocr.o)
                0x0000000020000a20                __malloc_sbrk_start
 .bss.__sf      0x0000000020000a24      0x138 C:/ST/STM32CubeIDE_1.13.0/STM32CubeIDE/plugins/com.st.stm32cube.ide.mcu.externaltools.gnu-tools-for-stm32.11.3.rel1.win32_1.1.0.202305231506/tools/bin/../lib/gcc/arm-none-eabi/11.3.1/../../../../arm-none-eabi/lib/thumb/v6-m/nofp\libc_nano.a(libc_a-findfp.o)
                0x0000000020000a24                __sf
 .bss.errno     0x0000000020000b5c        0x4 C:/ST/STM32CubeIDE_1.13.0/STM32CubeIDE/plugins/com.st.stm32cube.ide.mcu.externaltools.gnu-tools-for-stm32.11.3.rel1.win32_1.1.0.202305231506/tools/bin/../lib/gcc/arm-none-eabi/11.3.1/../../../../arm-none-eabi/lib/thumb/v6-m/nofp\libc_nano.a(libc_a-reent.o)
                0x0000000020000b5c                errno
 .bss.__lock___atexit_recursive_mutex
                0x0000000020000b60        0x1 C:/ST/STM32CubeIDE_1.13.0/STM32CubeIDE/plugins/com.st.stm32cube.ide.mcu.externaltools.gnu-tools-for-stm32.11.3.rel1.win32_1.1.0.202305231506/tools/bin/../lib/gcc/arm-none-eabi/11.3.1/../../../../arm-none-eabi/lib/thumb/v6-m/nofp\libc_nano.a(libc_a-lock.o)
                0x0000000020000b60                __lock___atexit_recursive_mutex
 .bss.__lock___malloc_recursive_mutex
                0x0000000020000b61        0x1 C:/ST/STM32CubeIDE_1.13.0/STM32CubeIDE/plugins/com.st.stm32cube.ide.mcu.externaltools.gnu-tools-for-stm32.11.3.rel1.win32_1.1.0.202305231506/tools/bin/../lib/gcc/arm-none-eabi/11.3.1/../../../../arm-none-eabi/lib/thumb/v6-m/nofp\libc_nano.a(libc_a-lock.o)
                0x0000000020000b61                __lock___malloc_recursive_mutex
 *fill*         0x0000000020000b62        0x2 
 .bss.__atexit0
                0x0000000020000b64       0x8c C:/ST/STM32CubeIDE_1.13.0/STM32CubeIDE/plugins/com.st.stm32cube.ide.mcu.externaltools.gnu-tools-for-stm32.11.3.rel1.win32_1.1.0.202305231506/tools/bin/../lib/gcc/arm-none-eabi/11.3.1/../../../../arm-none-eabi/lib/thumb/v6-m/nofp\libc_nano.a(libc_a-__atexit.o)
                0x0000000020000b64                __atexit0
 .bss.__atexit  0x0000000020000bf0        0x4 C:/ST/STM32CubeIDE_1.13.0/STM32CubeIDE/plugins/com.st.stm32cube.ide.mcu.externaltools.gnu-tools-for-stm32.11.3.rel1.win32_1.1.0.202305231506/tools/bin/../lib/gcc/arm-none-eabi/11.3.1/../../../../arm-none-eabi/lib/thumb/v6-m/nofp\libc_nano.a(libc_a-__call_atexit.o)
                0x0000000020000bf0                __atexit
 *(COMMON)
                0x0000000020000bf4                . = ALIGN (0x4)
                0x0000000020000bf4                _ebss = .
                0x0000000020000bf4                __bss_end__ = _ebss

._user_heap_stack
                0x0000000020000bf4      0x604 load address 0x0000000008009bcc
                0x0000000020000bf8                . = ALIGN (0x8)
 *fill*         0x0000000020000bf4        0x4 
                [!provide]                        PROVIDE (end = .)
                0x0000000020000bf8                PROVIDE (_end = .)
                0x0000000020000df8                . = (. + _Min_Heap_Size)
 *fill*         0x0000000020000bf8      0x200 
                0x00000000200011f8                . = (. + _Min_Stack_Size)
 *fill*         0x0000000020000df8      0x400 
                0x00000000200011f8                . = ALIGN (0x8)

/DISCARD/
 libc.a(*)
 libm.a(*)
 libgcc.a(*)

.ARM.attributes
                0x0000000000000000       0x28
 *(.ARM.attributes)
 .ARM.attributes
                0x0000000000000000       0x1e C:/ST/STM32CubeIDE_1.13.0/STM32CubeIDE/plugins/com.st.stm32cube.ide.mcu.externaltools.gnu-tools-for-stm32.11.3.rel1.win32_1.1.0.202305231506/tools/bin/../lib/gcc/arm-none-eabi/11.3.1/thumb/v6-m/nofp/crti.o
 .ARM.attributes
                0x000000000000001e       0x2c C:/ST/STM32CubeIDE_1.13.0/STM32CubeIDE/plugins/com.st.stm32cube.ide.mcu.externaltools.gnu-tools-for-stm32.11.3.rel1.win32_1.1.0.202305231506/tools/bin/../lib/gcc/arm-none-eabi/11.3.1/thumb/v6-m/nofp/crtbegin.o
 .ARM.attributes
                0x000000000000004a       0x2c ./Core/Src/Components/ADC_STM32.o
 .ARM.attributes
                0x0000000000000076       0x2c ./Core/Src/Components/BrushServo.o
 .ARM.attributes
                0x00000000000000a2       0x2c ./Core/Src/Components/INA1X9.o
 .ARM.attributes
                0x00000000000000ce       0x2c ./Core/Src/Components/Motor_IR4427.o
 .ARM.attributes
                0x00000000000000fa       0x2c ./Core/Src/Components/PWM_Pin_STM32.o
 .ARM.attributes
                0x0000000000000126       0x2c ./Core/Src/Components/Potentiometer.o
 .ARM.attributes
                0x0000000000000152       0x2c ./Core/Src/Components/VinMeter.o
 .ARM.attributes
                0x000000000000017e       0x2c ./Core/Src/Components/start.o
 .ARM.attributes
                0x00000000000001aa       0x2c ./Core/Src/main.o
 .ARM.attributes
                0x00000000000001d6       0x2c ./Core/Src/stm32g0xx_hal_msp.o
 .ARM.attributes
                0x0000000000000202       0x2c ./Core/Src/stm32g0xx_hal_timebase_tim.o
 .ARM.attributes
                0x000000000000022e       0x2c ./Core/Src/stm32g0xx_it.o
 .ARM.attributes
                0x000000000000025a       0x2c ./Core/Src/sysmem.o
 .ARM.attributes
                0x0000000000000286       0x2c ./Core/Src/system_stm32g0xx.o
 .ARM.attributes
                0x00000000000002b2       0x22 ./Core/Startup/startup_stm32g071cbtx.o
 .ARM.attributes
                0x00000000000002d4       0x2c ./Drivers/STM32G0xx_HAL_Driver/Src/stm32g0xx_hal.o
 .ARM.attributes
                0x0000000000000300       0x2c ./Drivers/STM32G0xx_HAL_Driver/Src/stm32g0xx_hal_adc.o
 .ARM.attributes
                0x000000000000032c       0x2c ./Drivers/STM32G0xx_HAL_Driver/Src/stm32g0xx_hal_adc_ex.o
 .ARM.attributes
                0x0000000000000358       0x2c ./Drivers/STM32G0xx_HAL_Driver/Src/stm32g0xx_hal_cortex.o
 .ARM.attributes
                0x0000000000000384       0x2c ./Drivers/STM32G0xx_HAL_Driver/Src/stm32g0xx_hal_dma.o
 .ARM.attributes
                0x00000000000003b0       0x2c ./Drivers/STM32G0xx_HAL_Driver/Src/stm32g0xx_hal_gpio.o
 .ARM.attributes
                0x00000000000003dc       0x2c ./Drivers/STM32G0xx_HAL_Driver/Src/stm32g0xx_hal_pwr_ex.o
 .ARM.attributes
                0x0000000000000408       0x2c ./Drivers/STM32G0xx_HAL_Driver/Src/stm32g0xx_hal_rcc.o
 .ARM.attributes
                0x0000000000000434       0x2c ./Drivers/STM32G0xx_HAL_Driver/Src/stm32g0xx_hal_rcc_ex.o
 .ARM.attributes
                0x0000000000000460       0x2c ./Drivers/STM32G0xx_HAL_Driver/Src/stm32g0xx_hal_tim.o
 .ARM.attributes
                0x000000000000048c       0x2c ./Drivers/STM32G0xx_HAL_Driver/Src/stm32g0xx_hal_tim_ex.o
 .ARM.attributes
                0x00000000000004b8       0x2c ./Drivers/STM32G0xx_HAL_Driver/Src/stm32g0xx_hal_uart.o
 .ARM.attributes
                0x00000000000004e4       0x2c ./Drivers/STM32G0xx_HAL_Driver/Src/stm32g0xx_hal_uart_ex.o
 .ARM.attributes
                0x0000000000000510       0x2c C:/ST/STM32CubeIDE_1.13.0/STM32CubeIDE/plugins/com.st.stm32cube.ide.mcu.externaltools.gnu-tools-for-stm32.11.3.rel1.win32_1.1.0.202305231506/tools/bin/../lib/gcc/arm-none-eabi/11.3.1/../../../../arm-none-eabi/lib/thumb/v6-m/nofp\libstdc++_nano.a(del_ops.o)
 .ARM.attributes
                0x000000000000053c       0x2c C:/ST/STM32CubeIDE_1.13.0/STM32CubeIDE/plugins/com.st.stm32cube.ide.mcu.externaltools.gnu-tools-for-stm32.11.3.rel1.win32_1.1.0.202305231506/tools/bin/../lib/gcc/arm-none-eabi/11.3.1/../../../../arm-none-eabi/lib/thumb/v6-m/nofp\libstdc++_nano.a(guard.o)
 .ARM.attributes
                0x0000000000000568       0x2c C:/ST/STM32CubeIDE_1.13.0/STM32CubeIDE/plugins/com.st.stm32cube.ide.mcu.externaltools.gnu-tools-for-stm32.11.3.rel1.win32_1.1.0.202305231506/tools/bin/../lib/gcc/arm-none-eabi/11.3.1/../../../../arm-none-eabi/lib/thumb/v6-m/nofp\libstdc++_nano.a(del_op.o)
 .ARM.attributes
                0x0000000000000594       0x2c C:/ST/STM32CubeIDE_1.13.0/STM32CubeIDE/plugins/com.st.stm32cube.ide.mcu.externaltools.gnu-tools-for-stm32.11.3.rel1.win32_1.1.0.202305231506/tools/bin/../lib/gcc/arm-none-eabi/11.3.1/../../../../arm-none-eabi/lib/thumb/v6-m/nofp\libc_nano.a(libc_a-atexit.o)
 .ARM.attributes
                0x00000000000005c0       0x2c C:/ST/STM32CubeIDE_1.13.0/STM32CubeIDE/plugins/com.st.stm32cube.ide.mcu.externaltools.gnu-tools-for-stm32.11.3.rel1.win32_1.1.0.202305231506/tools/bin/../lib/gcc/arm-none-eabi/11.3.1/../../../../arm-none-eabi/lib/thumb/v6-m/nofp\libc_nano.a(libc_a-malloc.o)
 .ARM.attributes
                0x00000000000005ec       0x2c C:/ST/STM32CubeIDE_1.13.0/STM32CubeIDE/plugins/com.st.stm32cube.ide.mcu.externaltools.gnu-tools-for-stm32.11.3.rel1.win32_1.1.0.202305231506/tools/bin/../lib/gcc/arm-none-eabi/11.3.1/../../../../arm-none-eabi/lib/thumb/v6-m/nofp\libc_nano.a(libc_a-mallocr.o)
 .ARM.attributes
                0x0000000000000618       0x2c C:/ST/STM32CubeIDE_1.13.0/STM32CubeIDE/plugins/com.st.stm32cube.ide.mcu.externaltools.gnu-tools-for-stm32.11.3.rel1.win32_1.1.0.202305231506/tools/bin/../lib/gcc/arm-none-eabi/11.3.1/../../../../arm-none-eabi/lib/thumb/v6-m/nofp\libc_nano.a(libc_a-mlock.o)
 .ARM.attributes
                0x0000000000000644       0x2c C:/ST/STM32CubeIDE_1.13.0/STM32CubeIDE/plugins/com.st.stm32cube.ide.mcu.externaltools.gnu-tools-for-stm32.11.3.rel1.win32_1.1.0.202305231506/tools/bin/../lib/gcc/arm-none-eabi/11.3.1/../../../../arm-none-eabi/lib/thumb/v6-m/nofp\libc_nano.a(libc_a-findfp.o)
 .ARM.attributes
                0x0000000000000670       0x2c C:/ST/STM32CubeIDE_1.13.0/STM32CubeIDE/plugins/com.st.stm32cube.ide.mcu.externaltools.gnu-tools-for-stm32.11.3.rel1.win32_1.1.0.202305231506/tools/bin/../lib/gcc/arm-none-eabi/11.3.1/../../../../arm-none-eabi/lib/thumb/v6-m/nofp\libc_nano.a(libc_a-memset.o)
 .ARM.attributes
                0x000000000000069c       0x2c C:/ST/STM32CubeIDE_1.13.0/STM32CubeIDE/plugins/com.st.stm32cube.ide.mcu.externaltools.gnu-tools-for-stm32.11.3.rel1.win32_1.1.0.202305231506/tools/bin/../lib/gcc/arm-none-eabi/11.3.1/../../../../arm-none-eabi/lib/thumb/v6-m/nofp\libc_nano.a(libc_a-reent.o)
 .ARM.attributes
                0x00000000000006c8       0x2c C:/ST/STM32CubeIDE_1.13.0/STM32CubeIDE/plugins/com.st.stm32cube.ide.mcu.externaltools.gnu-tools-for-stm32.11.3.rel1.win32_1.1.0.202305231506/tools/bin/../lib/gcc/arm-none-eabi/11.3.1/../../../../arm-none-eabi/lib/thumb/v6-m/nofp\libc_nano.a(libc_a-impure.o)
 .ARM.attributes
                0x00000000000006f4       0x2c C:/ST/STM32CubeIDE_1.13.0/STM32CubeIDE/plugins/com.st.stm32cube.ide.mcu.externaltools.gnu-tools-for-stm32.11.3.rel1.win32_1.1.0.202305231506/tools/bin/../lib/gcc/arm-none-eabi/11.3.1/../../../../arm-none-eabi/lib/thumb/v6-m/nofp\libc_nano.a(libc_a-sbrkr.o)
 .ARM.attributes
                0x0000000000000720       0x2c C:/ST/STM32CubeIDE_1.13.0/STM32CubeIDE/plugins/com.st.stm32cube.ide.mcu.externaltools.gnu-tools-for-stm32.11.3.rel1.win32_1.1.0.202305231506/tools/bin/../lib/gcc/arm-none-eabi/11.3.1/../../../../arm-none-eabi/lib/thumb/v6-m/nofp\libc_nano.a(libc_a-errno.o)
 .ARM.attributes
                0x000000000000074c       0x2c C:/ST/STM32CubeIDE_1.13.0/STM32CubeIDE/plugins/com.st.stm32cube.ide.mcu.externaltools.gnu-tools-for-stm32.11.3.rel1.win32_1.1.0.202305231506/tools/bin/../lib/gcc/arm-none-eabi/11.3.1/../../../../arm-none-eabi/lib/thumb/v6-m/nofp\libc_nano.a(libc_a-init.o)
 .ARM.attributes
                0x0000000000000778       0x2c C:/ST/STM32CubeIDE_1.13.0/STM32CubeIDE/plugins/com.st.stm32cube.ide.mcu.externaltools.gnu-tools-for-stm32.11.3.rel1.win32_1.1.0.202305231506/tools/bin/../lib/gcc/arm-none-eabi/11.3.1/../../../../arm-none-eabi/lib/thumb/v6-m/nofp\libc_nano.a(libc_a-lock.o)
 .ARM.attributes
                0x00000000000007a4       0x2c C:/ST/STM32CubeIDE_1.13.0/STM32CubeIDE/plugins/com.st.stm32cube.ide.mcu.externaltools.gnu-tools-for-stm32.11.3.rel1.win32_1.1.0.202305231506/tools/bin/../lib/gcc/arm-none-eabi/11.3.1/../../../../arm-none-eabi/lib/thumb/v6-m/nofp\libc_nano.a(libc_a-__atexit.o)
 .ARM.attributes
                0x00000000000007d0       0x2c C:/ST/STM32CubeIDE_1.13.0/STM32CubeIDE/plugins/com.st.stm32cube.ide.mcu.externaltools.gnu-tools-for-stm32.11.3.rel1.win32_1.1.0.202305231506/tools/bin/../lib/gcc/arm-none-eabi/11.3.1/../../../../arm-none-eabi/lib/thumb/v6-m/nofp\libc_nano.a(libc_a-__call_atexit.o)
 .ARM.attributes
                0x00000000000007fc       0x2c C:/ST/STM32CubeIDE_1.13.0/STM32CubeIDE/plugins/com.st.stm32cube.ide.mcu.externaltools.gnu-tools-for-stm32.11.3.rel1.win32_1.1.0.202305231506/tools/bin/../lib/gcc/arm-none-eabi/11.3.1/../../../../arm-none-eabi/lib/thumb/v6-m/nofp\libc_nano.a(libc_a-freer.o)
 .ARM.attributes
                0x0000000000000828       0x1e C:/ST/STM32CubeIDE_1.13.0/STM32CubeIDE/plugins/com.st.stm32cube.ide.mcu.externaltools.gnu-tools-for-stm32.11.3.rel1.win32_1.1.0.202305231506/tools/bin/../lib/gcc/arm-none-eabi/11.3.1/thumb/v6-m/nofp\libgcc.a(_udivsi3.o)
 .ARM.attributes
                0x0000000000000846       0x1e C:/ST/STM32CubeIDE_1.13.0/STM32CubeIDE/plugins/com.st.stm32cube.ide.mcu.externaltools.gnu-tools-for-stm32.11.3.rel1.win32_1.1.0.202305231506/tools/bin/../lib/gcc/arm-none-eabi/11.3.1/thumb/v6-m/nofp\libgcc.a(_divsi3.o)
 .ARM.attributes
                0x0000000000000864       0x1e C:/ST/STM32CubeIDE_1.13.0/STM32CubeIDE/plugins/com.st.stm32cube.ide.mcu.externaltools.gnu-tools-for-stm32.11.3.rel1.win32_1.1.0.202305231506/tools/bin/../lib/gcc/arm-none-eabi/11.3.1/thumb/v6-m/nofp\libgcc.a(_dvmd_tls.o)
 .ARM.attributes
                0x0000000000000882       0x1e C:/ST/STM32CubeIDE_1.13.0/STM32CubeIDE/plugins/com.st.stm32cube.ide.mcu.externaltools.gnu-tools-for-stm32.11.3.rel1.win32_1.1.0.202305231506/tools/bin/../lib/gcc/arm-none-eabi/11.3.1/thumb/v6-m/nofp\libgcc.a(_arm_cmpsf2.o)
 .ARM.attributes
                0x00000000000008a0       0x1e C:/ST/STM32CubeIDE_1.13.0/STM32CubeIDE/plugins/com.st.stm32cube.ide.mcu.externaltools.gnu-tools-for-stm32.11.3.rel1.win32_1.1.0.202305231506/tools/bin/../lib/gcc/arm-none-eabi/11.3.1/thumb/v6-m/nofp\libgcc.a(_aeabi_uldivmod.o)
 .ARM.attributes
                0x00000000000008be       0x2c C:/ST/STM32CubeIDE_1.13.0/STM32CubeIDE/plugins/com.st.stm32cube.ide.mcu.externaltools.gnu-tools-for-stm32.11.3.rel1.win32_1.1.0.202305231506/tools/bin/../lib/gcc/arm-none-eabi/11.3.1/thumb/v6-m/nofp\libgcc.a(_fixunssfsi.o)
 .ARM.attributes
                0x00000000000008ea       0x2c C:/ST/STM32CubeIDE_1.13.0/STM32CubeIDE/plugins/com.st.stm32cube.ide.mcu.externaltools.gnu-tools-for-stm32.11.3.rel1.win32_1.1.0.202305231506/tools/bin/../lib/gcc/arm-none-eabi/11.3.1/thumb/v6-m/nofp\libgcc.a(_udivmoddi4.o)
 .ARM.attributes
                0x0000000000000916       0x2c C:/ST/STM32CubeIDE_1.13.0/STM32CubeIDE/plugins/com.st.stm32cube.ide.mcu.externaltools.gnu-tools-for-stm32.11.3.rel1.win32_1.1.0.202305231506/tools/bin/../lib/gcc/arm-none-eabi/11.3.1/thumb/v6-m/nofp\libgcc.a(addsf3.o)
 .ARM.attributes
                0x0000000000000942       0x2c C:/ST/STM32CubeIDE_1.13.0/STM32CubeIDE/plugins/com.st.stm32cube.ide.mcu.externaltools.gnu-tools-for-stm32.11.3.rel1.win32_1.1.0.202305231506/tools/bin/../lib/gcc/arm-none-eabi/11.3.1/thumb/v6-m/nofp\libgcc.a(divsf3.o)
 .ARM.attributes