../Core/Src/main.c:78:5:main	8	static
../Core/Src/main.c:131:6:SystemClock_Config	96	static
../Core/Src/main.c:178:13:MX_ADC1_Init	24	static
../Core/Src/main.c:225:13:MX_TIM3_Init	48	static
../Core/Src/main.c:278:13:MX_TIM6_Init	16	static
../Core/Src/main.c:316:13:MX_USART1_UART_Init	8	static
../Core/Src/main.c:349:13:MX_USART3_UART_Init	8	static
../Core/Src/main.c:380:13:MX_DMA_Init	16	static
../Core/Src/main.c:401:13:MX_GPIO_Init	40	static
../Core/Src/main.c:431:6:Error_Handler	4	static,ignoring_inline_asm
