../Core/Src/main.c:78:5:main	8	static
../Core/Src/main.c:130:6:SystemClock_Config	96	static
../Core/Src/main.c:177:13:MX_ADC1_Init	24	static
../Core/Src/main.c:224:13:MX_TIM3_Init	48	static
../Core/Src/main.c:277:13:MX_TIM6_Init	16	static
../Core/Src/main.c:315:13:MX_USART1_UART_Init	8	static
../Core/Src/main.c:348:13:MX_USART3_UART_Init	8	static
../Core/Src/main.c:379:13:MX_DMA_Init	16	static
../Core/Src/main.c:400:13:MX_GPIO_Init	40	static
../Core/Src/main.c:430:6:Error_Handler	4	static,ignoring_inline_asm
